Component: ARM Compiler 5.06 update 7 (build 960) Tool: armlink [4d3601]

==============================================================================

Section Cross References

    main.o(i.main) refers to eos_main.o(i.os_main) for os_main
    led.o(i.LED_Init) refers to stm32f0xx_rcc.o(i.RCC_AHBPeriphClockCmd) for RCC_AHBPeriphClockCmd
    led.o(i.LED_Init) refers to stm32f0xx_gpio.o(i.GPIO_Init) for GPIO_Init
    led.o(i.LED_OFF) refers to stm32f0xx_gpio.o(i.GPIO_SetBits) for GPIO_SetBits
    led.o(i.LED_ON) refers to stm32f0xx_gpio.o(i.GPIO_ResetBits) for GPIO_ResetBits
    usart.o(i.USART1_IRQHandler) refers to stm32f0xx_usart.o(i.USART_GetITStatus) for USART_GetITStatus
    usart.o(i.USART1_IRQHandler) refers to stm32f0xx_usart.o(i.USART_ClearFlag) for USART_ClearFlag
    usart.o(i.USART1_IRQHandler) refers to stm32f0xx_usart.o(i.USART_ClearITPendingBit) for USART_ClearITPendingBit
    usart.o(i.USART1_IRQHandler) refers to stm32f0xx_usart.o(i.USART_ReceiveData) for USART_ReceiveData
    usart.o(i.USART1_IRQHandler) refers to eos_plugin_shell.o(i.os_shell_input) for os_shell_input
    usart.o(i.USART1_Init) refers to stm32f0xx_rcc.o(i.RCC_AHBPeriphClockCmd) for RCC_AHBPeriphClockCmd
    usart.o(i.USART1_Init) refers to stm32f0xx_rcc.o(i.RCC_APB2PeriphClockCmd) for RCC_APB2PeriphClockCmd
    usart.o(i.USART1_Init) refers to stm32f0xx_gpio.o(i.GPIO_PinAFConfig) for GPIO_PinAFConfig
    usart.o(i.USART1_Init) refers to stm32f0xx_gpio.o(i.GPIO_Init) for GPIO_Init
    usart.o(i.USART1_Init) refers to stm32f0xx_usart.o(i.USART_Init) for USART_Init
    usart.o(i.USART1_Init) refers to stm32f0xx_usart.o(i.USART_ITConfig) for USART_ITConfig
    usart.o(i.USART1_Init) refers to stm32f0xx_usart.o(i.USART_Cmd) for USART_Cmd
    usart.o(i.USART1_Init) refers to stm32f0xx_misc.o(i.NVIC_Init) for NVIC_Init
    startup_stm32f0xx.o(RESET) refers to startup_stm32f0xx.o(STACK) for __initial_sp
    startup_stm32f0xx.o(RESET) refers to startup_stm32f0xx.o(.text) for Reset_Handler
    startup_stm32f0xx.o(RESET) refers to stm32f0xx_it.o(i.NMI_Handler) for NMI_Handler
    startup_stm32f0xx.o(RESET) refers to stm32f0xx_it.o(i.SVC_Handler) for SVC_Handler
    startup_stm32f0xx.o(RESET) refers to eos_port1.o(.text) for PendSV_Handler
    startup_stm32f0xx.o(RESET) refers to eos_port2.o(i.SysTick_Handler) for SysTick_Handler
    startup_stm32f0xx.o(RESET) refers to usart.o(i.USART1_IRQHandler) for USART1_IRQHandler
    startup_stm32f0xx.o(.text) refers to system_stm32f0xx.o(i.SystemInit) for SystemInit
    startup_stm32f0xx.o(.text) refers to entry.o(.ARM.Collect$$$$00000000) for __main
    stm32f0xx_gpio.o(i.GPIO_DeInit) refers to stm32f0xx_rcc.o(i.RCC_AHBPeriphResetCmd) for RCC_AHBPeriphResetCmd
    stm32f0xx_rcc.o(i.RCC_GetClocksFreq) refers to uidiv.o(.text) for __aeabi_uidivmod
    stm32f0xx_rcc.o(i.RCC_GetClocksFreq) refers to stm32f0xx_rcc.o(.data) for APBAHBPrescTable
    stm32f0xx_rcc.o(i.RCC_WaitForHSEStartUp) refers to stm32f0xx_rcc.o(i.RCC_GetFlagStatus) for RCC_GetFlagStatus
    stm32f0xx_usart.o(i.USART_DeInit) refers to stm32f0xx_rcc.o(i.RCC_APB2PeriphResetCmd) for RCC_APB2PeriphResetCmd
    stm32f0xx_usart.o(i.USART_DeInit) refers to stm32f0xx_rcc.o(i.RCC_APB1PeriphResetCmd) for RCC_APB1PeriphResetCmd
    stm32f0xx_usart.o(i.USART_Init) refers to stm32f0xx_rcc.o(i.RCC_GetClocksFreq) for RCC_GetClocksFreq
    stm32f0xx_usart.o(i.USART_Init) refers to uidiv.o(.text) for __aeabi_uidivmod
    system_stm32f0xx.o(i.SystemCoreClockUpdate) refers to uidiv.o(.text) for __aeabi_uidivmod
    system_stm32f0xx.o(i.SystemCoreClockUpdate) refers to system_stm32f0xx.o(.data) for SystemCoreClock
    system_stm32f0xx.o(i.SystemInit) refers to system_stm32f0xx.o(i.SetSysClock) for SetSysClock
    eos_main.o(i.app_led) refers to led.o(i.LED_ON) for LED_ON
    eos_main.o(i.app_led) refers to eos.o(i.os_lock) for os_lock
    eos_main.o(i.app_led) refers to printf6.o(i.__0printf$6) for __2printf
    eos_main.o(i.app_led) refers to eos.o(i.os_unlock) for os_unlock
    eos_main.o(i.app_led) refers to eos.o(i.os_app_sleep) for os_app_sleep
    eos_main.o(i.app_led) refers to led.o(i.LED_OFF) for LED_OFF
    eos_main.o(i.app_led) refers to eos.o(.bss) for os_sys
    eos_main.o(i.app_rtc) refers to eos.o(i.os_lock) for os_lock
    eos_main.o(i.app_rtc) refers to printf6.o(i.__0printf$6) for __2printf
    eos_main.o(i.app_rtc) refers to eos.o(i.os_unlock) for os_unlock
    eos_main.o(i.app_rtc) refers to eos.o(i.os_app_sleep) for os_app_sleep
    eos_main.o(i.app_rtc) refers to eos.o(.bss) for os_sys
    eos_main.o(i.app_temp) refers to eos.o(i.os_lock) for os_lock
    eos_main.o(i.app_temp) refers to printf6.o(i.__0printf$6) for __2printf
    eos_main.o(i.app_temp) refers to eos.o(i.os_unlock) for os_unlock
    eos_main.o(i.app_temp) refers to eos.o(i.os_app_sleep) for os_app_sleep
    eos_main.o(i.app_temp) refers to eos.o(.bss) for os_sys
    eos_main.o(i.os_main) refers to eos.o(i.os_init) for os_init
    eos_main.o(i.os_main) refers to eos.o(i.os_app_create) for os_app_create
    eos_main.o(i.os_main) refers to eos.o(i.os_startup) for os_startup
    eos_main.o(i.os_main) refers to eos_main.o(i.app_led) for app_led
    eos_main.o(i.os_main) refers to eos_main.o(i.app_rtc) for app_rtc
    eos_main.o(i.os_main) refers to eos_main.o(i.app_temp) for app_temp
    eos_main.o(i.os_user_init) refers to led.o(i.LED_Init) for LED_Init
    eos_main.o(i.os_user_init) refers to usart.o(i.USART1_Init) for USART1_Init
    eos_main.o(i.os_user_init) refers to printf6.o(i.__0printf$6) for __2printf
    eos.o(i.API_os_systick_handler) refers to eos.o(i.app_rdy_tbl_set) for app_rdy_tbl_set
    eos.o(i.API_os_systick_handler) refers to eos.o(i.os_systick_handler_hook) for os_systick_handler_hook
    eos.o(i.API_os_systick_handler) refers to eos.o(i.os_lock) for os_lock
    eos.o(i.API_os_systick_handler) refers to printf6.o(i.__0printf$6) for __2printf
    eos.o(i.API_os_systick_handler) refers to eos.o(i.os_unlock) for os_unlock
    eos.o(i.API_os_systick_handler) refers to eos.o(i.os_scheduler) for os_scheduler
    eos.o(i.API_os_systick_handler) refers to eos.o(.bss) for os_acb_list
    eos.o(i.API_os_systick_handler) refers to eos.o(.data) for os_acb_cur
    eos.o(i.app_idle) refers to eos.o(i.os_dwg_feed) for os_dwg_feed
    eos.o(i.app_idle) refers to eos.o(i.os_app_idle_core_process) for os_app_idle_core_process
    eos.o(i.app_rdy_tbl_reset) refers to eos.o(.bss) for os_sys
    eos.o(i.app_rdy_tbl_set) refers to eos.o(.bss) for os_sys
    eos.o(i.app_rdy_tbl_state_get) refers to eos.o(.bss) for os_sys
    eos.o(i.app_system_core) refers to eos.o(i.os_dwg_feed) for os_dwg_feed
    eos.o(i.app_system_core) refers to eos.o(i.os_app_system_core_process) for os_app_system_core_process
    eos.o(i.app_system_core) refers to eos.o(i.os_app_sleep) for os_app_sleep
    eos.o(i.delay_ms) refers to eos.o(i.delay_us) for delay_us
    eos.o(i.delay_us) refers to eos_port2.o(i.API_os_systick_reload_get) for API_os_systick_reload_get
    eos.o(i.delay_us) refers to eos_port2.o(i.API_os_systick_1us_value_get) for API_os_systick_1us_value_get
    eos.o(i.delay_us) refers to eos_port2.o(i.API_os_systick_value_get) for API_os_systick_value_get
    eos.o(i.os_app_create) refers to strcpy.o(.text) for strcpy
    eos.o(i.os_app_create) refers to eos.o(i.os_app_stack_malloc) for os_app_stack_malloc
    eos.o(i.os_app_create) refers to eos.o(i.os_app_stk_init) for os_app_stk_init
    eos.o(i.os_app_create) refers to eos.o(i.app_rdy_tbl_set) for app_rdy_tbl_set
    eos.o(i.os_app_create) refers to eos.o(i.app_rdy_tbl_reset) for app_rdy_tbl_reset
    eos.o(i.os_app_create) refers to eos.o(.bss) for os_acb_list
    eos.o(i.os_app_create_core) refers to strcpy.o(.text) for strcpy
    eos.o(i.os_app_create_core) refers to eos.o(i.os_app_stk_init) for os_app_stk_init
    eos.o(i.os_app_create_core) refers to eos.o(i.app_rdy_tbl_set) for app_rdy_tbl_set
    eos.o(i.os_app_create_core) refers to eos.o(.bss) for os_acb_list
    eos.o(i.os_app_create_core) refers to eos.o(i.app_system_core) for app_system_core
    eos.o(i.os_app_create_idle) refers to strcpy.o(.text) for strcpy
    eos.o(i.os_app_create_idle) refers to eos.o(i.os_app_stk_init) for os_app_stk_init
    eos.o(i.os_app_create_idle) refers to eos.o(i.app_rdy_tbl_set) for app_rdy_tbl_set
    eos.o(i.os_app_create_idle) refers to eos.o(.bss) for os_acb_list
    eos.o(i.os_app_create_idle) refers to eos.o(i.app_idle) for app_idle
    eos.o(i.os_app_delete) refers to eos.o(i.os_lock) for os_lock
    eos.o(i.os_app_delete) refers to eos.o(i.os_app_prio_from_app) for os_app_prio_from_app
    eos.o(i.os_app_delete) refers to eos.o(i.app_rdy_tbl_reset) for app_rdy_tbl_reset
    eos.o(i.os_app_delete) refers to eos.o(i.os_unlock) for os_unlock
    eos.o(i.os_app_delete) refers to eos.o(i.os_sched_and_switch_force) for os_sched_and_switch_force
    eos.o(i.os_app_delete) refers to eos.o(.bss) for os_acb_list
    eos.o(i.os_app_idle_core_process) refers to eos.o(i.os_idle_handler_hook) for os_idle_handler_hook
    eos.o(i.os_app_idle_core_process) refers to eos.o(i.os_sched_and_switch) for os_sched_and_switch
    eos.o(i.os_app_prio_from_app) refers to eos.o(.bss) for os_acb_list
    eos.o(i.os_app_prio_set) refers to eos.o(i.os_lock) for os_lock
    eos.o(i.os_app_prio_set) refers to eos.o(i.os_app_prio_from_app) for os_app_prio_from_app
    eos.o(i.os_app_prio_set) refers to memcpya.o(.text) for __aeabi_memcpy4
    eos.o(i.os_app_prio_set) refers to eos.o(i.app_rdy_tbl_reset) for app_rdy_tbl_reset
    eos.o(i.os_app_prio_set) refers to eos.o(i.app_rdy_tbl_state_get) for app_rdy_tbl_state_get
    eos.o(i.os_app_prio_set) refers to eos.o(i.app_rdy_tbl_set) for app_rdy_tbl_set
    eos.o(i.os_app_prio_set) refers to eos.o(i.os_unlock) for os_unlock
    eos.o(i.os_app_prio_set) refers to eos.o(i.os_sched_and_switch) for os_sched_and_switch
    eos.o(i.os_app_prio_set) refers to eos.o(.bss) for os_acb_list
    eos.o(i.os_app_rdy_num_update) refers to eos.o(.bss) for os_sys
    eos.o(i.os_app_rdy_num_update) refers to eos.o(.constdata) for BIT_MAP
    eos.o(i.os_app_restart) refers to eos.o(i.os_lock) for os_lock
    eos.o(i.os_app_restart) refers to eos.o(i.os_app_prio_from_app) for os_app_prio_from_app
    eos.o(i.os_app_restart) refers to eos.o(i.os_unlock) for os_unlock
    eos.o(i.os_app_restart) refers to eos.o(.bss) for os_acb_list
    eos.o(i.os_app_restart_other) refers to eos.o(i.os_lock) for os_lock
    eos.o(i.os_app_restart_other) refers to eos.o(i.os_app_prio_from_app) for os_app_prio_from_app
    eos.o(i.os_app_restart_other) refers to eos.o(i.os_app_stk_init) for os_app_stk_init
    eos.o(i.os_app_restart_other) refers to eos.o(i.app_rdy_tbl_reset) for app_rdy_tbl_reset
    eos.o(i.os_app_restart_other) refers to eos.o(i.os_unlock) for os_unlock
    eos.o(i.os_app_restart_other) refers to eos.o(.bss) for os_acb_list
    eos.o(i.os_app_restart_process) refers to eos.o(i.os_app_restart_other) for os_app_restart_other
    eos.o(i.os_app_restart_process) refers to eos.o(.bss) for os_acb_list
    eos.o(i.os_app_resume) refers to eos.o(i.os_lock) for os_lock
    eos.o(i.os_app_resume) refers to eos.o(i.os_app_prio_from_app) for os_app_prio_from_app
    eos.o(i.os_app_resume) refers to eos.o(i.app_rdy_tbl_set) for app_rdy_tbl_set
    eos.o(i.os_app_resume) refers to eos.o(i.os_unlock) for os_unlock
    eos.o(i.os_app_resume) refers to eos.o(.bss) for os_acb_list
    eos.o(i.os_app_sleep) refers to eos.o(i.app_rdy_tbl_reset) for app_rdy_tbl_reset
    eos.o(i.os_app_sleep) refers to eos.o(i.os_sched_and_switch) for os_sched_and_switch
    eos.o(i.os_app_sleep) refers to eos.o(.data) for os_acb_cur
    eos.o(i.os_app_sleep) refers to eos.o(.bss) for os_sys
    eos.o(i.os_app_slicetime_set) refers to eos.o(.bss) for os_sys
    eos.o(i.os_app_stack_malloc) refers to eos.o(i.os_lock) for os_lock
    eos.o(i.os_app_stack_malloc) refers to printf6.o(i.__0printf$6) for __2printf
    eos.o(i.os_app_stack_malloc) refers to eos.o(i.os_unlock) for os_unlock
    eos.o(i.os_app_stack_malloc) refers to eos.o(.data) for os_stack_info
    eos.o(i.os_app_stack_malloc) refers to eos.o(.bss) for OS_STACK
    eos.o(i.os_app_suspend) refers to eos.o(i.os_lock) for os_lock
    eos.o(i.os_app_suspend) refers to eos.o(i.os_app_prio_from_app) for os_app_prio_from_app
    eos.o(i.os_app_suspend) refers to eos.o(i.app_rdy_tbl_reset) for app_rdy_tbl_reset
    eos.o(i.os_app_suspend) refers to eos.o(i.os_unlock) for os_unlock
    eos.o(i.os_app_suspend) refers to eos.o(i.os_sched_and_switch_force) for os_sched_and_switch_force
    eos.o(i.os_app_suspend) refers to eos.o(.bss) for os_acb_list
    eos.o(i.os_app_system_core_process) refers to eos.o(i.os_app_restart_process) for os_app_restart_process
    eos.o(i.os_app_system_core_process) refers to eos.o(i.os_timer_handler) for os_timer_handler
    eos.o(i.os_app_system_core_process) refers to eos.o(i.os_sched_and_switch) for os_sched_and_switch
    eos.o(i.os_clock_get) refers to eos.o(.bss) for os_sys
    eos.o(i.os_debug_print_disable) refers to eos.o(.bss) for os_sys
    eos.o(i.os_debug_print_enable) refers to eos.o(.bss) for os_sys
    eos.o(i.os_init) refers to eos.o(i.app_rdy_tbl_reset) for app_rdy_tbl_reset
    eos.o(i.os_init) refers to eos.o(i.os_app_create_idle) for os_app_create_idle
    eos.o(i.os_init) refers to eos.o(i.os_app_create_core) for os_app_create_core
    eos.o(i.os_init) refers to eos.o(.bss) for os_acb_list
    eos.o(i.os_init) refers to eos.o(.data) for os_stack_info
    eos.o(i.os_lock) refers to eos.o(.bss) for os_sys
    eos.o(i.os_sched_and_switch) refers to eos.o(i.os_scheduler) for os_scheduler
    eos.o(i.os_sched_and_switch) refers to eos_port2.o(i.API_os_sched_pulse) for API_os_sched_pulse
    eos.o(i.os_sched_and_switch) refers to eos.o(.bss) for os_sys
    eos.o(i.os_sched_and_switch) refers to eos.o(.data) for os_acb_rdy
    eos.o(i.os_sched_and_switch_force) refers to eos.o(i.os_scheduler) for os_scheduler
    eos.o(i.os_sched_and_switch_force) refers to eos_port2.o(i.API_os_sched_pulse) for API_os_sched_pulse
    eos.o(i.os_sched_and_switch_force) refers to eos.o(.bss) for os_sys
    eos.o(i.os_scheduler) refers to eos.o(i.os_app_rdy_num_update) for os_app_rdy_num_update
    eos.o(i.os_scheduler) refers to eos.o(.bss) for os_sys
    eos.o(i.os_scheduler) refers to eos.o(.data) for os_acb_rdy
    eos.o(i.os_startup) refers to eos.o(i.os_app_shell_create) for os_app_shell_create
    eos.o(i.os_startup) refers to eos_port2.o(i.API_os_systick_init) for API_os_systick_init
    eos.o(i.os_startup) refers to eos_main.o(i.os_user_init) for os_user_init
    eos.o(i.os_startup) refers to eos_port2.o(i.API_os_systick_irq_on) for API_os_systick_irq_on
    eos.o(i.os_startup) refers to eos_port1.o(.text) for API_os_psp_reset
    eos.o(i.os_startup) refers to eos_port2.o(i.API_os_svc_init) for API_os_svc_init
    eos.o(i.os_startup) refers to eos_port2.o(i.API_os_sched_pulse) for API_os_sched_pulse
    eos.o(i.os_unlock) refers to eos.o(.bss) for os_sys
    eos_port1.o(.text) refers to eos.o(.data) for os_acb_cur
    eos_port2.o(i.API_os_sched_pulse) refers to eos_port1.o(.text) for API_os_irq_disable
    eos_port2.o(i.API_os_systick_1us_value_get) refers to uidiv.o(.text) for __aeabi_uidivmod
    eos_port2.o(i.API_os_systick_1us_value_get) refers to system_stm32f0xx.o(.data) for SystemCoreClock
    eos_port2.o(i.API_os_systick_init) refers to uidiv.o(.text) for __aeabi_uidivmod
    eos_port2.o(i.API_os_systick_init) refers to system_stm32f0xx.o(.data) for SystemCoreClock
    eos_port2.o(i.SysTick_Handler) refers to eos.o(i.API_os_systick_handler) for API_os_systick_handler
    eos_plugin_shell.o(i.os_shell_string_move) refers to strlen.o(.text) for strlen
    eos_plugin_shell.o(i.string_float_convert) refers to dflti.o(.text) for __aeabi_i2d
    eos_plugin_shell.o(i.string_float_convert) refers to dmul.o(.text) for __aeabi_dmul
    eos_plugin_shell.o(i.string_float_convert) refers to dadd.o(.text) for __aeabi_dadd
    eos_plugin_shell.o(i.string_float_convert) refers to dfltui.o(.text) for __aeabi_ui2d
    eos_plugin_shell.o(i.string_float_convert) refers to dfixui.o(.text) for __aeabi_d2uiz
    eos_plugin_shell.o(i.string_float_convert) refers to ddiv.o(.text) for __aeabi_ddiv
    entry.o(.ARM.Collect$$$$00000000) refers (Special) to entry10a.o(.ARM.Collect$$$$0000000F) for __rt_final_cpp
    entry.o(.ARM.Collect$$$$00000000) refers (Special) to entry11a.o(.ARM.Collect$$$$00000011) for __rt_final_exit
    entry.o(.ARM.Collect$$$$00000000) refers (Special) to entry12b.o(.ARM.Collect$$$$0000000E) for __rt_lib_shutdown_fini
    entry.o(.ARM.Collect$$$$00000000) refers (Special) to entry7b.o(.ARM.Collect$$$$00000008) for _main_clock
    entry.o(.ARM.Collect$$$$00000000) refers (Special) to entry8b.o(.ARM.Collect$$$$0000000A) for _main_cpp_init
    entry.o(.ARM.Collect$$$$00000000) refers (Special) to entry9a.o(.ARM.Collect$$$$0000000B) for _main_init
    entry.o(.ARM.Collect$$$$00000000) refers (Special) to entry5.o(.ARM.Collect$$$$00000004) for _main_scatterload
    entry.o(.ARM.Collect$$$$00000000) refers (Special) to entry2.o(.ARM.Collect$$$$00000001) for _main_stk
    printfb.o(i.__0fprintf$bare) refers to printfb.o(i._printf_core) for _printf_core
    printfb.o(i.__0fprintf$bare) refers to usart.o(i.fputc) for fputc
    printfb.o(i.__0printf$bare) refers to printfb.o(i._printf_core) for _printf_core
    printfb.o(i.__0printf$bare) refers to usart.o(i.fputc) for fputc
    printfb.o(i.__0printf$bare) refers to usart.o(.data) for __stdout
    printfb.o(i.__0snprintf$bare) refers to printfb.o(i._printf_core) for _printf_core
    printfb.o(i.__0snprintf$bare) refers to printfb.o(i._snputc) for _snputc
    printfb.o(i.__0sprintf$bare) refers to printfb.o(i._printf_core) for _printf_core
    printfb.o(i.__0sprintf$bare) refers to printfb.o(i._sputc) for _sputc
    printfb.o(i.__0vfprintf$bare) refers to printfb.o(i._printf_core) for _printf_core
    printfb.o(i.__0vfprintf$bare) refers to usart.o(i.fputc) for fputc
    printfb.o(i.__0vprintf$bare) refers to printfb.o(i._printf_core) for _printf_core
    printfb.o(i.__0vprintf$bare) refers to usart.o(i.fputc) for fputc
    printfb.o(i.__0vprintf$bare) refers to usart.o(.data) for __stdout
    printfb.o(i.__0vsnprintf$bare) refers to printfb.o(i._printf_core) for _printf_core
    printfb.o(i.__0vsnprintf$bare) refers to printfb.o(i._snputc) for _snputc
    printfb.o(i.__0vsprintf$bare) refers to printfb.o(i._printf_core) for _printf_core
    printfb.o(i.__0vsprintf$bare) refers to printfb.o(i._sputc) for _sputc
    printf0.o(i.__0fprintf$0) refers to printf0.o(i._printf_core) for _printf_core
    printf0.o(i.__0fprintf$0) refers to usart.o(i.fputc) for fputc
    printf0.o(i.__0printf$0) refers to printf0.o(i._printf_core) for _printf_core
    printf0.o(i.__0printf$0) refers to usart.o(i.fputc) for fputc
    printf0.o(i.__0printf$0) refers to usart.o(.data) for __stdout
    printf0.o(i.__0snprintf$0) refers to printf0.o(i._printf_core) for _printf_core
    printf0.o(i.__0snprintf$0) refers to printf0.o(i._snputc) for _snputc
    printf0.o(i.__0sprintf$0) refers to printf0.o(i._printf_core) for _printf_core
    printf0.o(i.__0sprintf$0) refers to printf0.o(i._sputc) for _sputc
    printf0.o(i.__0vfprintf$0) refers to printf0.o(i._printf_core) for _printf_core
    printf0.o(i.__0vfprintf$0) refers to usart.o(i.fputc) for fputc
    printf0.o(i.__0vprintf$0) refers to printf0.o(i._printf_core) for _printf_core
    printf0.o(i.__0vprintf$0) refers to usart.o(i.fputc) for fputc
    printf0.o(i.__0vprintf$0) refers to usart.o(.data) for __stdout
    printf0.o(i.__0vsnprintf$0) refers to printf0.o(i._printf_core) for _printf_core
    printf0.o(i.__0vsnprintf$0) refers to printf0.o(i._snputc) for _snputc
    printf0.o(i.__0vsprintf$0) refers to printf0.o(i._printf_core) for _printf_core
    printf0.o(i.__0vsprintf$0) refers to printf0.o(i._sputc) for _sputc
    printf1.o(i.__0fprintf$1) refers to printf1.o(i._printf_core) for _printf_core
    printf1.o(i.__0fprintf$1) refers to usart.o(i.fputc) for fputc
    printf1.o(i.__0printf$1) refers to printf1.o(i._printf_core) for _printf_core
    printf1.o(i.__0printf$1) refers to usart.o(i.fputc) for fputc
    printf1.o(i.__0printf$1) refers to usart.o(.data) for __stdout
    printf1.o(i.__0snprintf$1) refers to printf1.o(i._printf_core) for _printf_core
    printf1.o(i.__0snprintf$1) refers to printf1.o(i._snputc) for _snputc
    printf1.o(i.__0sprintf$1) refers to printf1.o(i._printf_core) for _printf_core
    printf1.o(i.__0sprintf$1) refers to printf1.o(i._sputc) for _sputc
    printf1.o(i.__0vfprintf$1) refers to printf1.o(i._printf_core) for _printf_core
    printf1.o(i.__0vfprintf$1) refers to usart.o(i.fputc) for fputc
    printf1.o(i.__0vprintf$1) refers to printf1.o(i._printf_core) for _printf_core
    printf1.o(i.__0vprintf$1) refers to usart.o(i.fputc) for fputc
    printf1.o(i.__0vprintf$1) refers to usart.o(.data) for __stdout
    printf1.o(i.__0vsnprintf$1) refers to printf1.o(i._printf_core) for _printf_core
    printf1.o(i.__0vsnprintf$1) refers to printf1.o(i._snputc) for _snputc
    printf1.o(i.__0vsprintf$1) refers to printf1.o(i._printf_core) for _printf_core
    printf1.o(i.__0vsprintf$1) refers to printf1.o(i._sputc) for _sputc
    printf1.o(i._printf_core) refers to uidiv.o(.text) for __aeabi_uidivmod
    printf2.o(i.__0fprintf$2) refers to printf2.o(i._printf_core) for _printf_core
    printf2.o(i.__0fprintf$2) refers to usart.o(i.fputc) for fputc
    printf2.o(i.__0printf$2) refers to printf2.o(i._printf_core) for _printf_core
    printf2.o(i.__0printf$2) refers to usart.o(i.fputc) for fputc
    printf2.o(i.__0printf$2) refers to usart.o(.data) for __stdout
    printf2.o(i.__0snprintf$2) refers to printf2.o(i._printf_core) for _printf_core
    printf2.o(i.__0snprintf$2) refers to printf2.o(i._snputc) for _snputc
    printf2.o(i.__0sprintf$2) refers to printf2.o(i._printf_core) for _printf_core
    printf2.o(i.__0sprintf$2) refers to printf2.o(i._sputc) for _sputc
    printf2.o(i.__0vfprintf$2) refers to printf2.o(i._printf_core) for _printf_core
    printf2.o(i.__0vfprintf$2) refers to usart.o(i.fputc) for fputc
    printf2.o(i.__0vprintf$2) refers to printf2.o(i._printf_core) for _printf_core
    printf2.o(i.__0vprintf$2) refers to usart.o(i.fputc) for fputc
    printf2.o(i.__0vprintf$2) refers to usart.o(.data) for __stdout
    printf2.o(i.__0vsnprintf$2) refers to printf2.o(i._printf_core) for _printf_core
    printf2.o(i.__0vsnprintf$2) refers to printf2.o(i._snputc) for _snputc
    printf2.o(i.__0vsprintf$2) refers to printf2.o(i._printf_core) for _printf_core
    printf2.o(i.__0vsprintf$2) refers to printf2.o(i._sputc) for _sputc
    printf3.o(i.__0fprintf$3) refers to printf3.o(i._printf_core) for _printf_core
    printf3.o(i.__0fprintf$3) refers to usart.o(i.fputc) for fputc
    printf3.o(i.__0printf$3) refers to printf3.o(i._printf_core) for _printf_core
    printf3.o(i.__0printf$3) refers to usart.o(i.fputc) for fputc
    printf3.o(i.__0printf$3) refers to usart.o(.data) for __stdout
    printf3.o(i.__0snprintf$3) refers to printf3.o(i._printf_core) for _printf_core
    printf3.o(i.__0snprintf$3) refers to printf3.o(i._snputc) for _snputc
    printf3.o(i.__0sprintf$3) refers to printf3.o(i._printf_core) for _printf_core
    printf3.o(i.__0sprintf$3) refers to printf3.o(i._sputc) for _sputc
    printf3.o(i.__0vfprintf$3) refers to printf3.o(i._printf_core) for _printf_core
    printf3.o(i.__0vfprintf$3) refers to usart.o(i.fputc) for fputc
    printf3.o(i.__0vprintf$3) refers to printf3.o(i._printf_core) for _printf_core
    printf3.o(i.__0vprintf$3) refers to usart.o(i.fputc) for fputc
    printf3.o(i.__0vprintf$3) refers to usart.o(.data) for __stdout
    printf3.o(i.__0vsnprintf$3) refers to printf3.o(i._printf_core) for _printf_core
    printf3.o(i.__0vsnprintf$3) refers to printf3.o(i._snputc) for _snputc
    printf3.o(i.__0vsprintf$3) refers to printf3.o(i._printf_core) for _printf_core
    printf3.o(i.__0vsprintf$3) refers to printf3.o(i._sputc) for _sputc
    printf3.o(i._printf_core) refers to uidiv.o(.text) for __aeabi_uidivmod
    printf4.o(i.__0fprintf$4) refers to printf4.o(i._printf_core) for _printf_core
    printf4.o(i.__0fprintf$4) refers to usart.o(i.fputc) for fputc
    printf4.o(i.__0printf$4) refers to printf4.o(i._printf_core) for _printf_core
    printf4.o(i.__0printf$4) refers to usart.o(i.fputc) for fputc
    printf4.o(i.__0printf$4) refers to usart.o(.data) for __stdout
    printf4.o(i.__0snprintf$4) refers to printf4.o(i._printf_core) for _printf_core
    printf4.o(i.__0snprintf$4) refers to printf4.o(i._snputc) for _snputc
    printf4.o(i.__0sprintf$4) refers to printf4.o(i._printf_core) for _printf_core
    printf4.o(i.__0sprintf$4) refers to printf4.o(i._sputc) for _sputc
    printf4.o(i.__0vfprintf$4) refers to printf4.o(i._printf_core) for _printf_core
    printf4.o(i.__0vfprintf$4) refers to usart.o(i.fputc) for fputc
    printf4.o(i.__0vprintf$4) refers to printf4.o(i._printf_core) for _printf_core
    printf4.o(i.__0vprintf$4) refers to usart.o(i.fputc) for fputc
    printf4.o(i.__0vprintf$4) refers to usart.o(.data) for __stdout
    printf4.o(i.__0vsnprintf$4) refers to printf4.o(i._printf_core) for _printf_core
    printf4.o(i.__0vsnprintf$4) refers to printf4.o(i._snputc) for _snputc
    printf4.o(i.__0vsprintf$4) refers to printf4.o(i._printf_core) for _printf_core
    printf4.o(i.__0vsprintf$4) refers to printf4.o(i._sputc) for _sputc
    printf4.o(i._printf_core) refers to uldiv.o(.text) for __aeabi_uldivmod
    printf5.o(i.__0fprintf$5) refers to printf5.o(i._printf_core) for _printf_core
    printf5.o(i.__0fprintf$5) refers to usart.o(i.fputc) for fputc
    printf5.o(i.__0printf$5) refers to printf5.o(i._printf_core) for _printf_core
    printf5.o(i.__0printf$5) refers to usart.o(i.fputc) for fputc
    printf5.o(i.__0printf$5) refers to usart.o(.data) for __stdout
    printf5.o(i.__0snprintf$5) refers to printf5.o(i._printf_core) for _printf_core
    printf5.o(i.__0snprintf$5) refers to printf5.o(i._snputc) for _snputc
    printf5.o(i.__0sprintf$5) refers to printf5.o(i._printf_core) for _printf_core
    printf5.o(i.__0sprintf$5) refers to printf5.o(i._sputc) for _sputc
    printf5.o(i.__0vfprintf$5) refers to printf5.o(i._printf_core) for _printf_core
    printf5.o(i.__0vfprintf$5) refers to usart.o(i.fputc) for fputc
    printf5.o(i.__0vprintf$5) refers to printf5.o(i._printf_core) for _printf_core
    printf5.o(i.__0vprintf$5) refers to usart.o(i.fputc) for fputc
    printf5.o(i.__0vprintf$5) refers to usart.o(.data) for __stdout
    printf5.o(i.__0vsnprintf$5) refers to printf5.o(i._printf_core) for _printf_core
    printf5.o(i.__0vsnprintf$5) refers to printf5.o(i._snputc) for _snputc
    printf5.o(i.__0vsprintf$5) refers to printf5.o(i._printf_core) for _printf_core
    printf5.o(i.__0vsprintf$5) refers to printf5.o(i._sputc) for _sputc
    printf5.o(i._printf_core) refers to uldiv.o(.text) for __aeabi_uldivmod
    printf6.o(i.__0fprintf$6) refers to printf6.o(i._printf_core) for _printf_core
    printf6.o(i.__0fprintf$6) refers to usart.o(i.fputc) for fputc
    printf6.o(i.__0printf$6) refers to printf6.o(i._printf_core) for _printf_core
    printf6.o(i.__0printf$6) refers to usart.o(i.fputc) for fputc
    printf6.o(i.__0printf$6) refers to usart.o(.data) for __stdout
    printf6.o(i.__0snprintf$6) refers to printf6.o(i._printf_core) for _printf_core
    printf6.o(i.__0snprintf$6) refers to printf6.o(i._snputc) for _snputc
    printf6.o(i.__0sprintf$6) refers to printf6.o(i._printf_core) for _printf_core
    printf6.o(i.__0sprintf$6) refers to printf6.o(i._sputc) for _sputc
    printf6.o(i.__0vfprintf$6) refers to printf6.o(i._printf_core) for _printf_core
    printf6.o(i.__0vfprintf$6) refers to usart.o(i.fputc) for fputc
    printf6.o(i.__0vprintf$6) refers to printf6.o(i._printf_core) for _printf_core
    printf6.o(i.__0vprintf$6) refers to usart.o(i.fputc) for fputc
    printf6.o(i.__0vprintf$6) refers to usart.o(.data) for __stdout
    printf6.o(i.__0vsnprintf$6) refers to printf6.o(i._printf_core) for _printf_core
    printf6.o(i.__0vsnprintf$6) refers to printf6.o(i._snputc) for _snputc
    printf6.o(i.__0vsprintf$6) refers to printf6.o(i._printf_core) for _printf_core
    printf6.o(i.__0vsprintf$6) refers to printf6.o(i._sputc) for _sputc
    printf6.o(i._printf_core) refers to printf6.o(i._printf_pre_padding) for _printf_pre_padding
    printf6.o(i._printf_core) refers to printf6.o(i._printf_post_padding) for _printf_post_padding
    printf6.o(i._printf_core) refers to uidiv.o(.text) for __aeabi_uidivmod
    printf7.o(i.__0fprintf$7) refers to printf7.o(i._printf_core) for _printf_core
    printf7.o(i.__0fprintf$7) refers to usart.o(i.fputc) for fputc
    printf7.o(i.__0printf$7) refers to printf7.o(i._printf_core) for _printf_core
    printf7.o(i.__0printf$7) refers to usart.o(i.fputc) for fputc
    printf7.o(i.__0printf$7) refers to usart.o(.data) for __stdout
    printf7.o(i.__0snprintf$7) refers to printf7.o(i._printf_core) for _printf_core
    printf7.o(i.__0snprintf$7) refers to printf7.o(i._snputc) for _snputc
    printf7.o(i.__0sprintf$7) refers to printf7.o(i._printf_core) for _printf_core
    printf7.o(i.__0sprintf$7) refers to printf7.o(i._sputc) for _sputc
    printf7.o(i.__0vfprintf$7) refers to printf7.o(i._printf_core) for _printf_core
    printf7.o(i.__0vfprintf$7) refers to usart.o(i.fputc) for fputc
    printf7.o(i.__0vprintf$7) refers to printf7.o(i._printf_core) for _printf_core
    printf7.o(i.__0vprintf$7) refers to usart.o(i.fputc) for fputc
    printf7.o(i.__0vprintf$7) refers to usart.o(.data) for __stdout
    printf7.o(i.__0vsnprintf$7) refers to printf7.o(i._printf_core) for _printf_core
    printf7.o(i.__0vsnprintf$7) refers to printf7.o(i._snputc) for _snputc
    printf7.o(i.__0vsprintf$7) refers to printf7.o(i._printf_core) for _printf_core
    printf7.o(i.__0vsprintf$7) refers to printf7.o(i._sputc) for _sputc
    printf7.o(i._printf_core) refers to printf7.o(i._printf_pre_padding) for _printf_pre_padding
    printf7.o(i._printf_core) refers to printf7.o(i._printf_post_padding) for _printf_post_padding
    printf7.o(i._printf_core) refers to uldiv.o(.text) for __aeabi_uldivmod
    printf8.o(i.__0fprintf$8) refers to printf8.o(i._printf_core) for _printf_core
    printf8.o(i.__0fprintf$8) refers to usart.o(i.fputc) for fputc
    printf8.o(i.__0printf$8) refers to printf8.o(i._printf_core) for _printf_core
    printf8.o(i.__0printf$8) refers to usart.o(i.fputc) for fputc
    printf8.o(i.__0printf$8) refers to usart.o(.data) for __stdout
    printf8.o(i.__0snprintf$8) refers to printf8.o(i._printf_core) for _printf_core
    printf8.o(i.__0snprintf$8) refers to printf8.o(i._snputc) for _snputc
    printf8.o(i.__0sprintf$8) refers to printf8.o(i._printf_core) for _printf_core
    printf8.o(i.__0sprintf$8) refers to printf8.o(i._sputc) for _sputc
    printf8.o(i.__0vfprintf$8) refers to printf8.o(i._printf_core) for _printf_core
    printf8.o(i.__0vfprintf$8) refers to usart.o(i.fputc) for fputc
    printf8.o(i.__0vprintf$8) refers to printf8.o(i._printf_core) for _printf_core
    printf8.o(i.__0vprintf$8) refers to usart.o(i.fputc) for fputc
    printf8.o(i.__0vprintf$8) refers to usart.o(.data) for __stdout
    printf8.o(i.__0vsnprintf$8) refers to printf8.o(i._printf_core) for _printf_core
    printf8.o(i.__0vsnprintf$8) refers to printf8.o(i._snputc) for _snputc
    printf8.o(i.__0vsprintf$8) refers to printf8.o(i._printf_core) for _printf_core
    printf8.o(i.__0vsprintf$8) refers to printf8.o(i._sputc) for _sputc
    printf8.o(i._printf_core) refers to printf8.o(i._printf_pre_padding) for _printf_pre_padding
    printf8.o(i._printf_core) refers to printf8.o(i._printf_post_padding) for _printf_post_padding
    printf8.o(i._printf_core) refers to uldiv.o(.text) for __aeabi_uldivmod
    printfa.o(i.__0fprintf) refers (Special) to iusefp.o(.text) for __I$use$fp
    printfa.o(i.__0fprintf) refers to printfa.o(i._printf_core) for _printf_core
    printfa.o(i.__0fprintf) refers to usart.o(i.fputc) for fputc
    printfa.o(i.__0printf) refers (Special) to iusefp.o(.text) for __I$use$fp
    printfa.o(i.__0printf) refers to printfa.o(i._printf_core) for _printf_core
    printfa.o(i.__0printf) refers to usart.o(i.fputc) for fputc
    printfa.o(i.__0printf) refers to usart.o(.data) for __stdout
    printfa.o(i.__0snprintf) refers (Special) to iusefp.o(.text) for __I$use$fp
    printfa.o(i.__0snprintf) refers to printfa.o(i._printf_core) for _printf_core
    printfa.o(i.__0snprintf) refers to printfa.o(i._snputc) for _snputc
    printfa.o(i.__0sprintf) refers (Special) to iusefp.o(.text) for __I$use$fp
    printfa.o(i.__0sprintf) refers to printfa.o(i._printf_core) for _printf_core
    printfa.o(i.__0sprintf) refers to printfa.o(i._sputc) for _sputc
    printfa.o(i.__0vfprintf) refers (Special) to iusefp.o(.text) for __I$use$fp
    printfa.o(i.__0vfprintf) refers to printfa.o(i._printf_core) for _printf_core
    printfa.o(i.__0vfprintf) refers to usart.o(i.fputc) for fputc
    printfa.o(i.__0vprintf) refers (Special) to iusefp.o(.text) for __I$use$fp
    printfa.o(i.__0vprintf) refers to printfa.o(i._printf_core) for _printf_core
    printfa.o(i.__0vprintf) refers to usart.o(i.fputc) for fputc
    printfa.o(i.__0vprintf) refers to usart.o(.data) for __stdout
    printfa.o(i.__0vsnprintf) refers (Special) to iusefp.o(.text) for __I$use$fp
    printfa.o(i.__0vsnprintf) refers to printfa.o(i._printf_core) for _printf_core
    printfa.o(i.__0vsnprintf) refers to printfa.o(i._snputc) for _snputc
    printfa.o(i.__0vsprintf) refers (Special) to iusefp.o(.text) for __I$use$fp
    printfa.o(i.__0vsprintf) refers to printfa.o(i._printf_core) for _printf_core
    printfa.o(i.__0vsprintf) refers to printfa.o(i._sputc) for _sputc
    printfa.o(i._fp_digits) refers (Special) to iusefp.o(.text) for __I$use$fp
    printfa.o(i._fp_digits) refers to dmul.o(.text) for __aeabi_dmul
    printfa.o(i._fp_digits) refers to ddiv.o(.text) for __aeabi_ddiv
    printfa.o(i._fp_digits) refers to cdrcmple.o(.text) for __aeabi_cdrcmple
    printfa.o(i._fp_digits) refers to dadd.o(.text) for __aeabi_dadd
    printfa.o(i._fp_digits) refers to dfixul.o(.text) for __aeabi_d2ulz
    printfa.o(i._fp_digits) refers to uldiv.o(.text) for __aeabi_uldivmod
    printfa.o(i._printf_core) refers (Special) to iusefp.o(.text) for __I$use$fp
    printfa.o(i._printf_core) refers to printfa.o(i._printf_pre_padding) for _printf_pre_padding
    printfa.o(i._printf_core) refers to uldiv.o(.text) for __aeabi_uldivmod
    printfa.o(i._printf_core) refers to printfa.o(i._printf_post_padding) for _printf_post_padding
    printfa.o(i._printf_core) refers to printfa.o(i._fp_digits) for _fp_digits
    printfa.o(i._printf_core) refers to uidiv.o(.text) for __aeabi_uidivmod
    printfa.o(i._printf_post_padding) refers (Special) to iusefp.o(.text) for __I$use$fp
    printfa.o(i._printf_pre_padding) refers (Special) to iusefp.o(.text) for __I$use$fp
    printfa.o(i._snputc) refers (Special) to iusefp.o(.text) for __I$use$fp
    printfa.o(i._sputc) refers (Special) to iusefp.o(.text) for __I$use$fp
    dadd.o(.text) refers (Special) to iusefp.o(.text) for __I$use$fp
    dadd.o(.text) refers to llshl.o(.text) for __aeabi_llsl
    dadd.o(.text) refers to llsshr.o(.text) for __aeabi_lasr
    dadd.o(.text) refers to depilogue.o(.text) for _double_epilogue
    dmul.o(.text) refers (Special) to iusefp.o(.text) for __I$use$fp
    dmul.o(.text) refers to depilogue.o(.text) for _double_epilogue
    ddiv.o(.text) refers (Special) to iusefp.o(.text) for __I$use$fp
    ddiv.o(.text) refers to depilogue.o(.text) for _double_round
    dflti.o(.text) refers (Special) to iusefp.o(.text) for __I$use$fp
    dflti.o(.text) refers to depilogue.o(.text) for _double_epilogue
    dfltui.o(.text) refers (Special) to iusefp.o(.text) for __I$use$fp
    dfltui.o(.text) refers to depilogue.o(.text) for _double_epilogue
    dfixui.o(.text) refers (Special) to iusefp.o(.text) for __I$use$fp
    dfixui.o(.text) refers to llushr.o(.text) for __aeabi_llsr
    entry2.o(.ARM.Collect$$$$00000001) refers to entry2.o(.ARM.Collect$$$$00002712) for __lit__00000000
    entry2.o(.ARM.Collect$$$$00002712) refers to startup_stm32f0xx.o(STACK) for __initial_sp
    entry2.o(__vectab_stack_and_reset_area) refers to startup_stm32f0xx.o(STACK) for __initial_sp
    entry2.o(__vectab_stack_and_reset_area) refers to entry.o(.ARM.Collect$$$$00000000) for __main
    entry5.o(.ARM.Collect$$$$00000004) refers to init.o(.text) for __scatterload
    entry9a.o(.ARM.Collect$$$$0000000B) refers to main.o(i.main) for main
    entry9b.o(.ARM.Collect$$$$0000000C) refers to main.o(i.main) for main
    uldiv.o(.text) refers to llushr.o(.text) for __aeabi_llsr
    uldiv.o(.text) refers to llshl.o(.text) for __aeabi_llsl
    depilogue.o(.text) refers to depilogue.o(i.__ARM_clz) for __ARM_clz
    depilogue.o(.text) refers to llshl.o(.text) for __aeabi_llsl
    depilogue.o(.text) refers to llushr.o(.text) for __aeabi_llsr
    dfixul.o(.text) refers to llushr.o(.text) for __aeabi_llsr
    dfixul.o(.text) refers to llshl.o(.text) for __aeabi_llsl
    init.o(.text) refers to entry5.o(.ARM.Collect$$$$00000004) for __main_after_scatterload


==============================================================================

Removing Unused input sections from the image.

    Removing main.o(.emb_text), (8 bytes).
    Removing stm32f0xx_it.o(.emb_text), (8 bytes).
    Removing led.o(.emb_text), (8 bytes).
    Removing usart.o(.emb_text), (8 bytes).
    Removing usart.o(i._sys_exit), (4 bytes).
    Removing startup_stm32f0xx.o(HEAP), (512 bytes).
    Removing stm32f0xx_gpio.o(.emb_text), (8 bytes).
    Removing stm32f0xx_gpio.o(i.GPIO_DeInit), (148 bytes).
    Removing stm32f0xx_gpio.o(i.GPIO_PinLockConfig), (34 bytes).
    Removing stm32f0xx_gpio.o(i.GPIO_ReadInputData), (6 bytes).
    Removing stm32f0xx_gpio.o(i.GPIO_ReadInputDataBit), (20 bytes).
    Removing stm32f0xx_gpio.o(i.GPIO_ReadOutputData), (6 bytes).
    Removing stm32f0xx_gpio.o(i.GPIO_ReadOutputDataBit), (20 bytes).
    Removing stm32f0xx_gpio.o(i.GPIO_StructInit), (24 bytes).
    Removing stm32f0xx_gpio.o(i.GPIO_Write), (4 bytes).
    Removing stm32f0xx_gpio.o(i.GPIO_WriteBit), (12 bytes).
    Removing stm32f0xx_misc.o(.emb_text), (8 bytes).
    Removing stm32f0xx_misc.o(i.NVIC_SystemLPConfig), (32 bytes).
    Removing stm32f0xx_misc.o(i.SysTick_CLKSourceConfig), (36 bytes).
    Removing stm32f0xx_rcc.o(.emb_text), (8 bytes).
    Removing stm32f0xx_rcc.o(i.RCC_ADCCLKConfig), (56 bytes).
    Removing stm32f0xx_rcc.o(i.RCC_AHBPeriphResetCmd), (32 bytes).
    Removing stm32f0xx_rcc.o(i.RCC_APB1PeriphClockCmd), (32 bytes).
    Removing stm32f0xx_rcc.o(i.RCC_APB1PeriphResetCmd), (32 bytes).
    Removing stm32f0xx_rcc.o(i.RCC_APB2PeriphResetCmd), (32 bytes).
    Removing stm32f0xx_rcc.o(i.RCC_AdjustHSI14CalibrationValue), (32 bytes).
    Removing stm32f0xx_rcc.o(i.RCC_AdjustHSICalibrationValue), (32 bytes).
    Removing stm32f0xx_rcc.o(i.RCC_BackupResetCmd), (40 bytes).
    Removing stm32f0xx_rcc.o(i.RCC_CECCLKConfig), (28 bytes).
    Removing stm32f0xx_rcc.o(i.RCC_ClearFlag), (20 bytes).
    Removing stm32f0xx_rcc.o(i.RCC_ClearITPendingBit), (12 bytes).
    Removing stm32f0xx_rcc.o(i.RCC_ClockSecuritySystemCmd), (40 bytes).
    Removing stm32f0xx_rcc.o(i.RCC_DeInit), (116 bytes).
    Removing stm32f0xx_rcc.o(i.RCC_GetFlagStatus), (72 bytes).
    Removing stm32f0xx_rcc.o(i.RCC_GetITStatus), (28 bytes).
    Removing stm32f0xx_rcc.o(i.RCC_GetSYSCLKSource), (16 bytes).
    Removing stm32f0xx_rcc.o(i.RCC_HCLKConfig), (32 bytes).
    Removing stm32f0xx_rcc.o(i.RCC_HSEConfig), (16 bytes).
    Removing stm32f0xx_rcc.o(i.RCC_HSI14ADCRequestCmd), (36 bytes).
    Removing stm32f0xx_rcc.o(i.RCC_HSI14Cmd), (36 bytes).
    Removing stm32f0xx_rcc.o(i.RCC_HSICmd), (36 bytes).
    Removing stm32f0xx_rcc.o(i.RCC_I2CCLKConfig), (28 bytes).
    Removing stm32f0xx_rcc.o(i.RCC_ITConfig), (32 bytes).
    Removing stm32f0xx_rcc.o(i.RCC_LSEConfig), (40 bytes).
    Removing stm32f0xx_rcc.o(i.RCC_LSEDriveConfig), (28 bytes).
    Removing stm32f0xx_rcc.o(i.RCC_LSICmd), (36 bytes).
    Removing stm32f0xx_rcc.o(i.RCC_MCOConfig), (12 bytes).
    Removing stm32f0xx_rcc.o(i.RCC_PCLKConfig), (36 bytes).
    Removing stm32f0xx_rcc.o(i.RCC_PLLCmd), (40 bytes).
    Removing stm32f0xx_rcc.o(i.RCC_PLLConfig), (36 bytes).
    Removing stm32f0xx_rcc.o(i.RCC_PREDIV1Config), (28 bytes).
    Removing stm32f0xx_rcc.o(i.RCC_RTCCLKCmd), (40 bytes).
    Removing stm32f0xx_rcc.o(i.RCC_RTCCLKConfig), (16 bytes).
    Removing stm32f0xx_rcc.o(i.RCC_SYSCLKConfig), (28 bytes).
    Removing stm32f0xx_rcc.o(i.RCC_USARTCLKConfig), (28 bytes).
    Removing stm32f0xx_rcc.o(i.RCC_WaitForHSEStartUp), (60 bytes).
    Removing stm32f0xx_usart.o(.emb_text), (8 bytes).
    Removing stm32f0xx_usart.o(i.USART_AddressDetectionConfig), (16 bytes).
    Removing stm32f0xx_usart.o(i.USART_AutoBaudRateCmd), (28 bytes).
    Removing stm32f0xx_usart.o(i.USART_AutoBaudRateConfig), (18 bytes).
    Removing stm32f0xx_usart.o(i.USART_AutoBaudRateNewRequest), (12 bytes).
    Removing stm32f0xx_usart.o(i.USART_ClockInit), (36 bytes).
    Removing stm32f0xx_usart.o(i.USART_ClockStructInit), (12 bytes).
    Removing stm32f0xx_usart.o(i.USART_DECmd), (28 bytes).
    Removing stm32f0xx_usart.o(i.USART_DEPolarityConfig), (18 bytes).
    Removing stm32f0xx_usart.o(i.USART_DMACmd), (20 bytes).
    Removing stm32f0xx_usart.o(i.USART_DMAReceptionErrorConfig), (18 bytes).
    Removing stm32f0xx_usart.o(i.USART_DataInvCmd), (28 bytes).
    Removing stm32f0xx_usart.o(i.USART_DeInit), (64 bytes).
    Removing stm32f0xx_usart.o(i.USART_DirectionModeCmd), (20 bytes).
    Removing stm32f0xx_usart.o(i.USART_GetFlagStatus), (20 bytes).
    Removing stm32f0xx_usart.o(i.USART_HalfDuplexCmd), (24 bytes).
    Removing stm32f0xx_usart.o(i.USART_InvPinCmd), (20 bytes).
    Removing stm32f0xx_usart.o(i.USART_IrDACmd), (24 bytes).
    Removing stm32f0xx_usart.o(i.USART_IrDAConfig), (16 bytes).
    Removing stm32f0xx_usart.o(i.USART_LINBreakDetectLengthConfig), (16 bytes).
    Removing stm32f0xx_usart.o(i.USART_LINCmd), (28 bytes).
    Removing stm32f0xx_usart.o(i.USART_MSBFirstCmd), (28 bytes).
    Removing stm32f0xx_usart.o(i.USART_MuteModeCmd), (28 bytes).
    Removing stm32f0xx_usart.o(i.USART_MuteModeWakeUpConfig), (18 bytes).
    Removing stm32f0xx_usart.o(i.USART_OneBitMethodCmd), (28 bytes).
    Removing stm32f0xx_usart.o(i.USART_OverSampling8Cmd), (28 bytes).
    Removing stm32f0xx_usart.o(i.USART_OverrunDetectionConfig), (18 bytes).
    Removing stm32f0xx_usart.o(i.USART_ReceiverTimeOutCmd), (28 bytes).
    Removing stm32f0xx_usart.o(i.USART_RequestCmd), (20 bytes).
    Removing stm32f0xx_usart.o(i.USART_STOPModeCmd), (24 bytes).
    Removing stm32f0xx_usart.o(i.USART_SWAPPinCmd), (28 bytes).
    Removing stm32f0xx_usart.o(i.USART_SendData), (8 bytes).
    Removing stm32f0xx_usart.o(i.USART_SetAddress), (18 bytes).
    Removing stm32f0xx_usart.o(i.USART_SetAutoRetryCount), (20 bytes).
    Removing stm32f0xx_usart.o(i.USART_SetBlockLength), (18 bytes).
    Removing stm32f0xx_usart.o(i.USART_SetDEAssertionTime), (20 bytes).
    Removing stm32f0xx_usart.o(i.USART_SetDEDeassertionTime), (20 bytes).
    Removing stm32f0xx_usart.o(i.USART_SetGuardTime), (16 bytes).
    Removing stm32f0xx_usart.o(i.USART_SetPrescaler), (18 bytes).
    Removing stm32f0xx_usart.o(i.USART_SetReceiverTimeOut), (16 bytes).
    Removing stm32f0xx_usart.o(i.USART_SmartCardCmd), (24 bytes).
    Removing stm32f0xx_usart.o(i.USART_SmartCardNACKCmd), (24 bytes).
    Removing stm32f0xx_usart.o(i.USART_StopModeWakeUpSourceConfig), (18 bytes).
    Removing stm32f0xx_usart.o(i.USART_StructInit), (24 bytes).
    Removing system_stm32f0xx.o(.emb_text), (8 bytes).
    Removing system_stm32f0xx.o(i.SystemCoreClockUpdate), (176 bytes).
    Removing eos_main.o(.emb_text), (8 bytes).
    Removing eos.o(.emb_text), (8 bytes).
    Removing eos.o(i.app_rdy_tbl_state_get), (52 bytes).
    Removing eos.o(i.delay_ms), (18 bytes).
    Removing eos.o(i.delay_us), (74 bytes).
    Removing eos.o(i.os_app_delete), (56 bytes).
    Removing eos.o(i.os_app_prio_set), (128 bytes).
    Removing eos.o(i.os_app_restart), (44 bytes).
    Removing eos.o(i.os_app_resume), (52 bytes).
    Removing eos.o(i.os_app_slicetime_set), (12 bytes).
    Removing eos.o(i.os_app_suspend), (56 bytes).
    Removing eos.o(i.os_clock_get), (12 bytes).
    Removing eos.o(i.os_debug_print_disable), (12 bytes).
    Removing eos.o(i.os_debug_print_enable), (12 bytes).
    Removing eos.o(i.os_sched_and_switch_force), (24 bytes).
    Removing eos_port2.o(.emb_text), (8 bytes).
    Removing eos_port2.o(i.API_os_systick_1us_value_get), (24 bytes).
    Removing eos_port2.o(i.API_os_systick_irq_off), (20 bytes).
    Removing eos_port2.o(i.API_os_systick_off), (20 bytes).
    Removing eos_port2.o(i.API_os_systick_on), (20 bytes).
    Removing eos_port2.o(i.API_os_systick_reload_get), (12 bytes).
    Removing eos_port2.o(i.API_os_systick_value_get), (12 bytes).
    Removing eos_plugin_shell.o(.emb_text), (8 bytes).
    Removing eos_plugin_shell.o(i.os_char_in_string_position_get), (24 bytes).
    Removing eos_plugin_shell.o(i.os_shell_inputs), (2 bytes).
    Removing eos_plugin_shell.o(i.os_shell_string_len_get), (18 bytes).
    Removing eos_plugin_shell.o(i.os_shell_string_move), (92 bytes).
    Removing eos_plugin_shell.o(i.string_float_convert), (348 bytes).
    Removing eos_plugin_shell.o(i.string_hex32_convert), (238 bytes).
    Removing eos_plugin_shell.o(i.string_hex_convert), (220 bytes).
    Removing eos_plugin_shell.o(i.string_int_convert), (130 bytes).
    Removing eos_plugin_shell.o(i.string_uint_convert), (102 bytes).
    Removing dadd.o(.text), (360 bytes).
    Removing dmul.o(.text), (208 bytes).
    Removing ddiv.o(.text), (240 bytes).
    Removing dflti.o(.text), (40 bytes).
    Removing dfltui.o(.text), (28 bytes).
    Removing dfixui.o(.text), (60 bytes).
    Removing depilogue.o(.text), (190 bytes).
    Removing dfixul.o(.text), (64 bytes).
    Removing cdrcmple.o(.text), (40 bytes).
    Removing depilogue.o(i.__ARM_clz), (46 bytes).

144 unused section(s) (total 6470 bytes) removed from the image.

==============================================================================

Image Symbol Table

    Local Symbols

    Symbol Name                              Value     Ov Type        Size  Object(Section)

    ../clib/microlib/division.c              0x00000000   Number         0  uidiv.o ABSOLUTE
    ../clib/microlib/division.c              0x00000000   Number         0  uldiv.o ABSOLUTE
    ../clib/microlib/init/entry.s            0x00000000   Number         0  entry.o ABSOLUTE
    ../clib/microlib/init/entry.s            0x00000000   Number         0  entry10b.o ABSOLUTE
    ../clib/microlib/init/entry.s            0x00000000   Number         0  entry5.o ABSOLUTE
    ../clib/microlib/init/entry.s            0x00000000   Number         0  entry7a.o ABSOLUTE
    ../clib/microlib/init/entry.s            0x00000000   Number         0  entry7b.o ABSOLUTE
    ../clib/microlib/init/entry.s            0x00000000   Number         0  entry8a.o ABSOLUTE
    ../clib/microlib/init/entry.s            0x00000000   Number         0  entry2.o ABSOLUTE
    ../clib/microlib/init/entry.s            0x00000000   Number         0  entry8b.o ABSOLUTE
    ../clib/microlib/init/entry.s            0x00000000   Number         0  entry9a.o ABSOLUTE
    ../clib/microlib/init/entry.s            0x00000000   Number         0  entry9b.o ABSOLUTE
    ../clib/microlib/init/entry.s            0x00000000   Number         0  entry11a.o ABSOLUTE
    ../clib/microlib/init/entry.s            0x00000000   Number         0  entry11b.o ABSOLUTE
    ../clib/microlib/init/entry.s            0x00000000   Number         0  entry12a.o ABSOLUTE
    ../clib/microlib/init/entry.s            0x00000000   Number         0  entry10a.o ABSOLUTE
    ../clib/microlib/init/entry.s            0x00000000   Number         0  entry12b.o ABSOLUTE
    ../clib/microlib/longlong.c              0x00000000   Number         0  llsshr.o ABSOLUTE
    ../clib/microlib/longlong.c              0x00000000   Number         0  llshl.o ABSOLUTE
    ../clib/microlib/longlong.c              0x00000000   Number         0  llushr.o ABSOLUTE
    ../clib/microlib/printf/printf.c         0x00000000   Number         0  printf1.o ABSOLUTE
    ../clib/microlib/printf/printf.c         0x00000000   Number         0  printf5.o ABSOLUTE
    ../clib/microlib/printf/printf.c         0x00000000   Number         0  printf0.o ABSOLUTE
    ../clib/microlib/printf/printf.c         0x00000000   Number         0  printfb.o ABSOLUTE
    ../clib/microlib/printf/printf.c         0x00000000   Number         0  printfa.o ABSOLUTE
    ../clib/microlib/printf/printf.c         0x00000000   Number         0  printf8.o ABSOLUTE
    ../clib/microlib/printf/printf.c         0x00000000   Number         0  printf7.o ABSOLUTE
    ../clib/microlib/printf/printf.c         0x00000000   Number         0  printf6.o ABSOLUTE
    ../clib/microlib/printf/printf.c         0x00000000   Number         0  printf4.o ABSOLUTE
    ../clib/microlib/printf/printf.c         0x00000000   Number         0  printf3.o ABSOLUTE
    ../clib/microlib/printf/printf.c         0x00000000   Number         0  printf2.o ABSOLUTE
    ../clib/microlib/printf/stubs.s          0x00000000   Number         0  stubs.o ABSOLUTE
    ../clib/microlib/string/memcpy.c         0x00000000   Number         0  memcpyb.o ABSOLUTE
    ../clib/microlib/string/memcpy.c         0x00000000   Number         0  memcpya.o ABSOLUTE
    ../clib/microlib/string/strcpy.c         0x00000000   Number         0  strcpy.o ABSOLUTE
    ../clib/microlib/string/strlen.c         0x00000000   Number         0  strlen.o ABSOLUTE
    ../clib/microlib/stubs.s                 0x00000000   Number         0  iusefp.o ABSOLUTE
    ../clib/microlib/stubs.s                 0x00000000   Number         0  useno.o ABSOLUTE
    ../fplib/microlib/fpadd.c                0x00000000   Number         0  dadd.o ABSOLUTE
    ../fplib/microlib/fpdiv.c                0x00000000   Number         0  ddiv.o ABSOLUTE
    ../fplib/microlib/fpepilogue.c           0x00000000   Number         0  depilogue.o ABSOLUTE
    ../fplib/microlib/fpfix.c                0x00000000   Number         0  dfixui.o ABSOLUTE
    ../fplib/microlib/fpfix.c                0x00000000   Number         0  dfixul.o ABSOLUTE
    ../fplib/microlib/fpflt.c                0x00000000   Number         0  dfltui.o ABSOLUTE
    ../fplib/microlib/fpflt.c                0x00000000   Number         0  dflti.o ABSOLUTE
    ../fplib/microlib/fpmul.c                0x00000000   Number         0  dmul.o ABSOLUTE
    ..\CoreLib\CORE\startup_stm32f0xx.s      0x00000000   Number         0  startup_stm32f0xx.o ABSOLUTE
    ..\CoreLib\STM32F03x_FWLib\src\stm32f0xx_gpio.c 0x00000000   Number         0  stm32f0xx_gpio.o ABSOLUTE
    ..\CoreLib\STM32F03x_FWLib\src\stm32f0xx_misc.c 0x00000000   Number         0  stm32f0xx_misc.o ABSOLUTE
    ..\CoreLib\STM32F03x_FWLib\src\stm32f0xx_rcc.c 0x00000000   Number         0  stm32f0xx_rcc.o ABSOLUTE
    ..\CoreLib\STM32F03x_FWLib\src\stm32f0xx_usart.c 0x00000000   Number         0  stm32f0xx_usart.o ABSOLUTE
    ..\CoreLib\stm32f0xx_it.c                0x00000000   Number         0  stm32f0xx_it.o ABSOLUTE
    ..\CoreLib\system_stm32f0xx.c            0x00000000   Number         0  system_stm32f0xx.o ABSOLUTE
    ..\Driver\led.c                          0x00000000   Number         0  led.o ABSOLUTE
    ..\Driver\usart.c                        0x00000000   Number         0  usart.o ABSOLUTE
    ..\User\main.c                           0x00000000   Number         0  main.o ABSOLUTE
    ..\\CoreLib\\STM32F03x_FWLib\\src\\stm32f0xx_gpio.c 0x00000000   Number         0  stm32f0xx_gpio.o ABSOLUTE
    ..\\CoreLib\\STM32F03x_FWLib\\src\\stm32f0xx_misc.c 0x00000000   Number         0  stm32f0xx_misc.o ABSOLUTE
    ..\\CoreLib\\STM32F03x_FWLib\\src\\stm32f0xx_rcc.c 0x00000000   Number         0  stm32f0xx_rcc.o ABSOLUTE
    ..\\CoreLib\\STM32F03x_FWLib\\src\\stm32f0xx_usart.c 0x00000000   Number         0  stm32f0xx_usart.o ABSOLUTE
    ..\\CoreLib\\stm32f0xx_it.c              0x00000000   Number         0  stm32f0xx_it.o ABSOLUTE
    ..\\CoreLib\\system_stm32f0xx.c          0x00000000   Number         0  system_stm32f0xx.o ABSOLUTE
    ..\\Driver\\led.c                        0x00000000   Number         0  led.o ABSOLUTE
    ..\\Driver\\usart.c                      0x00000000   Number         0  usart.o ABSOLUTE
    ..\\User\\main.c                         0x00000000   Number         0  main.o ABSOLUTE
    ..\\eOS\\eos.c                           0x00000000   Number         0  eos.o ABSOLUTE
    ..\\eOS\\eos_main.c                      0x00000000   Number         0  eos_main.o ABSOLUTE
    ..\\eOS\\eos_port2.c                     0x00000000   Number         0  eos_port2.o ABSOLUTE
    ..\\eOS\\plugin\\eos_plugin_shell.c      0x00000000   Number         0  eos_plugin_shell.o ABSOLUTE
    ..\eOS\eos.c                             0x00000000   Number         0  eos.o ABSOLUTE
    ..\eOS\eos_main.c                        0x00000000   Number         0  eos_main.o ABSOLUTE
    ..\eOS\eos_port1.asm                     0x00000000   Number         0  eos_port1.o ABSOLUTE
    ..\eOS\eos_port2.c                       0x00000000   Number         0  eos_port2.o ABSOLUTE
    ..\eOS\plugin\eos_plugin_shell.c         0x00000000   Number         0  eos_plugin_shell.o ABSOLUTE
    cdrcmple.s                               0x00000000   Number         0  cdrcmple.o ABSOLUTE
    dc.s                                     0x00000000   Number         0  dc.o ABSOLUTE
    handlers.s                               0x00000000   Number         0  handlers.o ABSOLUTE
    init.s                                   0x00000000   Number         0  init.o ABSOLUTE
    RESET                                    0x08000000   Section      192  startup_stm32f0xx.o(RESET)
    .ARM.Collect$$$$00000000                 0x080000c0   Section        0  entry.o(.ARM.Collect$$$$00000000)
    .ARM.Collect$$$$00000001                 0x080000c0   Section        4  entry2.o(.ARM.Collect$$$$00000001)
    .ARM.Collect$$$$00000004                 0x080000c4   Section        4  entry5.o(.ARM.Collect$$$$00000004)
    .ARM.Collect$$$$00000008                 0x080000c8   Section        0  entry7b.o(.ARM.Collect$$$$00000008)
    .ARM.Collect$$$$0000000A                 0x080000c8   Section        0  entry8b.o(.ARM.Collect$$$$0000000A)
    .ARM.Collect$$$$0000000B                 0x080000c8   Section        8  entry9a.o(.ARM.Collect$$$$0000000B)
    .ARM.Collect$$$$0000000E                 0x080000d0   Section        4  entry12b.o(.ARM.Collect$$$$0000000E)
    .ARM.Collect$$$$0000000F                 0x080000d4   Section        0  entry10a.o(.ARM.Collect$$$$0000000F)
    .ARM.Collect$$$$00000011                 0x080000d4   Section        0  entry11a.o(.ARM.Collect$$$$00000011)
    .ARM.Collect$$$$00002712                 0x080000d4   Section        4  entry2.o(.ARM.Collect$$$$00002712)
    __lit__00000000                          0x080000d4   Data           4  entry2.o(.ARM.Collect$$$$00002712)
    .text                                    0x080000d8   Section       28  startup_stm32f0xx.o(.text)
    .text                                    0x080000f4   Section      160  eos_port1.o(.text)
    .text                                    0x08000194   Section        0  uidiv.o(.text)
    .text                                    0x080001c0   Section        0  strcpy.o(.text)
    .text                                    0x080001d4   Section       36  init.o(.text)
    i.API_os_sched_pulse                     0x080001f8   Section        0  eos_port2.o(i.API_os_sched_pulse)
    i.API_os_svc_init                        0x08000210   Section        0  eos_port2.o(i.API_os_svc_init)
    i.API_os_systick_handler                 0x0800021c   Section        0  eos.o(i.API_os_systick_handler)
    i.API_os_systick_init                    0x080003d4   Section        0  eos_port2.o(i.API_os_systick_init)
    i.API_os_systick_irq_on                  0x08000404   Section        0  eos_port2.o(i.API_os_systick_irq_on)
    i.GPIO_Init                              0x08000418   Section        0  stm32f0xx_gpio.o(i.GPIO_Init)
    i.GPIO_PinAFConfig                       0x080004a8   Section        0  stm32f0xx_gpio.o(i.GPIO_PinAFConfig)
    i.GPIO_ResetBits                         0x080004ec   Section        0  stm32f0xx_gpio.o(i.GPIO_ResetBits)
    i.GPIO_SetBits                           0x080004f0   Section        0  stm32f0xx_gpio.o(i.GPIO_SetBits)
    i.LED_Init                               0x080004f4   Section        0  led.o(i.LED_Init)
    i.LED_OFF                                0x0800051a   Section        0  led.o(i.LED_OFF)
    i.LED_ON                                 0x08000528   Section        0  led.o(i.LED_ON)
    i.NMI_Handler                            0x08000536   Section        0  stm32f0xx_it.o(i.NMI_Handler)
    i.NVIC_Init                              0x08000538   Section        0  stm32f0xx_misc.o(i.NVIC_Init)
    i.RCC_AHBPeriphClockCmd                  0x080005a8   Section        0  stm32f0xx_rcc.o(i.RCC_AHBPeriphClockCmd)
    i.RCC_APB2PeriphClockCmd                 0x080005c8   Section        0  stm32f0xx_rcc.o(i.RCC_APB2PeriphClockCmd)
    i.RCC_GetClocksFreq                      0x080005e8   Section        0  stm32f0xx_rcc.o(i.RCC_GetClocksFreq)
    i.SVC_Handler                            0x08000754   Section        0  stm32f0xx_it.o(i.SVC_Handler)
    i.SetSysClock                            0x08000758   Section        0  system_stm32f0xx.o(i.SetSysClock)
    SetSysClock                              0x08000759   Thumb Code   206  system_stm32f0xx.o(i.SetSysClock)
    i.SysTick_Handler                        0x08000830   Section        0  eos_port2.o(i.SysTick_Handler)
    i.SystemInit                             0x08000838   Section        0  system_stm32f0xx.o(i.SystemInit)
    i.USART1_IRQHandler                      0x080008b4   Section        0  usart.o(i.USART1_IRQHandler)
    i.USART1_Init                            0x080008ec   Section        0  usart.o(i.USART1_Init)
    i.USART_ClearFlag                        0x08000984   Section        0  stm32f0xx_usart.o(i.USART_ClearFlag)
    i.USART_ClearITPendingBit                0x08000988   Section        0  stm32f0xx_usart.o(i.USART_ClearITPendingBit)
    i.USART_Cmd                              0x0800099a   Section        0  stm32f0xx_usart.o(i.USART_Cmd)
    i.USART_GetITStatus                      0x080009b2   Section        0  stm32f0xx_usart.o(i.USART_GetITStatus)
    i.USART_ITConfig                         0x08000a00   Section        0  stm32f0xx_usart.o(i.USART_ITConfig)
    i.USART_Init                             0x08000a44   Section        0  stm32f0xx_usart.o(i.USART_Init)
    i.USART_ReceiveData                      0x08000b38   Section        0  stm32f0xx_usart.o(i.USART_ReceiveData)
    i.__0printf$6                            0x08000b44   Section        0  printf6.o(i.__0printf$6)
    i.__scatterload_copy                     0x08000b64   Section       14  handlers.o(i.__scatterload_copy)
    i.__scatterload_null                     0x08000b72   Section        2  handlers.o(i.__scatterload_null)
    i.__scatterload_zeroinit                 0x08000b74   Section       14  handlers.o(i.__scatterload_zeroinit)
    i._printf_core                           0x08000b84   Section        0  printf6.o(i._printf_core)
    _printf_core                             0x08000b85   Thumb Code   768  printf6.o(i._printf_core)
    i._printf_post_padding                   0x08000e88   Section        0  printf6.o(i._printf_post_padding)
    _printf_post_padding                     0x08000e89   Thumb Code    32  printf6.o(i._printf_post_padding)
    i._printf_pre_padding                    0x08000ea8   Section        0  printf6.o(i._printf_pre_padding)
    _printf_pre_padding                      0x08000ea9   Thumb Code    44  printf6.o(i._printf_pre_padding)
    i.app_idle                               0x08000ed4   Section        0  eos.o(i.app_idle)
    i.app_led                                0x08000ee0   Section        0  eos_main.o(i.app_led)
    i.app_rdy_tbl_reset                      0x08000f54   Section        0  eos.o(i.app_rdy_tbl_reset)
    i.app_rdy_tbl_set                        0x08000f84   Section        0  eos.o(i.app_rdy_tbl_set)
    i.app_rtc                                0x08000fb4   Section        0  eos_main.o(i.app_rtc)
    i.app_system_core                        0x08001040   Section        0  eos.o(i.app_system_core)
    i.app_temp                               0x08001054   Section        0  eos_main.o(i.app_temp)
    i.fputc                                  0x08001098   Section        0  usart.o(i.fputc)
    i.main                                   0x080010b4   Section        0  main.o(i.main)
    i.os_app_create                          0x080010c0   Section        0  eos.o(i.os_app_create)
    i.os_app_create_core                     0x080011a4   Section        0  eos.o(i.os_app_create_core)
    i.os_app_create_idle                     0x08001200   Section        0  eos.o(i.os_app_create_idle)
    i.os_app_idle_core_process               0x0800125c   Section        0  eos.o(i.os_app_idle_core_process)
    i.os_app_prio_from_app                   0x08001268   Section        0  eos.o(i.os_app_prio_from_app)
    i.os_app_rdy_num_update                  0x08001290   Section        0  eos.o(i.os_app_rdy_num_update)
    i.os_app_restart_other                   0x080012b4   Section        0  eos.o(i.os_app_restart_other)
    i.os_app_restart_process                 0x08001324   Section        0  eos.o(i.os_app_restart_process)
    i.os_app_shell_create                    0x08001358   Section        0  eos.o(i.os_app_shell_create)
    i.os_app_sleep                           0x0800135c   Section        0  eos.o(i.os_app_sleep)
    i.os_app_stack_malloc                    0x08001390   Section        0  eos.o(i.os_app_stack_malloc)
    i.os_app_stk_init                        0x08001424   Section        0  eos.o(i.os_app_stk_init)
    i.os_app_system_core_process             0x0800144e   Section        0  eos.o(i.os_app_system_core_process)
    i.os_dwg_feed                            0x0800145e   Section        0  eos.o(i.os_dwg_feed)
    i.os_idle_handler_hook                   0x08001460   Section        0  eos.o(i.os_idle_handler_hook)
    i.os_init                                0x08001464   Section        0  eos.o(i.os_init)
    i.os_lock                                0x080014f8   Section        0  eos.o(i.os_lock)
    i.os_main                                0x08001508   Section        0  eos_main.o(i.os_main)
    i.os_sched_and_switch                    0x08001580   Section        0  eos.o(i.os_sched_and_switch)
    i.os_scheduler                           0x080015ac   Section        0  eos.o(i.os_scheduler)
    i.os_shell_input                         0x080015fc   Section        0  eos_plugin_shell.o(i.os_shell_input)
    i.os_startup                             0x080015fe   Section        0  eos.o(i.os_startup)
    i.os_systick_handler_hook                0x08001622   Section        0  eos.o(i.os_systick_handler_hook)
    i.os_timer_handler                       0x08001624   Section        0  eos.o(i.os_timer_handler)
    i.os_unlock                              0x08001628   Section        0  eos.o(i.os_unlock)
    i.os_user_init                           0x08001638   Section        0  eos_main.o(i.os_user_init)
    .constdata                               0x08001668   Section       16  eos.o(.constdata)
    .data                                    0x20000000   Section        4  usart.o(.data)
    .data                                    0x20000004   Section       16  stm32f0xx_rcc.o(.data)
    APBAHBPrescTable                         0x20000004   Data          16  stm32f0xx_rcc.o(.data)
    .data                                    0x20000014   Section       20  system_stm32f0xx.o(.data)
    .data                                    0x20000028   Section       12  eos.o(.data)
    .bss                                     0x20000038   Section     1872  eos.o(.bss)
    STACK                                    0x20000788   Section     1024  startup_stm32f0xx.o(STACK)

    Global Symbols

    Symbol Name                              Value     Ov Type        Size  Object(Section)

    BuildAttributes$$THM_ISAv3M$S$PE$A:L22$X:L11$S22$IEEE1$IW$USESV6$~STKCKD$USESV7$~SHL$OSPACE$ROPI$EBA8$MICROLIB$REQ8$PRES8$EABIv2 0x00000000   Number         0  anon$$obj.o ABSOLUTE
    __ARM_use_no_argv                        0x00000000   Number         0  main.o ABSOLUTE
    __use_no_errno                           0x00000000   Number         0  useno.o ABSOLUTE
    __use_no_exception_handling              0x00000000   Number         0  useno.o ABSOLUTE
    __use_no_fp                              0x00000000   Number         0  useno.o ABSOLUTE
    __use_no_heap                            0x00000000   Number         0  useno.o ABSOLUTE
    __use_no_heap_region                     0x00000000   Number         0  useno.o ABSOLUTE
    __use_no_semihosting                     0x00000000   Number         0  useno.o ABSOLUTE
    __use_no_semihosting_swi                 0x00000000   Number         0  useno.o ABSOLUTE
    __use_no_signal_handling                 0x00000000   Number         0  useno.o ABSOLUTE
    _printf_a                                0x00000000   Number         0  stubs.o ABSOLUTE
    _printf_c                                0x00000000   Number         0  stubs.o ABSOLUTE
    _printf_charcount                        0x00000000   Number         0  stubs.o ABSOLUTE
    _printf_d                                0x00000000   Number         0  stubs.o ABSOLUTE
    _printf_e                                0x00000000   Number         0  stubs.o ABSOLUTE
    _printf_f                                0x00000000   Number         0  stubs.o ABSOLUTE
    _printf_flags                            0x00000000   Number         0  stubs.o ABSOLUTE
    _printf_fp_dec                           0x00000000   Number         0  stubs.o ABSOLUTE
    _printf_fp_hex                           0x00000000   Number         0  stubs.o ABSOLUTE
    _printf_g                                0x00000000   Number         0  stubs.o ABSOLUTE
    _printf_i                                0x00000000   Number         0  stubs.o ABSOLUTE
    _printf_int_dec                          0x00000000   Number         0  stubs.o ABSOLUTE
    _printf_l                                0x00000000   Number         0  stubs.o ABSOLUTE
    _printf_lc                               0x00000000   Number         0  stubs.o ABSOLUTE
    _printf_ll                               0x00000000   Number         0  stubs.o ABSOLUTE
    _printf_lld                              0x00000000   Number         0  stubs.o ABSOLUTE
    _printf_lli                              0x00000000   Number         0  stubs.o ABSOLUTE
    _printf_llo                              0x00000000   Number         0  stubs.o ABSOLUTE
    _printf_llu                              0x00000000   Number         0  stubs.o ABSOLUTE
    _printf_llx                              0x00000000   Number         0  stubs.o ABSOLUTE
    _printf_longlong_dec                     0x00000000   Number         0  stubs.o ABSOLUTE
    _printf_longlong_hex                     0x00000000   Number         0  stubs.o ABSOLUTE
    _printf_longlong_oct                     0x00000000   Number         0  stubs.o ABSOLUTE
    _printf_ls                               0x00000000   Number         0  stubs.o ABSOLUTE
    _printf_mbtowc                           0x00000000   Number         0  stubs.o ABSOLUTE
    _printf_n                                0x00000000   Number         0  stubs.o ABSOLUTE
    _printf_o                                0x00000000   Number         0  stubs.o ABSOLUTE
    _printf_p                                0x00000000   Number         0  stubs.o ABSOLUTE
    _printf_percent                          0x00000000   Number         0  stubs.o ABSOLUTE
    _printf_pre_padding                      0x00000000   Number         0  stubs.o ABSOLUTE
    _printf_return_value                     0x00000000   Number         0  stubs.o ABSOLUTE
    _printf_s                                0x00000000   Number         0  stubs.o ABSOLUTE
    _printf_sizespec                         0x00000000   Number         0  stubs.o ABSOLUTE
    _printf_str                              0x00000000   Number         0  stubs.o ABSOLUTE
    _printf_truncate_signed                  0x00000000   Number         0  stubs.o ABSOLUTE
    _printf_truncate_unsigned                0x00000000   Number         0  stubs.o ABSOLUTE
    _printf_u                                0x00000000   Number         0  stubs.o ABSOLUTE
    _printf_wc                               0x00000000   Number         0  stubs.o ABSOLUTE
    _printf_wctomb                           0x00000000   Number         0  stubs.o ABSOLUTE
    _printf_widthprec                        0x00000000   Number         0  stubs.o ABSOLUTE
    _printf_x                                0x00000000   Number         0  stubs.o ABSOLUTE
    __arm_fini_                               - Undefined Weak Reference
    __cpp_initialize__aeabi_                  - Undefined Weak Reference
    __cxa_finalize                            - Undefined Weak Reference
    __decompress                              - Undefined Weak Reference
    _clock_init                               - Undefined Weak Reference
    _microlib_exit                            - Undefined Weak Reference
    __Vectors_Size                           0x000000c0   Number         0  startup_stm32f0xx.o ABSOLUTE
    __Vectors                                0x08000000   Data           4  startup_stm32f0xx.o(RESET)
    __Vectors_End                            0x080000c0   Data           0  startup_stm32f0xx.o(RESET)
    __main                                   0x080000c1   Thumb Code     0  entry.o(.ARM.Collect$$$$00000000)
    _main_stk                                0x080000c1   Thumb Code     0  entry2.o(.ARM.Collect$$$$00000001)
    _main_scatterload                        0x080000c5   Thumb Code     0  entry5.o(.ARM.Collect$$$$00000004)
    __main_after_scatterload                 0x080000c9   Thumb Code     0  entry5.o(.ARM.Collect$$$$00000004)
    _main_clock                              0x080000c9   Thumb Code     0  entry7b.o(.ARM.Collect$$$$00000008)
    _main_cpp_init                           0x080000c9   Thumb Code     0  entry8b.o(.ARM.Collect$$$$0000000A)
    _main_init                               0x080000c9   Thumb Code     0  entry9a.o(.ARM.Collect$$$$0000000B)
    __rt_lib_shutdown_fini                   0x080000d1   Thumb Code     0  entry12b.o(.ARM.Collect$$$$0000000E)
    __rt_final_cpp                           0x080000d5   Thumb Code     0  entry10a.o(.ARM.Collect$$$$0000000F)
    __rt_final_exit                          0x080000d5   Thumb Code     0  entry11a.o(.ARM.Collect$$$$00000011)
    Reset_Handler                            0x080000d9   Thumb Code     8  startup_stm32f0xx.o(.text)
    HardFault_Handler                        0x080000e3   Thumb Code     2  startup_stm32f0xx.o(.text)
    ADC1_COMP_IRQHandler                     0x080000eb   Thumb Code     0  startup_stm32f0xx.o(.text)
    CEC_IRQHandler                           0x080000eb   Thumb Code     0  startup_stm32f0xx.o(.text)
    DMA1_Channel1_IRQHandler                 0x080000eb   Thumb Code     0  startup_stm32f0xx.o(.text)
    DMA1_Channel2_3_IRQHandler               0x080000eb   Thumb Code     0  startup_stm32f0xx.o(.text)
    DMA1_Channel4_5_IRQHandler               0x080000eb   Thumb Code     0  startup_stm32f0xx.o(.text)
    EXTI0_1_IRQHandler                       0x080000eb   Thumb Code     0  startup_stm32f0xx.o(.text)
    EXTI2_3_IRQHandler                       0x080000eb   Thumb Code     0  startup_stm32f0xx.o(.text)
    EXTI4_15_IRQHandler                      0x080000eb   Thumb Code     0  startup_stm32f0xx.o(.text)
    FLASH_IRQHandler                         0x080000eb   Thumb Code     0  startup_stm32f0xx.o(.text)
    I2C1_IRQHandler                          0x080000eb   Thumb Code     0  startup_stm32f0xx.o(.text)
    I2C2_IRQHandler                          0x080000eb   Thumb Code     0  startup_stm32f0xx.o(.text)
    PVD_IRQHandler                           0x080000eb   Thumb Code     0  startup_stm32f0xx.o(.text)
    RCC_IRQHandler                           0x080000eb   Thumb Code     0  startup_stm32f0xx.o(.text)
    RTC_IRQHandler                           0x080000eb   Thumb Code     0  startup_stm32f0xx.o(.text)
    SPI1_IRQHandler                          0x080000eb   Thumb Code     0  startup_stm32f0xx.o(.text)
    SPI2_IRQHandler                          0x080000eb   Thumb Code     0  startup_stm32f0xx.o(.text)
    TIM14_IRQHandler                         0x080000eb   Thumb Code     0  startup_stm32f0xx.o(.text)
    TIM15_IRQHandler                         0x080000eb   Thumb Code     0  startup_stm32f0xx.o(.text)
    TIM16_IRQHandler                         0x080000eb   Thumb Code     0  startup_stm32f0xx.o(.text)
    TIM17_IRQHandler                         0x080000eb   Thumb Code     0  startup_stm32f0xx.o(.text)
    TIM1_BRK_UP_TRG_COM_IRQHandler           0x080000eb   Thumb Code     0  startup_stm32f0xx.o(.text)
    TIM1_CC_IRQHandler                       0x080000eb   Thumb Code     0  startup_stm32f0xx.o(.text)
    TIM2_IRQHandler                          0x080000eb   Thumb Code     0  startup_stm32f0xx.o(.text)
    TIM3_IRQHandler                          0x080000eb   Thumb Code     0  startup_stm32f0xx.o(.text)
    TIM6_DAC_IRQHandler                      0x080000eb   Thumb Code     0  startup_stm32f0xx.o(.text)
    TS_IRQHandler                            0x080000eb   Thumb Code     0  startup_stm32f0xx.o(.text)
    USART2_IRQHandler                        0x080000eb   Thumb Code     0  startup_stm32f0xx.o(.text)
    WWDG_IRQHandler                          0x080000eb   Thumb Code     0  startup_stm32f0xx.o(.text)
    API_os_irq_disable                       0x080000f5   Thumb Code     0  eos_port1.o(.text)
    API_os_irq_enable                        0x080000f9   Thumb Code     0  eos_port1.o(.text)
    API_os_psp_reset                         0x080000fd   Thumb Code     0  eos_port1.o(.text)
    PendSV_Handler                           0x08000109   Thumb Code     0  eos_port1.o(.text)
    __aeabi_uidiv                            0x08000195   Thumb Code     0  uidiv.o(.text)
    __aeabi_uidivmod                         0x08000195   Thumb Code    44  uidiv.o(.text)
    strcpy                                   0x080001c1   Thumb Code    18  strcpy.o(.text)
    __scatterload                            0x080001d5   Thumb Code    28  init.o(.text)
    __scatterload_rt2                        0x080001d5   Thumb Code     0  init.o(.text)
    API_os_sched_pulse                       0x080001f9   Thumb Code    18  eos_port2.o(i.API_os_sched_pulse)
    API_os_svc_init                          0x08000211   Thumb Code     8  eos_port2.o(i.API_os_svc_init)
    API_os_systick_handler                   0x0800021d   Thumb Code   392  eos.o(i.API_os_systick_handler)
    API_os_systick_init                      0x080003d5   Thumb Code    34  eos_port2.o(i.API_os_systick_init)
    API_os_systick_irq_on                    0x08000405   Thumb Code    14  eos_port2.o(i.API_os_systick_irq_on)
    GPIO_Init                                0x08000419   Thumb Code   144  stm32f0xx_gpio.o(i.GPIO_Init)
    GPIO_PinAFConfig                         0x080004a9   Thumb Code    68  stm32f0xx_gpio.o(i.GPIO_PinAFConfig)
    GPIO_ResetBits                           0x080004ed   Thumb Code     4  stm32f0xx_gpio.o(i.GPIO_ResetBits)
    GPIO_SetBits                             0x080004f1   Thumb Code     4  stm32f0xx_gpio.o(i.GPIO_SetBits)
    LED_Init                                 0x080004f5   Thumb Code    38  led.o(i.LED_Init)
    LED_OFF                                  0x0800051b   Thumb Code    14  led.o(i.LED_OFF)
    LED_ON                                   0x08000529   Thumb Code    14  led.o(i.LED_ON)
    NMI_Handler                              0x08000537   Thumb Code     2  stm32f0xx_it.o(i.NMI_Handler)
    NVIC_Init                                0x08000539   Thumb Code   106  stm32f0xx_misc.o(i.NVIC_Init)
    RCC_AHBPeriphClockCmd                    0x080005a9   Thumb Code    28  stm32f0xx_rcc.o(i.RCC_AHBPeriphClockCmd)
    RCC_APB2PeriphClockCmd                   0x080005c9   Thumb Code    28  stm32f0xx_rcc.o(i.RCC_APB2PeriphClockCmd)
    RCC_GetClocksFreq                        0x080005e9   Thumb Code   340  stm32f0xx_rcc.o(i.RCC_GetClocksFreq)
    SVC_Handler                              0x08000755   Thumb Code     2  stm32f0xx_it.o(i.SVC_Handler)
    SysTick_Handler                          0x08000831   Thumb Code     8  eos_port2.o(i.SysTick_Handler)
    SystemInit                               0x08000839   Thumb Code   110  system_stm32f0xx.o(i.SystemInit)
    USART1_IRQHandler                        0x080008b5   Thumb Code    46  usart.o(i.USART1_IRQHandler)
    USART1_Init                              0x080008ed   Thumb Code   144  usart.o(i.USART1_Init)
    USART_ClearFlag                          0x08000985   Thumb Code     4  stm32f0xx_usart.o(i.USART_ClearFlag)
    USART_ClearITPendingBit                  0x08000989   Thumb Code    18  stm32f0xx_usart.o(i.USART_ClearITPendingBit)
    USART_Cmd                                0x0800099b   Thumb Code    24  stm32f0xx_usart.o(i.USART_Cmd)
    USART_GetITStatus                        0x080009b3   Thumb Code    78  stm32f0xx_usart.o(i.USART_GetITStatus)
    USART_ITConfig                           0x08000a01   Thumb Code    66  stm32f0xx_usart.o(i.USART_ITConfig)
    USART_Init                               0x08000a45   Thumb Code   234  stm32f0xx_usart.o(i.USART_Init)
    USART_ReceiveData                        0x08000b39   Thumb Code    10  stm32f0xx_usart.o(i.USART_ReceiveData)
    __0printf$6                              0x08000b45   Thumb Code    24  printf6.o(i.__0printf$6)
    __1printf$6                              0x08000b45   Thumb Code     0  printf6.o(i.__0printf$6)
    __2printf                                0x08000b45   Thumb Code     0  printf6.o(i.__0printf$6)
    __scatterload_copy                       0x08000b65   Thumb Code    14  handlers.o(i.__scatterload_copy)
    __scatterload_null                       0x08000b73   Thumb Code     2  handlers.o(i.__scatterload_null)
    __scatterload_zeroinit                   0x08000b75   Thumb Code    14  handlers.o(i.__scatterload_zeroinit)
    app_idle                                 0x08000ed5   Thumb Code    12  eos.o(i.app_idle)
    app_led                                  0x08000ee1   Thumb Code    88  eos_main.o(i.app_led)
    app_rdy_tbl_reset                        0x08000f55   Thumb Code    42  eos.o(i.app_rdy_tbl_reset)
    app_rdy_tbl_set                          0x08000f85   Thumb Code    44  eos.o(i.app_rdy_tbl_set)
    app_rtc                                  0x08000fb5   Thumb Code    92  eos_main.o(i.app_rtc)
    app_system_core                          0x08001041   Thumb Code    18  eos.o(i.app_system_core)
    app_temp                                 0x08001055   Thumb Code    48  eos_main.o(i.app_temp)
    fputc                                    0x08001099   Thumb Code    22  usart.o(i.fputc)
    main                                     0x080010b5   Thumb Code    10  main.o(i.main)
    os_app_create                            0x080010c1   Thumb Code   224  eos.o(i.os_app_create)
    os_app_create_core                       0x080011a5   Thumb Code    68  eos.o(i.os_app_create_core)
    os_app_create_idle                       0x08001201   Thumb Code    66  eos.o(i.os_app_create_idle)
    os_app_idle_core_process                 0x0800125d   Thumb Code    12  eos.o(i.os_app_idle_core_process)
    os_app_prio_from_app                     0x08001269   Thumb Code    36  eos.o(i.os_app_prio_from_app)
    os_app_rdy_num_update                    0x08001291   Thumb Code    28  eos.o(i.os_app_rdy_num_update)
    os_app_restart_other                     0x080012b5   Thumb Code   106  eos.o(i.os_app_restart_other)
    os_app_restart_process                   0x08001325   Thumb Code    46  eos.o(i.os_app_restart_process)
    os_app_shell_create                      0x08001359   Thumb Code     2  eos.o(i.os_app_shell_create)
    os_app_sleep                             0x0800135d   Thumb Code    42  eos.o(i.os_app_sleep)
    os_app_stack_malloc                      0x08001391   Thumb Code   102  eos.o(i.os_app_stack_malloc)
    os_app_stk_init                          0x08001425   Thumb Code    42  eos.o(i.os_app_stk_init)
    os_app_system_core_process               0x0800144f   Thumb Code    16  eos.o(i.os_app_system_core_process)
    os_dwg_feed                              0x0800145f   Thumb Code     2  eos.o(i.os_dwg_feed)
    os_idle_handler_hook                     0x08001461   Thumb Code     2  eos.o(i.os_idle_handler_hook)
    os_init                                  0x08001465   Thumb Code   126  eos.o(i.os_init)
    os_lock                                  0x080014f9   Thumb Code    12  eos.o(i.os_lock)
    os_main                                  0x08001509   Thumb Code    78  eos_main.o(i.os_main)
    os_sched_and_switch                      0x08001581   Thumb Code    32  eos.o(i.os_sched_and_switch)
    os_scheduler                             0x080015ad   Thumb Code    68  eos.o(i.os_scheduler)
    os_shell_input                           0x080015fd   Thumb Code     2  eos_plugin_shell.o(i.os_shell_input)
    os_startup                               0x080015ff   Thumb Code    36  eos.o(i.os_startup)
    os_systick_handler_hook                  0x08001623   Thumb Code     2  eos.o(i.os_systick_handler_hook)
    os_timer_handler                         0x08001625   Thumb Code     2  eos.o(i.os_timer_handler)
    os_unlock                                0x08001629   Thumb Code    12  eos.o(i.os_unlock)
    os_user_init                             0x08001639   Thumb Code    22  eos_main.o(i.os_user_init)
    BIT_MAP                                  0x08001668   Data          16  eos.o(.constdata)
    Region$$Table$$Base                      0x08001678   Number         0  anon$$obj.o(Region$$Table)
    Region$$Table$$Limit                     0x08001698   Number         0  anon$$obj.o(Region$$Table)
    __stdout                                 0x20000000   Data           4  usart.o(.data)
    SystemCoreClock                          0x20000014   Data           4  system_stm32f0xx.o(.data)
    AHBPrescTable                            0x20000018   Data          16  system_stm32f0xx.o(.data)
    os_stack_info                            0x20000028   Data           4  eos.o(.data)
    os_acb_cur                               0x2000002c   Data           4  eos.o(.data)
    os_acb_rdy                               0x20000030   Data           4  eos.o(.data)
    OS_STACK                                 0x20000038   Data        1024  eos.o(.bss)
    os_acb_list                              0x20000438   Data         300  eos.o(.bss)
    os_sys                                   0x20000564   Data          32  eos.o(.bss)
    APP_IDLE_STK                             0x20000588   Data         256  eos.o(.bss)
    APP_CORE_STK                             0x20000688   Data         256  eos.o(.bss)
    __initial_sp                             0x20000b88   Data           0  startup_stm32f0xx.o(STACK)



==============================================================================

Memory Map of the image

  Image Entry point : 0x080000c1

  Load Region LR_IROM1 (Base: 0x08000000, Size: 0x000016cc, Max: 0x00004000, ABSOLUTE)

    Execution Region ER_IROM1 (Exec base: 0x08000000, Load base: 0x08000000, Size: 0x00001698, Max: 0x00004000, ABSOLUTE)

    Exec Addr    Load Addr    Size         Type   Attr      Idx    E Section Name        Object

    0x08000000   0x08000000   0x000000c0   Data   RO          170    RESET               startup_stm32f0xx.o
    0x080000c0   0x080000c0   0x00000000   Code   RO         1373  * .ARM.Collect$$$$00000000  mc_p.l(entry.o)
    0x080000c0   0x080000c0   0x00000004   Code   RO         1659    .ARM.Collect$$$$00000001  mc_p.l(entry2.o)
    0x080000c4   0x080000c4   0x00000004   Code   RO         1662    .ARM.Collect$$$$00000004  mc_p.l(entry5.o)
    0x080000c8   0x080000c8   0x00000000   Code   RO         1664    .ARM.Collect$$$$00000008  mc_p.l(entry7b.o)
    0x080000c8   0x080000c8   0x00000000   Code   RO         1666    .ARM.Collect$$$$0000000A  mc_p.l(entry8b.o)
    0x080000c8   0x080000c8   0x00000008   Code   RO         1667    .ARM.Collect$$$$0000000B  mc_p.l(entry9a.o)
    0x080000d0   0x080000d0   0x00000004   Code   RO         1674    .ARM.Collect$$$$0000000E  mc_p.l(entry12b.o)
    0x080000d4   0x080000d4   0x00000000   Code   RO         1669    .ARM.Collect$$$$0000000F  mc_p.l(entry10a.o)
    0x080000d4   0x080000d4   0x00000000   Code   RO         1671    .ARM.Collect$$$$00000011  mc_p.l(entry11a.o)
    0x080000d4   0x080000d4   0x00000004   Code   RO         1660    .ARM.Collect$$$$00002712  mc_p.l(entry2.o)
    0x080000d8   0x080000d8   0x0000001c   Code   RO          171    .text               startup_stm32f0xx.o
    0x080000f4   0x080000f4   0x000000a0   Code   RO         1216    .text               eos_port1.o
    0x08000194   0x08000194   0x0000002c   Code   RO         1376    .text               mc_p.l(uidiv.o)
    0x080001c0   0x080001c0   0x00000012   Code   RO         1382    .text               mc_p.l(strcpy.o)
    0x080001d2   0x080001d2   0x00000002   PAD
    0x080001d4   0x080001d4   0x00000024   Code   RO         1692    .text               mc_p.l(init.o)
    0x080001f8   0x080001f8   0x00000018   Code   RO         1220    i.API_os_sched_pulse  eos_port2.o
    0x08000210   0x08000210   0x0000000c   Code   RO         1221    i.API_os_svc_init   eos_port2.o
    0x0800021c   0x0800021c   0x000001b8   Code   RO          949    i.API_os_systick_handler  eos.o
    0x080003d4   0x080003d4   0x00000030   Code   RO         1223    i.API_os_systick_init  eos_port2.o
    0x08000404   0x08000404   0x00000014   Code   RO         1225    i.API_os_systick_irq_on  eos_port2.o
    0x08000418   0x08000418   0x00000090   Code   RO          177    i.GPIO_Init         stm32f0xx_gpio.o
    0x080004a8   0x080004a8   0x00000044   Code   RO          178    i.GPIO_PinAFConfig  stm32f0xx_gpio.o
    0x080004ec   0x080004ec   0x00000004   Code   RO          184    i.GPIO_ResetBits    stm32f0xx_gpio.o
    0x080004f0   0x080004f0   0x00000004   Code   RO          185    i.GPIO_SetBits      stm32f0xx_gpio.o
    0x080004f4   0x080004f4   0x00000026   Code   RO           91    i.LED_Init          led.o
    0x0800051a   0x0800051a   0x0000000e   Code   RO           92    i.LED_OFF           led.o
    0x08000528   0x08000528   0x0000000e   Code   RO           93    i.LED_ON            led.o
    0x08000536   0x08000536   0x00000002   Code   RO           66    i.NMI_Handler       stm32f0xx_it.o
    0x08000538   0x08000538   0x00000070   Code   RO          276    i.NVIC_Init         stm32f0xx_misc.o
    0x080005a8   0x080005a8   0x00000020   Code   RO          311    i.RCC_AHBPeriphClockCmd  stm32f0xx_rcc.o
    0x080005c8   0x080005c8   0x00000020   Code   RO          315    i.RCC_APB2PeriphClockCmd  stm32f0xx_rcc.o
    0x080005e8   0x080005e8   0x0000016c   Code   RO          325    i.RCC_GetClocksFreq  stm32f0xx_rcc.o
    0x08000754   0x08000754   0x00000002   Code   RO           67    i.SVC_Handler       stm32f0xx_it.o
    0x08000756   0x08000756   0x00000002   PAD
    0x08000758   0x08000758   0x000000d8   Code   RO          872    i.SetSysClock       system_stm32f0xx.o
    0x08000830   0x08000830   0x00000008   Code   RO         1230    i.SysTick_Handler   eos_port2.o
    0x08000838   0x08000838   0x0000007c   Code   RO          874    i.SystemInit        system_stm32f0xx.o
    0x080008b4   0x080008b4   0x00000038   Code   RO          122    i.USART1_IRQHandler  usart.o
    0x080008ec   0x080008ec   0x00000098   Code   RO          123    i.USART1_Init       usart.o
    0x08000984   0x08000984   0x00000004   Code   RO          563    i.USART_ClearFlag   stm32f0xx_usart.o
    0x08000988   0x08000988   0x00000012   Code   RO          564    i.USART_ClearITPendingBit  stm32f0xx_usart.o
    0x0800099a   0x0800099a   0x00000018   Code   RO          567    i.USART_Cmd         stm32f0xx_usart.o
    0x080009b2   0x080009b2   0x0000004e   Code   RO          576    i.USART_GetITStatus  stm32f0xx_usart.o
    0x08000a00   0x08000a00   0x00000042   Code   RO          578    i.USART_ITConfig    stm32f0xx_usart.o
    0x08000a42   0x08000a42   0x00000002   PAD
    0x08000a44   0x08000a44   0x000000f4   Code   RO          579    i.USART_Init        stm32f0xx_usart.o
    0x08000b38   0x08000b38   0x0000000a   Code   RO          591    i.USART_ReceiveData  stm32f0xx_usart.o
    0x08000b42   0x08000b42   0x00000002   PAD
    0x08000b44   0x08000b44   0x00000020   Code   RO         1541    i.__0printf$6       mc_p.l(printf6.o)
    0x08000b64   0x08000b64   0x0000000e   Code   RO         1696    i.__scatterload_copy  mc_p.l(handlers.o)
    0x08000b72   0x08000b72   0x00000002   Code   RO         1697    i.__scatterload_null  mc_p.l(handlers.o)
    0x08000b74   0x08000b74   0x0000000e   Code   RO         1698    i.__scatterload_zeroinit  mc_p.l(handlers.o)
    0x08000b82   0x08000b82   0x00000002   PAD
    0x08000b84   0x08000b84   0x00000304   Code   RO         1548    i._printf_core      mc_p.l(printf6.o)
    0x08000e88   0x08000e88   0x00000020   Code   RO         1549    i._printf_post_padding  mc_p.l(printf6.o)
    0x08000ea8   0x08000ea8   0x0000002c   Code   RO         1550    i._printf_pre_padding  mc_p.l(printf6.o)
    0x08000ed4   0x08000ed4   0x0000000c   Code   RO          950    i.app_idle          eos.o
    0x08000ee0   0x08000ee0   0x00000074   Code   RO          905    i.app_led           eos_main.o
    0x08000f54   0x08000f54   0x00000030   Code   RO          951    i.app_rdy_tbl_reset  eos.o
    0x08000f84   0x08000f84   0x00000030   Code   RO          952    i.app_rdy_tbl_set   eos.o
    0x08000fb4   0x08000fb4   0x0000008c   Code   RO          906    i.app_rtc           eos_main.o
    0x08001040   0x08001040   0x00000012   Code   RO          954    i.app_system_core   eos.o
    0x08001052   0x08001052   0x00000002   PAD
    0x08001054   0x08001054   0x00000044   Code   RO          907    i.app_temp          eos_main.o
    0x08001098   0x08001098   0x0000001c   Code   RO          125    i.fputc             usart.o
    0x080010b4   0x080010b4   0x0000000a   Code   RO            2    i.main              main.o
    0x080010be   0x080010be   0x00000002   PAD
    0x080010c0   0x080010c0   0x000000e4   Code   RO          957    i.os_app_create     eos.o
    0x080011a4   0x080011a4   0x0000005c   Code   RO          958    i.os_app_create_core  eos.o
    0x08001200   0x08001200   0x0000005c   Code   RO          959    i.os_app_create_idle  eos.o
    0x0800125c   0x0800125c   0x0000000c   Code   RO          961    i.os_app_idle_core_process  eos.o
    0x08001268   0x08001268   0x00000028   Code   RO          962    i.os_app_prio_from_app  eos.o
    0x08001290   0x08001290   0x00000024   Code   RO          964    i.os_app_rdy_num_update  eos.o
    0x080012b4   0x080012b4   0x00000070   Code   RO          966    i.os_app_restart_other  eos.o
    0x08001324   0x08001324   0x00000034   Code   RO          967    i.os_app_restart_process  eos.o
    0x08001358   0x08001358   0x00000002   Code   RO          969    i.os_app_shell_create  eos.o
    0x0800135a   0x0800135a   0x00000002   PAD
    0x0800135c   0x0800135c   0x00000034   Code   RO          970    i.os_app_sleep      eos.o
    0x08001390   0x08001390   0x00000094   Code   RO          972    i.os_app_stack_malloc  eos.o
    0x08001424   0x08001424   0x0000002a   Code   RO          973    i.os_app_stk_init   eos.o
    0x0800144e   0x0800144e   0x00000010   Code   RO          975    i.os_app_system_core_process  eos.o
    0x0800145e   0x0800145e   0x00000002   Code   RO          979    i.os_dwg_feed       eos.o
    0x08001460   0x08001460   0x00000002   Code   RO          980    i.os_idle_handler_hook  eos.o
    0x08001462   0x08001462   0x00000002   PAD
    0x08001464   0x08001464   0x00000094   Code   RO          981    i.os_init           eos.o
    0x080014f8   0x080014f8   0x00000010   Code   RO          982    i.os_lock           eos.o
    0x08001508   0x08001508   0x00000078   Code   RO          908    i.os_main           eos_main.o
    0x08001580   0x08001580   0x0000002c   Code   RO          983    i.os_sched_and_switch  eos.o
    0x080015ac   0x080015ac   0x00000050   Code   RO          985    i.os_scheduler      eos.o
    0x080015fc   0x080015fc   0x00000002   Code   RO         1301    i.os_shell_input    eos_plugin_shell.o
    0x080015fe   0x080015fe   0x00000024   Code   RO          986    i.os_startup        eos.o
    0x08001622   0x08001622   0x00000002   Code   RO          987    i.os_systick_handler_hook  eos.o
    0x08001624   0x08001624   0x00000002   Code   RO          988    i.os_timer_handler  eos.o
    0x08001626   0x08001626   0x00000002   PAD
    0x08001628   0x08001628   0x00000010   Code   RO          989    i.os_unlock         eos.o
    0x08001638   0x08001638   0x00000030   Code   RO          909    i.os_user_init      eos_main.o
    0x08001668   0x08001668   0x00000010   Data   RO          991    .constdata          eos.o
    0x08001678   0x08001678   0x00000020   Data   RO         1694    Region$$Table       anon$$obj.o


    Execution Region RW_IRAM1 (Exec base: 0x20000000, Load base: 0x08001698, Size: 0x00000b88, Max: 0x00001000, ABSOLUTE)

    Exec Addr    Load Addr    Size         Type   Attr      Idx    E Section Name        Object

    0x20000000   0x08001698   0x00000004   Data   RW          126    .data               usart.o
    0x20000004   0x0800169c   0x00000010   Data   RW          349    .data               stm32f0xx_rcc.o
    0x20000014   0x080016ac   0x00000014   Data   RW          875    .data               system_stm32f0xx.o
    0x20000028   0x080016c0   0x0000000c   Data   RW          992    .data               eos.o
    0x20000034   0x080016cc   0x00000004   PAD
    0x20000038        -       0x00000750   Zero   RW          990    .bss                eos.o
    0x20000788        -       0x00000400   Zero   RW          168    STACK               startup_stm32f0xx.o


==============================================================================

Image component sizes


      Code (inc. data)   RO Data    RW Data    ZI Data      Debug   Object Name

      1838        246         16         12       1872      17222   eos.o
       492        164          0          0          0       2368   eos_main.o
         2          0          0          0          0        489   eos_plugin_shell.o
       160         12          0          0          0        332   eos_port1.o
       112         30          0          0          0       2363   eos_port2.o
        66          0          0          0          0       1330   led.o
        10          0          0          0          0     105786   main.o
        28          8        192          0       1024        636   startup_stm32f0xx.o
       220          0          0          0          0      17783   stm32f0xx_gpio.o
         4          0          0          0          0        860   stm32f0xx_it.o
       112          6          0          0          0       2104   stm32f0xx_misc.o
       428         32          0         16          0      13445   stm32f0xx_rcc.o
       444         10          0          0          0      15238   stm32f0xx_usart.o
       340         24          0         20          0       1849   system_stm32f0xx.o
       236         24          0          4          0       3596   usart.o

    ----------------------------------------------------------------------
      4508        556        240         52       2900     185401   Object Totals
         0          0         32          0          0          0   (incl. Generated)
        16          0          0          0          4          0   (incl. Padding)

    ----------------------------------------------------------------------

      Code (inc. data)   RO Data    RW Data    ZI Data      Debug   Library Member Name

         0          0          0          0          0          0   entry.o
         0          0          0          0          0          0   entry10a.o
         0          0          0          0          0          0   entry11a.o
         4          0          0          0          0          0   entry12b.o
         8          4          0          0          0          0   entry2.o
         4          0          0          0          0          0   entry5.o
         0          0          0          0          0          0   entry7b.o
         0          0          0          0          0          0   entry8b.o
         8          4          0          0          0          0   entry9a.o
        30          0          0          0          0          0   handlers.o
        36          8          0          0          0         68   init.o
       880         12          0          0          0        324   printf6.o
        18          0          0          0          0         60   strcpy.o
        44          0          0          0          0         72   uidiv.o

    ----------------------------------------------------------------------
      1036         28          0          0          0        524   Library Totals
         4          0          0          0          0          0   (incl. Padding)

    ----------------------------------------------------------------------

      Code (inc. data)   RO Data    RW Data    ZI Data      Debug   Library Name

      1032         28          0          0          0        524   mc_p.l

    ----------------------------------------------------------------------
      1036         28          0          0          0        524   Library Totals

    ----------------------------------------------------------------------

==============================================================================


      Code (inc. data)   RO Data    RW Data    ZI Data      Debug   

      5544        584        240         52       2900     183173   Grand Totals
      5544        584        240         52       2900     183173   ELF Image Totals
      5544        584        240         52          0          0   ROM Totals

==============================================================================

    Total RO  Size (Code + RO Data)                 5784 (   5.65kB)
    Total RW  Size (RW Data + ZI Data)              2952 (   2.88kB)
    Total ROM Size (Code + RO Data + RW Data)       5836 (   5.70kB)

==============================================================================

