<html>
<body>
<pre>
<h1>礦ision Build Log</h1>
<h2>Tool Versions:</h2>
IDE-Version: μVision V5.37.0.0
Copyright (C) 2022 ARM Ltd and ARM Germany GmbH. All rights reserved.
License Information: 111 8615185702761, 111, LIC=CZLZX-H4K2M-UHI8H-WP0L2-E3BTN-77MAG
 
Tool Versions:
Toolchain:       MDK-ARM Plus  Version: 5.37.0.0
Toolchain Path:  C:\Keil_v5\ARM\ARMCC\Bin
C Compiler:      Armcc.exe V5.06 update 7 (build 960)
Assembler:       Armasm.exe V5.06 update 7 (build 960)
Linker/Locator:  ArmLink.exe V5.06 update 7 (build 960)
Library Manager: ArmAr.exe V5.06 update 7 (build 960)
Hex Converter:   FromElf.exe V5.06 update 7 (build 960)
CPU DLL:         SARMCM3.DLL V5.37.0.0
Dialog DLL:      DCM.DLL V1.17.5.0
Target DLL:      STLink\ST-LINKIII-KEIL_SWO.dll V3.0.9.0
Dialog DLL:      TCM.DLL V1.56.1.0
 
<h2>Project:</h2>
D:\开发资料\正点原子-stm32f407\标准库例程  实验1 跑马灯实验\eOS 实验1 跑马灯实验\USER\LED.uvprojx
Project File Date:  06/02/2022

<h2>Output:</h2>
*** Using Compiler 'V5.06 update 7 (build 960)', folder: 'C:\Keil_v5\ARM\ARMCC\Bin'
Build target 'LED'
compiling stm32f4xx_it.c...
compiling sys.c...
compiling led.c...
compiling stm32f4xx_gpio.c...
compiling misc.c...
compiling stm32f4xx_syscfg.c...
compiling system_stm32f4xx.c...
compiling main.c...
compiling eos_main.c...
compiling stm32f4xx_usart.c...
compiling usart.c...
compiling eos_port2.c...
compiling stm32f4xx_rcc.c...
compiling eos.c...
compiling eos_plugin_shell.c...
linking...
Program Size: Code=18662 RO-data=1750 RW-data=100 ZI-data=10044  
FromELF: creating hex file...
"..\OBJ\LED.axf" - 0 Error(s), 0 Warning(s).

<h2>Software Packages used:</h2>

Package Vendor: Keil
                http://www.keil.com/pack/Keil.STM32F4xx_DFP.1.0.8.pack
                Keil.STM32F4xx_DFP.1.0.8
                STMicroelectronics STM32F4 Series Device Support, Drivers and Examples

<h2>Collection of Component include folders:</h2>
  C:/Users/86151/AppData/Local/Arm/Packs/Keil/STM32F4xx_DFP/1.0.8/Device/Include

<h2>Collection of Component Files used:</h2>
Build Time Elapsed:  00:00:02
</pre>
</body>
</html>
