Component: ARM Compiler 5.06 update 7 (build 960) Tool: armlink [4d3601]

==============================================================================

Section Cross References

    main.o(i.main) refers to eos_main.o(i.os_main) for os_main
    system_stm32f4xx.o(i.SystemCoreClockUpdate) refers to system_stm32f4xx.o(.data) for SystemCoreClock
    system_stm32f4xx.o(i.SystemInit) refers to system_stm32f4xx.o(i.SetSysClock) for SetSysClock
    led.o(i.LED_Init) refers to stm32f4xx_rcc.o(i.RCC_AHB1PeriphClockCmd) for RCC_AHB1PeriphClockCmd
    led.o(i.LED_Init) refers to stm32f4xx_gpio.o(i.GPIO_Init) for GPIO_Init
    led.o(i.LED_Init) refers to stm32f4xx_gpio.o(i.GPIO_SetBits) for GPIO_SetBits
    usart.o(.rev16_text) refers (Special) to use_no_semi_2.o(.text) for __use_no_semihosting
    usart.o(.revsh_text) refers (Special) to use_no_semi_2.o(.text) for __use_no_semihosting
    usart.o(i.USART1_IRQHandler) refers (Special) to use_no_semi_2.o(.text) for __use_no_semihosting
    usart.o(i.USART1_IRQHandler) refers to stm32f4xx_usart.o(i.USART_GetITStatus) for USART_GetITStatus
    usart.o(i.USART1_IRQHandler) refers to stm32f4xx_usart.o(i.USART_ReceiveData) for USART_ReceiveData
    usart.o(i.USART1_IRQHandler) refers to eos_plugin_shell.o(i.os_shell_input) for os_shell_input
    usart.o(i._sys_exit) refers (Special) to use_no_semi_2.o(.text) for __use_no_semihosting
    usart.o(i.fputc) refers (Special) to use_no_semi_2.o(.text) for __use_no_semihosting
    usart.o(i.uart_init) refers (Special) to use_no_semi_2.o(.text) for __use_no_semihosting
    usart.o(i.uart_init) refers to stm32f4xx_rcc.o(i.RCC_AHB1PeriphClockCmd) for RCC_AHB1PeriphClockCmd
    usart.o(i.uart_init) refers to stm32f4xx_rcc.o(i.RCC_APB2PeriphClockCmd) for RCC_APB2PeriphClockCmd
    usart.o(i.uart_init) refers to stm32f4xx_gpio.o(i.GPIO_PinAFConfig) for GPIO_PinAFConfig
    usart.o(i.uart_init) refers to stm32f4xx_gpio.o(i.GPIO_Init) for GPIO_Init
    usart.o(i.uart_init) refers to stm32f4xx_usart.o(i.USART_Init) for USART_Init
    usart.o(i.uart_init) refers to stm32f4xx_usart.o(i.USART_Cmd) for USART_Cmd
    usart.o(i.uart_init) refers to stm32f4xx_usart.o(i.USART_ITConfig) for USART_ITConfig
    usart.o(i.uart_init) refers to misc.o(i.NVIC_Init) for NVIC_Init
    usart.o(.bss) refers (Special) to use_no_semi_2.o(.text) for __use_no_semihosting
    usart.o(.data) refers (Special) to use_no_semi_2.o(.text) for __use_no_semihosting
    startup_stm32f40_41xxx.o(STACK) refers (Special) to heapauxi.o(.text) for __use_two_region_memory
    startup_stm32f40_41xxx.o(HEAP) refers (Special) to heapauxi.o(.text) for __use_two_region_memory
    startup_stm32f40_41xxx.o(RESET) refers (Special) to heapauxi.o(.text) for __use_two_region_memory
    startup_stm32f40_41xxx.o(RESET) refers to startup_stm32f40_41xxx.o(STACK) for __initial_sp
    startup_stm32f40_41xxx.o(RESET) refers to startup_stm32f40_41xxx.o(.text) for Reset_Handler
    startup_stm32f40_41xxx.o(RESET) refers to stm32f4xx_it.o(i.NMI_Handler) for NMI_Handler
    startup_stm32f40_41xxx.o(RESET) refers to eos_plugin_shell.o(i.HardFault_Handler) for HardFault_Handler
    startup_stm32f40_41xxx.o(RESET) refers to stm32f4xx_it.o(i.MemManage_Handler) for MemManage_Handler
    startup_stm32f40_41xxx.o(RESET) refers to stm32f4xx_it.o(i.BusFault_Handler) for BusFault_Handler
    startup_stm32f40_41xxx.o(RESET) refers to stm32f4xx_it.o(i.UsageFault_Handler) for UsageFault_Handler
    startup_stm32f40_41xxx.o(RESET) refers to stm32f4xx_it.o(i.SVC_Handler) for SVC_Handler
    startup_stm32f40_41xxx.o(RESET) refers to stm32f4xx_it.o(i.DebugMon_Handler) for DebugMon_Handler
    startup_stm32f40_41xxx.o(RESET) refers to eos_port1.o(.text) for PendSV_Handler
    startup_stm32f40_41xxx.o(RESET) refers to eos_port2.o(i.SysTick_Handler) for SysTick_Handler
    startup_stm32f40_41xxx.o(RESET) refers to usart.o(i.USART1_IRQHandler) for USART1_IRQHandler
    startup_stm32f40_41xxx.o(.text) refers (Special) to heapauxi.o(.text) for __use_two_region_memory
    startup_stm32f40_41xxx.o(.text) refers to system_stm32f4xx.o(i.SystemInit) for SystemInit
    startup_stm32f40_41xxx.o(.text) refers to __main.o(!!!main) for __main
    startup_stm32f40_41xxx.o(.text) refers to startup_stm32f40_41xxx.o(HEAP) for Heap_Mem
    startup_stm32f40_41xxx.o(.text) refers to startup_stm32f40_41xxx.o(STACK) for Stack_Mem
    stm32f4xx_gpio.o(i.GPIO_DeInit) refers to stm32f4xx_rcc.o(i.RCC_AHB1PeriphResetCmd) for RCC_AHB1PeriphResetCmd
    stm32f4xx_rcc.o(i.RCC_GetClocksFreq) refers to stm32f4xx_rcc.o(.data) for APBAHBPrescTable
    stm32f4xx_rcc.o(i.RCC_WaitForHSEStartUp) refers to stm32f4xx_rcc.o(i.RCC_GetFlagStatus) for RCC_GetFlagStatus
    stm32f4xx_syscfg.o(i.SYSCFG_DeInit) refers to stm32f4xx_rcc.o(i.RCC_APB2PeriphResetCmd) for RCC_APB2PeriphResetCmd
    stm32f4xx_usart.o(i.USART_DeInit) refers to stm32f4xx_rcc.o(i.RCC_APB2PeriphResetCmd) for RCC_APB2PeriphResetCmd
[...]
    i.NMI_Handler                            0x08001a68   Section        0  stm32f4xx_it.o(i.NMI_Handler)
    i.NVIC_Init                              0x08001a6c   Section        0  misc.o(i.NVIC_Init)
    i.RCC_AHB1PeriphClockCmd                 0x08001ae4   Section        0  stm32f4xx_rcc.o(i.RCC_AHB1PeriphClockCmd)
    i.RCC_APB2PeriphClockCmd                 0x08001b04   Section        0  stm32f4xx_rcc.o(i.RCC_APB2PeriphClockCmd)
    i.RCC_GetClocksFreq                      0x08001b24   Section        0  stm32f4xx_rcc.o(i.RCC_GetClocksFreq)
    i.SVC_Handler                            0x08001c0c   Section        0  stm32f4xx_it.o(i.SVC_Handler)
    i.SetSysClock                            0x08001c10   Section        0  system_stm32f4xx.o(i.SetSysClock)
    SetSysClock                              0x08001c11   Thumb Code   220  system_stm32f4xx.o(i.SetSysClock)
    i.SysTick_Handler                        0x08001cfc   Section        0  eos_port2.o(i.SysTick_Handler)
    i.SystemInit                             0x08001d04   Section        0  system_stm32f4xx.o(i.SystemInit)
    i.USART1_IRQHandler                      0x08001d6c   Section        0  usart.o(i.USART1_IRQHandler)
    i.USART_Cmd                              0x08001d90   Section        0  stm32f4xx_usart.o(i.USART_Cmd)
    i.USART_GetITStatus                      0x08001da8   Section        0  stm32f4xx_usart.o(i.USART_GetITStatus)
    i.USART_ITConfig                         0x08001dfc   Section        0  stm32f4xx_usart.o(i.USART_ITConfig)
    i.USART_Init                             0x08001e48   Section        0  stm32f4xx_usart.o(i.USART_Init)
    i.USART_ReceiveData                      0x08001f1c   Section        0  stm32f4xx_usart.o(i.USART_ReceiveData)
    i.UsageFault_Handler                     0x08001f26   Section        0  stm32f4xx_it.o(i.UsageFault_Handler)
    i.__ARM_fpclassify                       0x08001f2a   Section        0  fpclassify.o(i.__ARM_fpclassify)
    i._is_digit                              0x08001f5a   Section        0  __printf_wp.o(i._is_digit)
    i._sys_exit                              0x08001f68   Section        0  usart.o(i._sys_exit)
    i.access_exist                           0x08001f6c   Section        0  eos_plugin_shell.o(i.access_exist)
    i.app_01                                 0x08001f7c   Section        0  eos_main.o(i.app_01)
    i.app_02                                 0x08001fc4   Section        0  eos_main.o(i.app_02)
    i.app_idle                               0x0800200c   Section        0  eos.o(i.app_idle)
    i.app_led                                0x08002018   Section        0  eos_main.o(i.app_led)
    i.app_rdy_tbl_reset                      0x08002058   Section        0  eos.o(i.app_rdy_tbl_reset)
    i.app_rdy_tbl_set                        0x08002088   Section        0  eos.o(i.app_rdy_tbl_set)
    i.app_shell                              0x080020b8   Section        0  eos_plugin_shell.o(i.app_shell)
    i.app_system_core                        0x08002150   Section        0  eos.o(i.app_system_core)
    i.fputc                                  0x08002164   Section        0  usart.o(i.fputc)
    i.main                                   0x08002180   Section        0  main.o(i.main)
    i.os_app_create                          0x0800218c   Section        0  eos.o(i.os_app_create)
    i.os_app_create_core                     0x0800228c   Section        0  eos.o(i.os_app_create_core)
    i.os_app_create_idle                     0x080022f8   Section        0  eos.o(i.os_app_create_idle)
    i.os_app_idle_core_process               0x08002350   Section        0  eos.o(i.os_app_idle_core_process)
    i.os_app_prio_from_app                   0x0800235c   Section        0  eos.o(i.os_app_prio_from_app)
    i.os_app_rdy_num_update                  0x08002388   Section        0  eos.o(i.os_app_rdy_num_update)
    i.os_app_restart_other                   0x080023ac   Section        0  eos.o(i.os_app_restart_other)
    i.os_app_restart_process                 0x08002428   Section        0  eos.o(i.os_app_restart_process)
    i.os_app_resume                          0x08002460   Section        0  eos.o(i.os_app_resume)
    i.os_app_shell_create                    0x08002494   Section        0  eos_plugin_shell.o(i.os_app_shell_create)
    i.os_app_sleep                           0x08002504   Section        0  eos.o(i.os_app_sleep)
    i.os_app_stack_malloc                    0x08002534   Section        0  eos.o(i.os_app_stack_malloc)
    i.os_app_stk_init                        0x080025c4   Section        0  eos.o(i.os_app_stk_init)
    i.os_app_suspend                         0x080025f4   Section        0  eos.o(i.os_app_suspend)
    i.os_app_system_core_process             0x0800262c   Section        0  eos.o(i.os_app_system_core_process)
    i.os_char_in_string_position_get         0x0800263c   Section        0  eos_plugin_shell.o(i.os_char_in_string_position_get)
    i.os_cmd_enter                           0x08002654   Section        0  eos_plugin_shell.o(i.os_cmd_enter)
    i.os_cmd_enter_tips                      0x0800266c   Section        0  eos_plugin_shell.o(i.os_cmd_enter_tips)
    i.os_cmd_exit                            0x0800268c   Section        0  eos_plugin_shell.o(i.os_cmd_exit)
    i.os_cmd_exit_tips                       0x080026a4   Section        0  eos_plugin_shell.o(i.os_cmd_exit_tips)
    i.os_cpu_occrate_calculation_process     0x080026c4   Section        0  eos_plugin_shell.o(i.os_cpu_occrate_calculation_process)
    i.os_debug_print_disable                 0x08002748   Section        0  eos.o(i.os_debug_print_disable)
    i.os_debug_print_enable                  0x08002754   Section        0  eos.o(i.os_debug_print_enable)
    i.os_dwg_feed                            0x08002760   Section        0  eos.o(i.os_dwg_feed)
    i.os_hard_reset                          0x08002764   Section        0  eos_plugin_shell.o(i.os_hard_reset)
    i.os_hard_reset_tips                     0x0800279c   Section        0  eos_plugin_shell.o(i.os_hard_reset_tips)
    i.os_idle_handler_hook                   0x080027cc   Section        0  eos.o(i.os_idle_handler_hook)
    i.os_information_process                 0x080027d0   Section        0  eos_plugin_shell.o(i.os_information_process)
    i.os_init                                0x08002a7c   Section        0  eos.o(i.os_init)
    i.os_lock                                0x08002b18   Section        0  eos.o(i.os_lock)
    i.os_main                                0x08002b28   Section        0  eos_main.o(i.os_main)
    i.os_off                                 0x08002ba0   Section        0  eos_plugin_shell.o(i.os_off)
    i.os_off_tips                            0x08002be8   Section        0  eos_plugin_shell.o(i.os_off_tips)
    i.os_on                                  0x08002c18   Section        0  eos_plugin_shell.o(i.os_on)
    i.os_on_tips                             0x08002c78   Section        0  eos_plugin_shell.o(i.os_on_tips)
    i.os_sched_and_switch                    0x08002cac   Section        0  eos.o(i.os_sched_and_switch)
    i.os_sched_and_switch_force              0x08002cd8   Section        0  eos.o(i.os_sched_and_switch_force)
    i.os_scheduler                           0x08002cf0   Section        0  eos.o(i.os_scheduler)
    i.os_shell_compare                       0x08002d48   Section        0  eos_plugin_shell.o(i.os_shell_compare)
    i.os_shell_compare_dig                   0x08002d6c   Section        0  eos_plugin_shell.o(i.os_shell_compare_dig)
    i.os_shell_compares                      0x08002dbc   Section        0  eos_plugin_shell.o(i.os_shell_compares)
    i.os_shell_cpu_occrate_counter_process   0x08002de0   Section        0  eos_plugin_shell.o(i.os_shell_cpu_occrate_counter_process)
    i.os_shell_dig_grab                      0x08002e44   Section        0  eos_plugin_shell.o(i.os_shell_dig_grab)
    i.os_shell_handle_process                0x08002e88   Section        0  eos_plugin_shell.o(i.os_shell_handle_process)
    i.os_shell_input                         0x08003604   Section        0  eos_plugin_shell.o(i.os_shell_input)
    i.os_shell_run_time_counter_process      0x08003744   Section        0  eos_plugin_shell.o(i.os_shell_run_time_counter_process)
    i.os_shell_rx_buff_clean                 0x08003988   Section        0  eos_plugin_shell.o(i.os_shell_rx_buff_clean)
    i.os_shell_string_len_get                0x0800399c   Section        0  eos_plugin_shell.o(i.os_shell_string_len_get)
    i.os_shell_string_move                   0x080039ae   Section        0  eos_plugin_shell.o(i.os_shell_string_move)
    i.os_shell_uint_get                      0x08003a08   Section        0  eos_plugin_shell.o(i.os_shell_uint_get)
    i.os_shutdown_cancel_tips                0x08003a28   Section        0  eos_plugin_shell.o(i.os_shutdown_cancel_tips)
    i.os_shutdown_delaytime_add_ymdhms       0x08003a7c   Section        0  eos_plugin_shell.o(i.os_shutdown_delaytime_add_ymdhms)
    i.os_shutdown_delaytime_set_ymdhms       0x08003abc   Section        0  eos_plugin_shell.o(i.os_shutdown_delaytime_set_ymdhms)
    i.os_shutdown_tips                       0x08003ad8   Section        0  eos_plugin_shell.o(i.os_shutdown_tips)
    i.os_startup                             0x08003b2c   Section        0  eos.o(i.os_startup)
    i.os_stk_calculation_process             0x08003b50   Section        0  eos_plugin_shell.o(i.os_stk_calculation_process)
    i.os_systick_handler_hook                0x08003bb0   Section        0  eos_plugin_shell.o(i.os_systick_handler_hook)
    i.os_timer_handler                       0x08003bf4   Section        0  eos.o(i.os_timer_handler)
    i.os_unlock                              0x08003bf8   Section        0  eos.o(i.os_unlock)
    i.os_user_init                           0x08003c08   Section        0  eos_main.o(i.os_user_init)
    i.string_float_convert                   0x08003c40   Section        0  eos_plugin_shell.o(i.string_float_convert)
    i.string_hex32_convert                   0x08003de8   Section        0  eos_plugin_shell.o(i.string_hex32_convert)
    i.string_hex_convert                     0x08003ed2   Section        0  eos_plugin_shell.o(i.string_hex_convert)
    i.string_int_convert                     0x08003fae   Section        0  eos_plugin_shell.o(i.string_int_convert)
    i.string_uint_convert                    0x08004030   Section        0  eos_plugin_shell.o(i.string_uint_convert)
    i.uart_init                              0x08004098   Section        0  usart.o(i.uart_init)
    i.user_cmd_add                           0x08004144   Section        0  eos_plugin_shell.o(i.user_cmd_add)
    locale$$code                             0x080041b4   Section       44  lc_numeric_c.o(locale$$code)
    x$fpl$dadd                               0x080041e0   Section      336  daddsub_clz.o(x$fpl$dadd)
    $v0                                      0x080041e0   Number         0  daddsub_clz.o(x$fpl$dadd)
    _dadd1                                   0x080041f1   Thumb Code     0  daddsub_clz.o(x$fpl$dadd)
    x$fpl$ddiv                               0x08004330   Section      688  ddiv.o(x$fpl$ddiv)
    $v0                                      0x08004330   Number         0  ddiv.o(x$fpl$ddiv)
    ddiv_entry                               0x08004337   Thumb Code     0  ddiv.o(x$fpl$ddiv)
    x$fpl$dfixu                              0x080045e0   Section       90  dfixu.o(x$fpl$dfixu)
    $v0                                      0x080045e0   Number         0  dfixu.o(x$fpl$dfixu)
    x$fpl$dflt                               0x0800463a   Section       46  dflt_clz.o(x$fpl$dflt)
    $v0                                      0x0800463a   Number         0  dflt_clz.o(x$fpl$dflt)
    x$fpl$dfltu                              0x08004668   Section       38  dflt_clz.o(x$fpl$dfltu)
    $v0                                      0x08004668   Number         0  dflt_clz.o(x$fpl$dfltu)
    x$fpl$dmul                               0x08004690   Section      340  dmul.o(x$fpl$dmul)
    $v0                                      0x08004690   Number         0  dmul.o(x$fpl$dmul)
    x$fpl$dnaninf                            0x080047e4   Section      156  dnaninf.o(x$fpl$dnaninf)
    $v0                                      0x080047e4   Number         0  dnaninf.o(x$fpl$dnaninf)
    x$fpl$dretinf                            0x08004880   Section       12  dretinf.o(x$fpl$dretinf)
    $v0                                      0x08004880   Number         0  dretinf.o(x$fpl$dretinf)
    x$fpl$dsub                               0x0800488c   Section      468  daddsub_clz.o(x$fpl$dsub)
    $v0                                      0x0800488c   Number         0  daddsub_clz.o(x$fpl$dsub)
    _dsub1                                   0x0800489d   Thumb Code     0  daddsub_clz.o(x$fpl$dsub)
    x$fpl$fpinit                             0x08004a60   Section       10  fpinit.o(x$fpl$fpinit)
    $v0                                      0x08004a60   Number         0  fpinit.o(x$fpl$fpinit)
    x$fpl$printf1                            0x08004a6a   Section        4  printf1.o(x$fpl$printf1)
    $v0                                      0x08004a6a   Number         0  printf1.o(x$fpl$printf1)
    .constdata                               0x08004a6e   Section      311  eos_plugin_shell.o(.constdata)
    x$fpl$usenofp                            0x08004a6e   Section        0  usenofp.o(x$fpl$usenofp)
    .constdata                               0x08004ba5   Section       17  __printf_flags_wp.o(.constdata)
    maptable                                 0x08004ba5   Data          17  __printf_flags_wp.o(.constdata)
    .constdata                               0x08004bb8   Section      148  bigflt0.o(.constdata)
    tenpwrs_x                                0x08004bb8   Data          60  bigflt0.o(.constdata)
    tenpwrs_i                                0x08004bf4   Data          64  bigflt0.o(.constdata)
    .conststring                             0x08004c4c   Section      817  eos_plugin_shell.o(.conststring)
    locale$$data                             0x08004fa0   Section       28  lc_numeric_c.o(locale$$data)
    __lcnum_c_name                           0x08004fa4   Data           2  lc_numeric_c.o(locale$$data)
    __lcnum_c_start                          0x08004fac   Data           0  lc_numeric_c.o(locale$$data)
    __lcnum_c_point                          0x08004fb8   Data           0  lc_numeric_c.o(locale$$data)
    __lcnum_c_thousands                      0x08004fba   Data           0  lc_numeric_c.o(locale$$data)
    __lcnum_c_grouping                       0x08004fbb   Data           0  lc_numeric_c.o(locale$$data)
    __lcnum_c_end                            0x08004fbc   Data           0  lc_numeric_c.o(locale$$data)
    .data                                    0x20000000   Section       20  system_stm32f4xx.o(.data)
    .data                                    0x20000014   Section        6  usart.o(.data)
    .data                                    0x2000001a   Section       16  stm32f4xx_rcc.o(.data)
    APBAHBPrescTable                         0x2000001a   Data          16  stm32f4xx_rcc.o(.data)
    .data                                    0x2000002c   Section       28  eos.o(.data)
    .data                                    0x20000048   Section       25  eos_plugin_shell.o(.data)
    .bss                                     0x20000068   Section     6024  eos.o(.bss)
    .bss                                     0x200017f0   Section     2384  eos_plugin_shell.o(.bss)
    .bss                                     0x20002140   Section       96  libspace.o(.bss)
    HEAP                                     0x200021a0   Section      512  startup_stm32f40_41xxx.o(HEAP)
    Heap_Mem                                 0x200021a0   Data         512  startup_stm32f40_41xxx.o(HEAP)
    STACK                                    0x200023a0   Section     1024  startup_stm32f40_41xxx.o(STACK)
    Stack_Mem                                0x200023a0   Data        1024  startup_stm32f40_41xxx.o(STACK)
    __initial_sp                             0x200027a0   Data           0  startup_stm32f40_41xxx.o(STACK)

    Global Symbols

    Symbol Name                              Value     Ov Type        Size  Object(Section)

    BuildAttributes$$THM_ISAv4$E$P$D$K$B$S$7EM$VFPi3$EXTD16$VFPS$VFMA$PE$A:L22UL41UL21$X:L11$S22US41US21$IEEE1$IW$USESV6$~STKCKD$USESV7$~SHL$OTIME$ROPI$IEEEJ$EBA8$UX$STANDARDLIB$REQ8$PRES8$EABIv2 0x00000000   Number         0  anon$$obj.o ABSOLUTE
    __ARM_use_no_argv                        0x00000000   Number         0  main.o ABSOLUTE
    _printf_flags                            0x00000000   Number         0  printf_stubs.o ABSOLUTE
    _printf_return_value                     0x00000000   Number         0  printf_stubs.o ABSOLUTE
    _printf_sizespec                         0x00000000   Number         0  printf_stubs.o ABSOLUTE
    _printf_widthprec                        0x00000000   Number         0  printf_stubs.o ABSOLUTE
    __ARM_exceptions_init                     - Undefined Weak Reference
    __alloca_initialize                       - Undefined Weak Reference
    __arm_fini_                               - Undefined Weak Reference
    __arm_preinit_                            - Undefined Weak Reference
    __cpp_initialize__aeabi_                  - Undefined Weak Reference
    __cxa_finalize                            - Undefined Weak Reference
    __sigvec_lookup                           - Undefined Weak Reference
    _atexit_init                              - Undefined Weak Reference
    _call_atexit_fns                          - Undefined Weak Reference
    _clock_init                               - Undefined Weak Reference
    _fp_trap_init                             - Undefined Weak Reference
    _fp_trap_shutdown                         - Undefined Weak Reference
    _get_lc_collate                           - Undefined Weak Reference
    _get_lc_ctype                             - Undefined Weak Reference
    _get_lc_monetary                          - Undefined Weak Reference
    _get_lc_time                              - Undefined Weak Reference
    _getenv_init                              - Undefined Weak Reference
    _handle_redirection                       - Undefined Weak Reference
    _init_alloc                               - Undefined Weak Reference
    _init_user_alloc                          - Undefined Weak Reference
    _initio                                   - Undefined Weak Reference
    _mutex_acquire                            - Undefined Weak Reference
    _mutex_release                            - Undefined Weak Reference
    _printf_mbtowc                            - Undefined Weak Reference
    _printf_truncate_signed                   - Undefined Weak Reference
    _printf_truncate_unsigned                 - Undefined Weak Reference
    _rand_init                                - Undefined Weak Reference
    _signal_finish                            - Undefined Weak Reference
    _signal_init                              - Undefined Weak Reference
    _terminate_alloc                          - Undefined Weak Reference
    _terminate_user_alloc                     - Undefined Weak Reference
    _terminateio                              - Undefined Weak Reference
    __Vectors_Size                           0x00000188   Number         0  startup_stm32f40_41xxx.o ABSOLUTE
    __Vectors                                0x08000000   Data           4  startup_stm32f40_41xxx.o(RESET)
    __Vectors_End                            0x08000188   Data           0  startup_stm32f40_41xxx.o(RESET)
    __main                                   0x08000189   Thumb Code     8  __main.o(!!!main)
    __scatterload                            0x08000191   Thumb Code     0  __scatter.o(!!!scatter)
    __scatterload_rt2                        0x08000191   Thumb Code    44  __scatter.o(!!!scatter)
    __scatterload_rt2_thumb_only             0x08000191   Thumb Code     0  __scatter.o(!!!scatter)
    __scatterload_null                       0x0800019f   Thumb Code     0  __scatter.o(!!!scatter)
    __scatterload_copy                       0x080001c5   Thumb Code    26  __scatter_copy.o(!!handler_copy)
    __scatterload_zeroinit                   0x080001e1   Thumb Code    28  __scatter_zi.o(!!handler_zi)
    _printf_f                                0x080001fd   Thumb Code     0  _printf_f.o(.ARM.Collect$$_printf_percent$$00000003)
    _printf_percent                          0x080001fd   Thumb Code     0  _printf_percent.o(.ARM.Collect$$_printf_percent$$00000000)
    _printf_d                                0x08000203   Thumb Code     0  _printf_d.o(.ARM.Collect$$_printf_percent$$00000009)
    _printf_s                                0x08000209   Thumb Code     0  _printf_s.o(.ARM.Collect$$_printf_percent$$00000014)
    _printf_percent_end                      0x0800020f   Thumb Code     0  _printf_percent_end.o(.ARM.Collect$$_printf_percent$$00000017)
    __rt_lib_init                            0x08000213   Thumb Code     0  libinit.o(.ARM.Collect$$libinit$$00000000)
    __rt_lib_init_fp_1                       0x08000215   Thumb Code     0  libinit2.o(.ARM.Collect$$libinit$$00000001)
    __rt_lib_init_heap_1                     0x08000219   Thumb Code     0  libinit2.o(.ARM.Collect$$libinit$$0000000A)
    __rt_lib_init_lc_common                  0x08000219   Thumb Code     0  libinit2.o(.ARM.Collect$$libinit$$0000000F)
    __rt_lib_init_preinit_1                  0x08000219   Thumb Code     0  libinit2.o(.ARM.Collect$$libinit$$00000004)
    __rt_lib_init_rand_1                     0x08000219   Thumb Code     0  libinit2.o(.ARM.Collect$$libinit$$0000000E)
    __rt_lib_init_user_alloc_1               0x08000219   Thumb Code     0  libinit2.o(.ARM.Collect$$libinit$$0000000C)
    __rt_lib_init_lc_collate_1               0x0800021f   Thumb Code     0  libinit2.o(.ARM.Collect$$libinit$$00000011)
    __rt_lib_init_lc_ctype_1                 0x0800021f   Thumb Code     0  libinit2.o(.ARM.Collect$$libinit$$00000013)
    __rt_lib_init_lc_monetary_1              0x0800021f   Thumb Code     0  libinit2.o(.ARM.Collect$$libinit$$00000015)
    __rt_lib_init_lc_numeric_2               0x0800021f   Thumb Code     0  libinit2.o(.ARM.Collect$$libinit$$00000016)
    __rt_lib_init_alloca_1                   0x08000229   Thumb Code     0  libinit2.o(.ARM.Collect$$libinit$$0000002E)
    __rt_lib_init_argv_1                     0x08000229   Thumb Code     0  libinit2.o(.ARM.Collect$$libinit$$0000002C)
    __rt_lib_init_atexit_1                   0x08000229   Thumb Code     0  libinit2.o(.ARM.Collect$$libinit$$0000001B)
    __rt_lib_init_clock_1                    0x08000229   Thumb Code     0  libinit2.o(.ARM.Collect$$libinit$$00000021)
    __rt_lib_init_cpp_1                      0x08000229   Thumb Code     0  libinit2.o(.ARM.Collect$$libinit$$00000032)
    __rt_lib_init_exceptions_1               0x08000229   Thumb Code     0  libinit2.o(.ARM.Collect$$libinit$$00000030)
    __rt_lib_init_fp_trap_1                  0x08000229   Thumb Code     0  libinit2.o(.ARM.Collect$$libinit$$0000001F)
    __rt_lib_init_getenv_1                   0x08000229   Thumb Code     0  libinit2.o(.ARM.Collect$$libinit$$00000023)
    __rt_lib_init_lc_numeric_1               0x08000229   Thumb Code     0  libinit2.o(.ARM.Collect$$libinit$$00000017)
    __rt_lib_init_lc_time_1                  0x08000229   Thumb Code     0  libinit2.o(.ARM.Collect$$libinit$$00000019)
    __rt_lib_init_return                     0x08000229   Thumb Code     0  libinit2.o(.ARM.Collect$$libinit$$00000033)
    __rt_lib_init_signal_1                   0x08000229   Thumb Code     0  libinit2.o(.ARM.Collect$$libinit$$0000001D)
    __rt_lib_init_stdio_1                    0x08000229   Thumb Code     0  libinit2.o(.ARM.Collect$$libinit$$00000025)
    __rt_lib_shutdown                        0x0800022b   Thumb Code     0  libshutdown.o(.ARM.Collect$$libshutdown$$00000000)
    __rt_lib_shutdown_cpp_1                  0x0800022d   Thumb Code     0  libshutdown2.o(.ARM.Collect$$libshutdown$$00000004)
    __rt_lib_shutdown_fini_1                 0x0800022d   Thumb Code     0  libshutdown2.o(.ARM.Collect$$libshutdown$$00000002)
    __rt_lib_shutdown_fp_trap_1              0x0800022d   Thumb Code     0  libshutdown2.o(.ARM.Collect$$libshutdown$$00000009)
    __rt_lib_shutdown_heap_1                 0x0800022d   Thumb Code     0  libshutdown2.o(.ARM.Collect$$libshutdown$$00000011)
    __rt_lib_shutdown_return                 0x0800022d   Thumb Code     0  libshutdown2.o(.ARM.Collect$$libshutdown$$00000012)
    __rt_lib_shutdown_signal_1               0x0800022d   Thumb Code     0  libshutdown2.o(.ARM.Collect$$libshutdown$$0000000C)
    __rt_lib_shutdown_stdio_1                0x0800022d   Thumb Code     0  libshutdown2.o(.ARM.Collect$$libshutdown$$00000006)
    __rt_lib_shutdown_user_alloc_1           0x0800022d   Thumb Code     0  libshutdown2.o(.ARM.Collect$$libshutdown$$0000000E)
    __rt_entry                               0x0800022f   Thumb Code     0  __rtentry.o(.ARM.Collect$$rtentry$$00000000)
    __rt_entry_presh_1                       0x0800022f   Thumb Code     0  __rtentry2.o(.ARM.Collect$$rtentry$$00000002)
    __rt_entry_sh                            0x0800022f   Thumb Code     0  __rtentry4.o(.ARM.Collect$$rtentry$$00000004)
    __rt_entry_li                            0x08000235   Thumb Code     0  __rtentry2.o(.ARM.Collect$$rtentry$$0000000A)
    __rt_entry_postsh_1                      0x08000235   Thumb Code     0  __rtentry2.o(.ARM.Collect$$rtentry$$00000009)
    __rt_entry_main                          0x08000239   Thumb Code     0  __rtentry2.o(.ARM.Collect$$rtentry$$0000000D)
    __rt_entry_postli_1                      0x08000239   Thumb Code     0  __rtentry2.o(.ARM.Collect$$rtentry$$0000000C)
    __rt_exit                                0x08000241   Thumb Code     0  rtexit.o(.ARM.Collect$$rtexit$$00000000)
    __rt_exit_ls                             0x08000243   Thumb Code     0  rtexit2.o(.ARM.Collect$$rtexit$$00000003)
    __rt_exit_prels_1                        0x08000243   Thumb Code     0  rtexit2.o(.ARM.Collect$$rtexit$$00000002)
    __rt_exit_exit                           0x08000247   Thumb Code     0  rtexit2.o(.ARM.Collect$$rtexit$$00000004)
    Reset_Handler                            0x0800024d   Thumb Code     8  startup_stm32f40_41xxx.o(.text)
    ADC_IRQHandler                           0x08000267   Thumb Code     0  startup_stm32f40_41xxx.o(.text)
    CAN1_RX0_IRQHandler                      0x08000267   Thumb Code     0  startup_stm32f40_41xxx.o(.text)
    CAN1_RX1_IRQHandler                      0x08000267   Thumb Code     0  startup_stm32f40_41xxx.o(.text)
    CAN1_SCE_IRQHandler                      0x08000267   Thumb Code     0  startup_stm32f40_41xxx.o(.text)
    CAN1_TX_IRQHandler                       0x08000267   Thumb Code     0  startup_stm32f40_41xxx.o(.text)
    CAN2_RX0_IRQHandler                      0x08000267   Thumb Code     0  startup_stm32f40_41xxx.o(.text)
    CAN2_RX1_IRQHandler                      0x08000267   Thumb Code     0  startup_stm32f40_41xxx.o(.text)
    CAN2_SCE_IRQHandler                      0x08000267   Thumb Code     0  startup_stm32f40_41xxx.o(.text)
    CAN2_TX_IRQHandler                       0x08000267   Thumb Code     0  startup_stm32f40_41xxx.o(.text)
    CRYP_IRQHandler                          0x08000267   Thumb Code     0  startup_stm32f40_41xxx.o(.text)
    DCMI_IRQHandler                          0x08000267   Thumb Code     0  startup_stm32f40_41xxx.o(.text)
    DMA1_Stream0_IRQHandler                  0x08000267   Thumb Code     0  startup_stm32f40_41xxx.o(.text)
    DMA1_Stream1_IRQHandler                  0x08000267   Thumb Code     0  startup_stm32f40_41xxx.o(.text)
    DMA1_Stream2_IRQHandler                  0x08000267   Thumb Code     0  startup_stm32f40_41xxx.o(.text)
    DMA1_Stream3_IRQHandler                  0x08000267   Thumb Code     0  startup_stm32f40_41xxx.o(.text)
    DMA1_Stream4_IRQHandler                  0x08000267   Thumb Code     0  startup_stm32f40_41xxx.o(.text)
    DMA1_Stream5_IRQHandler                  0x08000267   Thumb Code     0  startup_stm32f40_41xxx.o(.text)
    DMA1_Stream6_IRQHandler                  0x08000267   Thumb Code     0  startup_stm32f40_41xxx.o(.text)
    DMA1_Stream7_IRQHandler                  0x08000267   Thumb Code     0  startup_stm32f40_41xxx.o(.text)
    DMA2_Stream0_IRQHandler                  0x08000267   Thumb Code     0  startup_stm32f40_41xxx.o(.text)
    DMA2_Stream1_IRQHandler                  0x08000267   Thumb Code     0  startup_stm32f40_41xxx.o(.text)
    DMA2_Stream2_IRQHandler                  0x08000267   Thumb Code     0  startup_stm32f40_41xxx.o(.text)
    DMA2_Stream3_IRQHandler                  0x08000267   Thumb Code     0  startup_stm32f40_41xxx.o(.text)
    DMA2_Stream4_IRQHandler                  0x08000267   Thumb Code     0  startup_stm32f40_41xxx.o(.text)
    DMA2_Stream5_IRQHandler                  0x08000267   Thumb Code     0  startup_stm32f40_41xxx.o(.text)
    DMA2_Stream6_IRQHandler                  0x08000267   Thumb Code     0  startup_stm32f40_41xxx.o(.text)
    DMA2_Stream7_IRQHandler                  0x08000267   Thumb Code     0  startup_stm32f40_41xxx.o(.text)
    ETH_IRQHandler                           0x08000267   Thumb Code     0  startup_stm32f40_41xxx.o(.text)
    ETH_WKUP_IRQHandler                      0x08000267   Thumb Code     0  startup_stm32f40_41xxx.o(.text)
    EXTI0_IRQHandler                         0x08000267   Thumb Code     0  startup_stm32f40_41xxx.o(.text)
    EXTI15_10_IRQHandler                     0x08000267   Thumb Code     0  startup_stm32f40_41xxx.o(.text)
    EXTI1_IRQHandler                         0x08000267   Thumb Code     0  startup_stm32f40_41xxx.o(.text)
    EXTI2_IRQHandler                         0x08000267   Thumb Code     0  startup_stm32f40_41xxx.o(.text)
    EXTI3_IRQHandler                         0x08000267   Thumb Code     0  startup_stm32f40_41xxx.o(.text)
    EXTI4_IRQHandler                         0x08000267   Thumb Code     0  startup_stm32f40_41xxx.o(.text)
    EXTI9_5_IRQHandler                       0x08000267   Thumb Code     0  startup_stm32f40_41xxx.o(.text)
    FLASH_IRQHandler                         0x08000267   Thumb Code     0  startup_stm32f40_41xxx.o(.text)
    FPU_IRQHandler                           0x08000267   Thumb Code     0  startup_stm32f40_41xxx.o(.text)
    FSMC_IRQHandler                          0x08000267   Thumb Code     0  startup_stm32f40_41xxx.o(.text)
    HASH_RNG_IRQHandler                      0x08000267   Thumb Code     0  startup_stm32f40_41xxx.o(.text)
    I2C1_ER_IRQHandler                       0x08000267   Thumb Code     0  startup_stm32f40_41xxx.o(.text)
    I2C1_EV_IRQHandler                       0x08000267   Thumb Code     0  startup_stm32f40_41xxx.o(.text)
    I2C2_ER_IRQHandler                       0x08000267   Thumb Code     0  startup_stm32f40_41xxx.o(.text)
    I2C2_EV_IRQHandler                       0x08000267   Thumb Code     0  startup_stm32f40_41xxx.o(.text)
    I2C3_ER_IRQHandler                       0x08000267   Thumb Code     0  startup_stm32f40_41xxx.o(.text)
    I2C3_EV_IRQHandler                       0x08000267   Thumb Code     0  startup_stm32f40_41xxx.o(.text)
    OTG_FS_IRQHandler                        0x08000267   Thumb Code     0  startup_stm32f40_41xxx.o(.text)
    OTG_FS_WKUP_IRQHandler                   0x08000267   Thumb Code     0  startup_stm32f40_41xxx.o(.text)
    OTG_HS_EP1_IN_IRQHandler                 0x08000267   Thumb Code     0  startup_stm32f40_41xxx.o(.text)
    OTG_HS_EP1_OUT_IRQHandler                0x08000267   Thumb Code     0  startup_stm32f40_41xxx.o(.text)
    OTG_HS_IRQHandler                        0x08000267   Thumb Code     0  startup_stm32f40_41xxx.o(.text)
    OTG_HS_WKUP_IRQHandler                   0x08000267   Thumb Code     0  startup_stm32f40_41xxx.o(.text)
    PVD_IRQHandler                           0x08000267   Thumb Code     0  startup_stm32f40_41xxx.o(.text)
    RCC_IRQHandler                           0x08000267   Thumb Code     0  startup_stm32f40_41xxx.o(.text)
    RTC_Alarm_IRQHandler                     0x08000267   Thumb Code     0  startup_stm32f40_41xxx.o(.text)
    RTC_WKUP_IRQHandler                      0x08000267   Thumb Code     0  startup_stm32f40_41xxx.o(.text)
    SDIO_IRQHandler                          0x08000267   Thumb Code     0  startup_stm32f40_41xxx.o(.text)
    SPI1_IRQHandler                          0x08000267   Thumb Code     0  startup_stm32f40_41xxx.o(.text)
    SPI2_IRQHandler                          0x08000267   Thumb Code     0  startup_stm32f40_41xxx.o(.text)
    SPI3_IRQHandler                          0x08000267   Thumb Code     0  startup_stm32f40_41xxx.o(.text)
    TAMP_STAMP_IRQHandler                    0x08000267   Thumb Code     0  startup_stm32f40_41xxx.o(.text)
    TIM1_BRK_TIM9_IRQHandler                 0x08000267   Thumb Code     0  startup_stm32f40_41xxx.o(.text)
    TIM1_CC_IRQHandler                       0x08000267   Thumb Code     0  startup_stm32f40_41xxx.o(.text)
    TIM1_TRG_COM_TIM11_IRQHandler            0x08000267   Thumb Code     0  startup_stm32f40_41xxx.o(.text)
    TIM1_UP_TIM10_IRQHandler                 0x08000267   Thumb Code     0  startup_stm32f40_41xxx.o(.text)
    TIM2_IRQHandler                          0x08000267   Thumb Code     0  startup_stm32f40_41xxx.o(.text)
    TIM3_IRQHandler                          0x08000267   Thumb Code     0  startup_stm32f40_41xxx.o(.text)
    TIM4_IRQHandler                          0x08000267   Thumb Code     0  startup_stm32f40_41xxx.o(.text)
    TIM5_IRQHandler                          0x08000267   Thumb Code     0  startup_stm32f40_41xxx.o(.text)
    TIM6_DAC_IRQHandler                      0x08000267   Thumb Code     0  startup_stm32f40_41xxx.o(.text)
    TIM7_IRQHandler                          0x08000267   Thumb Code     0  startup_stm32f40_41xxx.o(.text)
    TIM8_BRK_TIM12_IRQHandler                0x08000267   Thumb Code     0  startup_stm32f40_41xxx.o(.text)
    TIM8_CC_IRQHandler                       0x08000267   Thumb Code     0  startup_stm32f40_41xxx.o(.text)
    TIM8_TRG_COM_TIM14_IRQHandler            0x08000267   Thumb Code     0  startup_stm32f40_41xxx.o(.text)
    TIM8_UP_TIM13_IRQHandler                 0x08000267   Thumb Code     0  startup_stm32f40_41xxx.o(.text)
    UART4_IRQHandler                         0x08000267   Thumb Code     0  startup_stm32f40_41xxx.o(.text)
    UART5_IRQHandler                         0x08000267   Thumb Code     0  startup_stm32f40_41xxx.o(.text)
    USART2_IRQHandler                        0x08000267   Thumb Code     0  startup_stm32f40_41xxx.o(.text)
    USART3_IRQHandler                        0x08000267   Thumb Code     0  startup_stm32f40_41xxx.o(.text)
    USART6_IRQHandler                        0x08000267   Thumb Code     0  startup_stm32f40_41xxx.o(.text)
    WWDG_IRQHandler                          0x08000267   Thumb Code     0  startup_stm32f40_41xxx.o(.text)
    __user_initial_stackheap                 0x08000269   Thumb Code     0  startup_stm32f40_41xxx.o(.text)
    API_os_irq_disable                       0x0800028d   Thumb Code     0  eos_port1.o(.text)
    API_os_irq_enable                        0x08000291   Thumb Code     0  eos_port1.o(.text)
    API_os_psp_reset                         0x08000295   Thumb Code     0  eos_port1.o(.text)
    PendSV_Handler                           0x080002a3   Thumb Code     0  eos_port1.o(.text)
    __use_no_semihosting                     0x080002ed   Thumb Code     2  use_no_semi_2.o(.text)
    __2printf                                0x080002f1   Thumb Code    20  noretval__2printf.o(.text)
    _printf_pre_padding                      0x08000309   Thumb Code    44  _printf_pad.o(.text)
    _printf_post_padding                     0x08000335   Thumb Code    34  _printf_pad.o(.text)
    _printf_str                              0x08000357   Thumb Code    82  _printf_str.o(.text)
    _printf_int_dec                          0x080003a9   Thumb Code   104  _printf_dec.o(.text)
    __printf                                 0x08000421   Thumb Code   308  __printf_flags_wp.o(.text)
    strstr                                   0x08000559   Thumb Code    36  strstr.o(.text)
    strcpy                                   0x0800057d   Thumb Code    72  strcpy.o(.text)
    strlen                                   0x080005c5   Thumb Code    62  strlen.o(.text)
    strncmp                                  0x08000603   Thumb Code   150  strncmp.o(.text)
    __aeabi_memclr4                          0x08000699   Thumb Code     0  rt_memclr_w.o(.text)
    __aeabi_memclr8                          0x08000699   Thumb Code     0  rt_memclr_w.o(.text)
    __rt_memclr_w                            0x08000699   Thumb Code    78  rt_memclr_w.o(.text)
    _memset_w                                0x0800069d   Thumb Code     0  rt_memclr_w.o(.text)
    strcmp                                   0x080006e9   Thumb Code   128  strcmpv7m.o(.text)
    __use_two_region_memory                  0x08000769   Thumb Code     2  heapauxi.o(.text)
    __rt_heap_escrow$2region                 0x0800076b   Thumb Code     2  heapauxi.o(.text)
    __rt_heap_expand$2region                 0x0800076d   Thumb Code     2  heapauxi.o(.text)
    __I$use$semihosting                      0x0800076f   Thumb Code     0  use_no_semi.o(.text)
    __use_no_semihosting_swi                 0x0800076f   Thumb Code     2  use_no_semi.o(.text)
    _printf_int_common                       0x08000771   Thumb Code   178  _printf_intcommon.o(.text)
    __lib_sel_fp_printf                      0x08000823   Thumb Code     2  _printf_fp_dec.o(.text)
    _printf_fp_dec_real                      0x080009d5   Thumb Code   620  _printf_fp_dec.o(.text)
    _printf_cs_common                        0x08000c41   Thumb Code    20  _printf_char.o(.text)
    _printf_char                             0x08000c55   Thumb Code    16  _printf_char.o(.text)
    _printf_string                           0x08000c65   Thumb Code     8  _printf_char.o(.text)
    _printf_char_file                        0x08000c6d   Thumb Code    32  _printf_char_file.o(.text)
    __rt_locale                              0x08000c91   Thumb Code     8  rt_locale_intlibspace.o(.text)
    _ll_udiv10                               0x08000c99   Thumb Code   138  lludiv10.o(.text)
    _printf_char_common                      0x08000d2f   Thumb Code    32  _printf_char_common.o(.text)
    _printf_fp_infnan                        0x08000d55   Thumb Code   112  _printf_fp_infnan.o(.text)
    _btod_etento                             0x08000dd5   Thumb Code   224  bigflt0.o(.text)
    ferror                                   0x08000eb9   Thumb Code     8  ferror.o(.text)
    __user_libspace                          0x08000ec1   Thumb Code     8  libspace.o(.text)
    __user_perproc_libspace                  0x08000ec1   Thumb Code     0  libspace.o(.text)
    __user_perthread_libspace                0x08000ec1   Thumb Code     0  libspace.o(.text)
    __user_setup_stackheap                   0x08000ec9   Thumb Code    74  sys_stackheap_outer.o(.text)
    exit                                     0x08000f13   Thumb Code    18  exit.o(.text)
    _btod_d2e                                0x08000f25   Thumb Code    62  btod.o(CL$$btod_d2e)
    _d2e_denorm_low                          0x08000f63   Thumb Code    70  btod.o(CL$$btod_d2e_denorm_low)
    _d2e_norm_op1                            0x08000fa9   Thumb Code    96  btod.o(CL$$btod_d2e_norm_op1)
    __btod_div_common                        0x08001009   Thumb Code   696  btod.o(CL$$btod_div_common)
    _e2e                                     0x08001341   Thumb Code   220  btod.o(CL$$btod_e2e)
    _btod_ediv                               0x0800141d   Thumb Code    42  btod.o(CL$$btod_ediv)
    _btod_emul                               0x08001447   Thumb Code    42  btod.o(CL$$btod_emul)
    __btod_mult_common                       0x08001471   Thumb Code   580  btod.o(CL$$btod_mult_common)
    API_os_sched_pulse                       0x080016b5   Thumb Code    18  eos_port2.o(i.API_os_sched_pulse)
    API_os_svc_init                          0x080016cd   Thumb Code     8  eos_port2.o(i.API_os_svc_init)
    API_os_systick_handler                   0x080016d9   Thumb Code   440  eos.o(i.API_os_systick_handler)
    API_os_systick_init                      0x080018c1   Thumb Code    34  eos_port2.o(i.API_os_systick_init)
    API_os_systick_irq_on                    0x080018ed   Thumb Code    18  eos_port2.o(i.API_os_systick_irq_on)
    BusFault_Handler                         0x080018ff   Thumb Code     4  stm32f4xx_it.o(i.BusFault_Handler)
    DebugMon_Handler                         0x08001903   Thumb Code     2  stm32f4xx_it.o(i.DebugMon_Handler)
    GPIO_Init                                0x08001905   Thumb Code   144  stm32f4xx_gpio.o(i.GPIO_Init)
    GPIO_PinAFConfig                         0x08001995   Thumb Code    70  stm32f4xx_gpio.o(i.GPIO_PinAFConfig)
    GPIO_ResetBits                           0x080019db   Thumb Code     4  stm32f4xx_gpio.o(i.GPIO_ResetBits)
    GPIO_SetBits                             0x080019df   Thumb Code     4  stm32f4xx_gpio.o(i.GPIO_SetBits)
    HardFault_Handler                        0x080019e5   Thumb Code    28  eos_plugin_shell.o(i.HardFault_Handler)
    LED_Init                                 0x08001a25   Thumb Code    60  led.o(i.LED_Init)
    MemManage_Handler                        0x08001a65   Thumb Code     4  stm32f4xx_it.o(i.MemManage_Handler)
    NMI_Handler                              0x08001a69   Thumb Code     2  stm32f4xx_it.o(i.NMI_Handler)
    NVIC_Init                                0x08001a6d   Thumb Code   106  misc.o(i.NVIC_Init)
    RCC_AHB1PeriphClockCmd                   0x08001ae5   Thumb Code    26  stm32f4xx_rcc.o(i.RCC_AHB1PeriphClockCmd)
    RCC_APB2PeriphClockCmd                   0x08001b05   Thumb Code    26  stm32f4xx_rcc.o(i.RCC_APB2PeriphClockCmd)
    RCC_GetClocksFreq                        0x08001b25   Thumb Code   214  stm32f4xx_rcc.o(i.RCC_GetClocksFreq)
    SVC_Handler                              0x08001c0d   Thumb Code     2  stm32f4xx_it.o(i.SVC_Handler)
    SysTick_Handler                          0x08001cfd   Thumb Code     8  eos_port2.o(i.SysTick_Handler)
    SystemInit                               0x08001d05   Thumb Code    88  system_stm32f4xx.o(i.SystemInit)
    USART1_IRQHandler                        0x08001d6d   Thumb Code    30  usart.o(i.USART1_IRQHandler)
    USART_Cmd                                0x08001d91   Thumb Code    24  stm32f4xx_usart.o(i.USART_Cmd)
    USART_GetITStatus                        0x08001da9   Thumb Code    84  stm32f4xx_usart.o(i.USART_GetITStatus)
    USART_ITConfig                           0x08001dfd   Thumb Code    74  stm32f4xx_usart.o(i.USART_ITConfig)
    USART_Init                               0x08001e49   Thumb Code   204  stm32f4xx_usart.o(i.USART_Init)
    USART_ReceiveData                        0x08001f1d   Thumb Code    10  stm32f4xx_usart.o(i.USART_ReceiveData)
    UsageFault_Handler                       0x08001f27   Thumb Code     4  stm32f4xx_it.o(i.UsageFault_Handler)
    __ARM_fpclassify                         0x08001f2b   Thumb Code    48  fpclassify.o(i.__ARM_fpclassify)
    _is_digit                                0x08001f5b   Thumb Code    14  __printf_wp.o(i._is_digit)
    _sys_exit                                0x08001f69   Thumb Code     4  usart.o(i._sys_exit)
    access_exist                             0x08001f6d   Thumb Code     8  eos_plugin_shell.o(i.access_exist)
    app_01                                   0x08001f7d   Thumb Code    46  eos_main.o(i.app_01)
    app_02                                   0x08001fc5   Thumb Code    46  eos_main.o(i.app_02)
    app_idle                                 0x0800200d   Thumb Code    12  eos.o(i.app_idle)
    app_led                                  0x08002019   Thumb Code    60  eos_main.o(i.app_led)
    app_rdy_tbl_reset                        0x08002059   Thumb Code    42  eos.o(i.app_rdy_tbl_reset)
    app_rdy_tbl_set                          0x08002089   Thumb Code    44  eos.o(i.app_rdy_tbl_set)
    app_shell                                0x080020b9   Thumb Code    88  eos_plugin_shell.o(i.app_shell)
    app_system_core                          0x08002151   Thumb Code    18  eos.o(i.app_system_core)
    fputc                                    0x08002165   Thumb Code    22  usart.o(i.fputc)
    main                                     0x08002181   Thumb Code    10  main.o(i.main)
    os_app_create                            0x0800218d   Thumb Code   250  eos.o(i.os_app_create)
    os_app_create_core                       0x0800228d   Thumb Code    82  eos.o(i.os_app_create_core)
    os_app_create_idle                       0x080022f9   Thumb Code    66  eos.o(i.os_app_create_idle)
    os_app_idle_core_process                 0x08002351   Thumb Code    12  eos.o(i.os_app_idle_core_process)
    os_app_prio_from_app                     0x0800235d   Thumb Code    38  eos.o(i.os_app_prio_from_app)
    os_app_rdy_num_update                    0x08002389   Thumb Code    26  eos.o(i.os_app_rdy_num_update)
    os_app_restart_other                     0x080023ad   Thumb Code   118  eos.o(i.os_app_restart_other)
    os_app_restart_process                   0x08002429   Thumb Code    50  eos.o(i.os_app_restart_process)
    os_app_resume                            0x08002461   Thumb Code    48  eos.o(i.os_app_resume)
    os_app_shell_create                      0x08002495   Thumb Code    86  eos_plugin_shell.o(i.os_app_shell_create)
    os_app_sleep                             0x08002505   Thumb Code    40  eos.o(i.os_app_sleep)
    os_app_stack_malloc                      0x08002535   Thumb Code   100  eos.o(i.os_app_stack_malloc)
    os_app_stk_init                          0x080025c5   Thumb Code    46  eos.o(i.os_app_stk_init)
    os_app_suspend                           0x080025f5   Thumb Code    52  eos.o(i.os_app_suspend)
    os_app_system_core_process               0x0800262d   Thumb Code    16  eos.o(i.os_app_system_core_process)
    os_char_in_string_position_get           0x0800263d   Thumb Code    24  eos_plugin_shell.o(i.os_char_in_string_position_get)
    os_cmd_enter                             0x08002655   Thumb Code    14  eos_plugin_shell.o(i.os_cmd_enter)
    os_cmd_enter_tips                        0x0800266d   Thumb Code    18  eos_plugin_shell.o(i.os_cmd_enter_tips)
    os_cmd_exit                              0x0800268d   Thumb Code    14  eos_plugin_shell.o(i.os_cmd_exit)
    os_cmd_exit_tips                         0x080026a5   Thumb Code    18  eos_plugin_shell.o(i.os_cmd_exit_tips)
    os_cpu_occrate_calculation_process       0x080026c5   Thumb Code   120  eos_plugin_shell.o(i.os_cpu_occrate_calculation_process)
    os_debug_print_disable                   0x08002749   Thumb Code     8  eos.o(i.os_debug_print_disable)
    os_debug_print_enable                    0x08002755   Thumb Code     8  eos.o(i.os_debug_print_enable)
    os_dwg_feed                              0x08002761   Thumb Code     2  eos.o(i.os_dwg_feed)
    os_hard_reset                            0x08002765   Thumb Code    46  eos_plugin_shell.o(i.os_hard_reset)
    os_hard_reset_tips                       0x0800279d   Thumb Code    18  eos_plugin_shell.o(i.os_hard_reset_tips)
    os_idle_handler_hook                     0x080027cd   Thumb Code     2  eos.o(i.os_idle_handler_hook)
    os_information_process                   0x080027d1   Thumb Code   570  eos_plugin_shell.o(i.os_information_process)
    os_init                                  0x08002a7d   Thumb Code   136  eos.o(i.os_init)
    os_lock                                  0x08002b19   Thumb Code    12  eos.o(i.os_lock)
    os_main                                  0x08002b29   Thumb Code    82  eos_main.o(i.os_main)
    os_off                                   0x08002ba1   Thumb Code    62  eos_plugin_shell.o(i.os_off)
    os_off_tips                              0x08002be9   Thumb Code    18  eos_plugin_shell.o(i.os_off_tips)
    os_on                                    0x08002c19   Thumb Code    78  eos_plugin_shell.o(i.os_on)
    os_on_tips                               0x08002c79   Thumb Code    18  eos_plugin_shell.o(i.os_on_tips)
    os_sched_and_switch                      0x08002cad   Thumb Code    30  eos.o(i.os_sched_and_switch)
    os_sched_and_switch_force                0x08002cd9   Thumb Code    18  eos.o(i.os_sched_and_switch_force)
    os_scheduler                             0x08002cf1   Thumb Code    74  eos.o(i.os_scheduler)
    os_shell_compare                         0x08002d49   Thumb Code    32  eos_plugin_shell.o(i.os_shell_compare)
    os_shell_compare_dig                     0x08002d6d   Thumb Code    74  eos_plugin_shell.o(i.os_shell_compare_dig)
    os_shell_compares                        0x08002dbd   Thumb Code    30  eos_plugin_shell.o(i.os_shell_compares)
    os_shell_cpu_occrate_counter_process     0x08002de1   Thumb Code    82  eos_plugin_shell.o(i.os_shell_cpu_occrate_counter_process)
    os_shell_dig_grab                        0x08002e45   Thumb Code    64  eos_plugin_shell.o(i.os_shell_dig_grab)
    os_shell_handle_process                  0x08002e89   Thumb Code  1886  eos_plugin_shell.o(i.os_shell_handle_process)
    os_shell_input                           0x08003605   Thumb Code   288  eos_plugin_shell.o(i.os_shell_input)
    os_shell_run_time_counter_process        0x08003745   Thumb Code   504  eos_plugin_shell.o(i.os_shell_run_time_counter_process)
    os_shell_rx_buff_clean                   0x08003989   Thumb Code    14  eos_plugin_shell.o(i.os_shell_rx_buff_clean)
    os_shell_string_len_get                  0x0800399d   Thumb Code    18  eos_plugin_shell.o(i.os_shell_string_len_get)
    os_shell_string_move                     0x080039af   Thumb Code    90  eos_plugin_shell.o(i.os_shell_string_move)
    os_shell_uint_get                        0x08003a09   Thumb Code    22  eos_plugin_shell.o(i.os_shell_uint_get)
    os_shutdown_cancel_tips                  0x08003a29   Thumb Code    44  eos_plugin_shell.o(i.os_shutdown_cancel_tips)
    os_shutdown_delaytime_add_ymdhms         0x08003a7d   Thumb Code    58  eos_plugin_shell.o(i.os_shutdown_delaytime_add_ymdhms)
    os_shutdown_delaytime_set_ymdhms         0x08003abd   Thumb Code    22  eos_plugin_shell.o(i.os_shutdown_delaytime_set_ymdhms)
    os_shutdown_tips                         0x08003ad9   Thumb Code    44  eos_plugin_shell.o(i.os_shutdown_tips)
    os_startup                               0x08003b2d   Thumb Code    36  eos.o(i.os_startup)
    os_stk_calculation_process               0x08003b51   Thumb Code    86  eos_plugin_shell.o(i.os_stk_calculation_process)
    os_systick_handler_hook                  0x08003bb1   Thumb Code    64  eos_plugin_shell.o(i.os_systick_handler_hook)
    os_timer_handler                         0x08003bf5   Thumb Code     2  eos.o(i.os_timer_handler)
    os_unlock                                0x08003bf9   Thumb Code    12  eos.o(i.os_unlock)
    os_user_init                             0x08003c09   Thumb Code    48  eos_main.o(i.os_user_init)
    string_float_convert                     0x08003c41   Thumb Code   406  eos_plugin_shell.o(i.string_float_convert)
    string_hex32_convert                     0x08003de9   Thumb Code   234  eos_plugin_shell.o(i.string_hex32_convert)
    string_hex_convert                       0x08003ed3   Thumb Code   220  eos_plugin_shell.o(i.string_hex_convert)
    string_int_convert                       0x08003faf   Thumb Code   130  eos_plugin_shell.o(i.string_int_convert)
    string_uint_convert                      0x08004031   Thumb Code   104  eos_plugin_shell.o(i.string_uint_convert)
    uart_init                                0x08004099   Thumb Code   164  usart.o(i.uart_init)
    user_cmd_add                             0x08004145   Thumb Code    56  eos_plugin_shell.o(i.user_cmd_add)
    _get_lc_numeric                          0x080041b5   Thumb Code    44  lc_numeric_c.o(locale$$code)
    __aeabi_dadd                             0x080041e1   Thumb Code     0  daddsub_clz.o(x$fpl$dadd)
    _dadd                                    0x080041e1   Thumb Code   332  daddsub_clz.o(x$fpl$dadd)
    __aeabi_ddiv                             0x08004331   Thumb Code     0  ddiv.o(x$fpl$ddiv)
    _ddiv                                    0x08004331   Thumb Code   552  ddiv.o(x$fpl$ddiv)
    __aeabi_d2uiz                            0x080045e1   Thumb Code     0  dfixu.o(x$fpl$dfixu)
    _dfixu                                   0x080045e1   Thumb Code    90  dfixu.o(x$fpl$dfixu)
    __aeabi_i2d                              0x0800463b   Thumb Code     0  dflt_clz.o(x$fpl$dflt)
    _dflt                                    0x0800463b   Thumb Code    46  dflt_clz.o(x$fpl$dflt)
    __aeabi_ui2d                             0x08004669   Thumb Code     0  dflt_clz.o(x$fpl$dfltu)
    _dfltu                                   0x08004669   Thumb Code    38  dflt_clz.o(x$fpl$dfltu)
    __aeabi_dmul                             0x08004691   Thumb Code     0  dmul.o(x$fpl$dmul)
    _dmul                                    0x08004691   Thumb Code   332  dmul.o(x$fpl$dmul)
    __fpl_dnaninf                            0x080047e5   Thumb Code   156  dnaninf.o(x$fpl$dnaninf)
    __fpl_dretinf                            0x08004881   Thumb Code    12  dretinf.o(x$fpl$dretinf)
    __aeabi_dsub                             0x0800488d   Thumb Code     0  daddsub_clz.o(x$fpl$dsub)
    _dsub                                    0x0800488d   Thumb Code   464  daddsub_clz.o(x$fpl$dsub)
    _fp_init                                 0x08004a61   Thumb Code    10  fpinit.o(x$fpl$fpinit)
    __fplib_config_fpu_vfp                   0x08004a69   Thumb Code     0  fpinit.o(x$fpl$fpinit)
    __fplib_config_pureend_doubles           0x08004a69   Thumb Code     0  fpinit.o(x$fpl$fpinit)
    _printf_fp_dec                           0x08004a6b   Thumb Code     4  printf1.o(x$fpl$printf1)
    __I$use$fp                               0x08004a6e   Number         0  usenofp.o(x$fpl$usenofp)
    cmd_enter                                0x08004a6e   Data           6  eos_plugin_shell.o(.constdata)
    cmd_exit                                 0x08004a74   Data           5  eos_plugin_shell.o(.constdata)
    cmd_osinformation                        0x08004a79   Data          12  eos_plugin_shell.o(.constdata)
    cmd_shutdown_r_now                       0x08004a85   Data          15  eos_plugin_shell.o(.constdata)
    cmd_shutdown_h_now                       0x08004a94   Data          15  eos_plugin_shell.o(.constdata)
    cmd_shutdown_td                          0x08004aa3   Data          15  eos_plugin_shell.o(.constdata)
    cmd_shutdown_th                          0x08004ab2   Data          15  eos_plugin_shell.o(.constdata)
    cmd_shutdown_tm                          0x08004ac1   Data          15  eos_plugin_shell.o(.constdata)
    cmd_shutdown_ts                          0x08004ad0   Data          15  eos_plugin_shell.o(.constdata)
    cmd_shutdown_hd                          0x08004adf   Data          15  eos_plugin_shell.o(.constdata)
    cmd_shutdown_hh                          0x08004aee   Data          15  eos_plugin_shell.o(.constdata)
    cmd_shutdown_hm                          0x08004afd   Data          15  eos_plugin_shell.o(.constdata)
    cmd_shutdown_hs                          0x08004b0c   Data          15  eos_plugin_shell.o(.constdata)
    cmd_shutdown_ht                          0x08004b1b   Data          30  eos_plugin_shell.o(.constdata)
    cmd_shutdown_c                           0x08004b39   Data          11  eos_plugin_shell.o(.constdata)
    cmd_shutdown_j                           0x08004b44   Data          11  eos_plugin_shell.o(.constdata)
    cmd_reboot                               0x08004b4f   Data           7  eos_plugin_shell.o(.constdata)
    cmd_startup                              0x08004b56   Data           8  eos_plugin_shell.o(.constdata)
    cmd_system_iap                           0x08004b5e   Data          11  eos_plugin_shell.o(.constdata)
    cmd_system_rap                           0x08004b69   Data          11  eos_plugin_shell.o(.constdata)
    cmd_user_load                            0x08004b74   Data           5  eos_plugin_shell.o(.constdata)
    cmd_user_unload                          0x08004b79   Data           7  eos_plugin_shell.o(.constdata)
    cmd_access                               0x08004b80   Data           7  eos_plugin_shell.o(.constdata)
    cmd_rtc_set                              0x08004b87   Data          26  eos_plugin_shell.o(.constdata)
    cmd_rtc_read                             0x08004ba1   Data           4  eos_plugin_shell.o(.constdata)
    Region$$Table$$Base                      0x08004f80   Number         0  anon$$obj.o(Region$$Table)
    Region$$Table$$Limit                     0x08004fa0   Number         0  anon$$obj.o(Region$$Table)
    SystemCoreClock                          0x20000000   Data           4  system_stm32f4xx.o(.data)
    AHBPrescTable                            0x20000004   Data          16  system_stm32f4xx.o(.data)
    __stdout                                 0x20000014   Data           4  usart.o(.data)
    USART_RX_STA                             0x20000018   Data           2  usart.o(.data)
    os_stack_info                            0x2000002c   Data           4  eos.o(.data)
    os_acb_cur                               0x20000030   Data           4  eos.o(.data)
    os_acb_rdy                               0x20000034   Data           4  eos.o(.data)
    BIT_MAP                                  0x20000038   Data          16  eos.o(.data)
    user01                                   0x20000048   Data          13  eos_plugin_shell.o(.data)
    user02                                   0x20000055   Data          12  eos_plugin_shell.o(.data)
    OS_STACK                                 0x20000068   Data        4096  eos.o(.bss)
    os_acb_list                              0x20001068   Data         360  eos.o(.bss)
    os_sys                                   0x200011d0   Data          32  eos.o(.bss)
    APP_IDLE_STK                             0x200011f0   Data         512  eos.o(.bss)
    APP_CORE_STK                             0x200013f0   Data        1024  eos.o(.bss)
    os_shell_cmd                             0x200017f0   Data        1200  eos_plugin_shell.o(.bss)
    os_shell_time                            0x20001ca0   Data          20  eos_plugin_shell.o(.bss)
    os_shell_data                            0x20001cb4   Data         112  eos_plugin_shell.o(.bss)
    secure_param                             0x20001d24   Data          24  eos_plugin_shell.o(.bss)
    APP_SHELL_STK                            0x20001d40   Data        1024  eos_plugin_shell.o(.bss)
    __libspace_start                         0x20002140   Data          96  libspace.o(.bss)
    __temporary_stack_top$libspace           0x200021a0   Data           0  libspace.o(.bss)



==============================================================================

Memory Map of the image

  Image Entry point : 0x08000189

  Load Region LR_IROM1 (Base: 0x08000000, Size: 0x00005020, Max: 0x00100000, ABSOLUTE)

    Execution Region ER_IROM1 (Exec base: 0x08000000, Load base: 0x08000000, Size: 0x00004fbc, Max: 0x00100000, ABSOLUTE)

    Exec Addr    Load Addr    Size         Type   Attr      Idx    E Section Name        Object

    0x08000000   0x08000000   0x00000188   Data   RO          354    RESET               startup_stm32f40_41xxx.o
    0x08000188   0x08000188   0x00000008   Code   RO         1847  * !!!main             c_w.l(__main.o)
    0x08000190   0x08000190   0x00000034   Code   RO         2091    !!!scatter          c_w.l(__scatter.o)
    0x080001c4   0x080001c4   0x0000001a   Code   RO         2093    !!handler_copy      c_w.l(__scatter_copy.o)
    0x080001de   0x080001de   0x00000002   PAD
    0x080001e0   0x080001e0   0x0000001c   Code   RO         2095    !!handler_zi        c_w.l(__scatter_zi.o)
    0x080001fc   0x080001fc   0x00000000   Code   RO         1828    .ARM.Collect$$_printf_percent$$00000000  c_w.l(_printf_percent.o)
    0x080001fc   0x080001fc   0x00000006   Code   RO         1827    .ARM.Collect$$_printf_percent$$00000003  c_w.l(_printf_f.o)
    0x08000202   0x08000202   0x00000006   Code   RO         1826    .ARM.Collect$$_printf_percent$$00000009  c_w.l(_printf_d.o)
    0x08000208   0x08000208   0x00000006   Code   RO         1825    .ARM.Collect$$_printf_percent$$00000014  c_w.l(_printf_s.o)
    0x0800020e   0x0800020e   0x00000004   Code   RO         1884    .ARM.Collect$$_printf_percent$$00000017  c_w.l(_printf_percent_end.o)
    0x08000212   0x08000212   0x00000002   Code   RO         1966    .ARM.Collect$$libinit$$00000000  c_w.l(libinit.o)
    0x08000214   0x08000214   0x00000004   Code   RO         1967    .ARM.Collect$$libinit$$00000001  c_w.l(libinit2.o)
    0x08000218   0x08000218   0x00000000   Code   RO         1970    .ARM.Collect$$libinit$$00000004  c_w.l(libinit2.o)
    0x08000218   0x08000218   0x00000000   Code   RO         1973    .ARM.Collect$$libinit$$0000000A  c_w.l(libinit2.o)
    0x08000218   0x08000218   0x00000000   Code   RO         1975    .ARM.Collect$$libinit$$0000000C  c_w.l(libinit2.o)
    0x08000218   0x08000218   0x00000000   Code   RO         1977    .ARM.Collect$$libinit$$0000000E  c_w.l(libinit2.o)
    0x08000218   0x08000218   0x00000006   Code   RO         1978    .ARM.Collect$$libinit$$0000000F  c_w.l(libinit2.o)
    0x0800021e   0x0800021e   0x00000000   Code   RO         1980    .ARM.Collect$$libinit$$00000011  c_w.l(libinit2.o)
    0x0800021e   0x0800021e   0x00000000   Code   RO         1982    .ARM.Collect$$libinit$$00000013  c_w.l(libinit2.o)
    0x0800021e   0x0800021e   0x00000000   Code   RO         1984    .ARM.Collect$$libinit$$00000015  c_w.l(libinit2.o)
    0x0800021e   0x0800021e   0x0000000a   Code   RO         1985    .ARM.Collect$$libinit$$00000016  c_w.l(libinit2.o)
    0x08000228   0x08000228   0x00000000   Code   RO         1986    .ARM.Collect$$libinit$$00000017  c_w.l(libinit2.o)
    0x08000228   0x08000228   0x00000000   Code   RO         1988    .ARM.Collect$$libinit$$00000019  c_w.l(libinit2.o)
    0x08000228   0x08000228   0x00000000   Code   RO         1990    .ARM.Collect$$libinit$$0000001B  c_w.l(libinit2.o)
    0x08000228   0x08000228   0x00000000   Code   RO         1992    .ARM.Collect$$libinit$$0000001D  c_w.l(libinit2.o)
    0x08000228   0x08000228   0x00000000   Code   RO         1994    .ARM.Collect$$libinit$$0000001F  c_w.l(libinit2.o)
    0x08000228   0x08000228   0x00000000   Code   RO         1996    .ARM.Collect$$libinit$$00000021  c_w.l(libinit2.o)
    0x08000228   0x08000228   0x00000000   Code   RO         1998    .ARM.Collect$$libinit$$00000023  c_w.l(libinit2.o)
    0x08000228   0x08000228   0x00000000   Code   RO         2000    .ARM.Collect$$libinit$$00000025  c_w.l(libinit2.o)
    0x08000228   0x08000228   0x00000000   Code   RO         2004    .ARM.Collect$$libinit$$0000002C  c_w.l(libinit2.o)
    0x08000228   0x08000228   0x00000000   Code   RO         2006    .ARM.Collect$$libinit$$0000002E  c_w.l(libinit2.o)
    0x08000228   0x08000228   0x00000000   Code   RO         2008    .ARM.Collect$$libinit$$00000030  c_w.l(libinit2.o)
    0x08000228   0x08000228   0x00000000   Code   RO         2010    .ARM.Collect$$libinit$$00000032  c_w.l(libinit2.o)
    0x08000228   0x08000228   0x00000002   Code   RO         2011    .ARM.Collect$$libinit$$00000033  c_w.l(libinit2.o)
    0x0800022a   0x0800022a   0x00000002   Code   RO         2039    .ARM.Collect$$libshutdown$$00000000  c_w.l(libshutdown.o)
    0x0800022c   0x0800022c   0x00000000   Code   RO         2048    .ARM.Collect$$libshutdown$$00000002  c_w.l(libshutdown2.o)
    0x0800022c   0x0800022c   0x00000000   Code   RO         2050    .ARM.Collect$$libshutdown$$00000004  c_w.l(libshutdown2.o)
    0x0800022c   0x0800022c   0x00000000   Code   RO         2052    .ARM.Collect$$libshutdown$$00000006  c_w.l(libshutdown2.o)
    0x0800022c   0x0800022c   0x00000000   Code   RO         2055    .ARM.Collect$$libshutdown$$00000009  c_w.l(libshutdown2.o)
    0x0800022c   0x0800022c   0x00000000   Code   RO         2058    .ARM.Collect$$libshutdown$$0000000C  c_w.l(libshutdown2.o)
    0x0800022c   0x0800022c   0x00000000   Code   RO         2060    .ARM.Collect$$libshutdown$$0000000E  c_w.l(libshutdown2.o)
    0x0800022c   0x0800022c   0x00000000   Code   RO         2063    .ARM.Collect$$libshutdown$$00000011  c_w.l(libshutdown2.o)
    0x0800022c   0x0800022c   0x00000002   Code   RO         2064    .ARM.Collect$$libshutdown$$00000012  c_w.l(libshutdown2.o)
    0x0800022e   0x0800022e   0x00000000   Code   RO         1875    .ARM.Collect$$rtentry$$00000000  c_w.l(__rtentry.o)
    0x0800022e   0x0800022e   0x00000000   Code   RO         1891    .ARM.Collect$$rtentry$$00000002  c_w.l(__rtentry2.o)
    0x0800022e   0x0800022e   0x00000006   Code   RO         1903    .ARM.Collect$$rtentry$$00000004  c_w.l(__rtentry4.o)
    0x08000234   0x08000234   0x00000000   Code   RO         1893    .ARM.Collect$$rtentry$$00000009  c_w.l(__rtentry2.o)
    0x08000234   0x08000234   0x00000004   Code   RO         1894    .ARM.Collect$$rtentry$$0000000A  c_w.l(__rtentry2.o)
    0x08000238   0x08000238   0x00000000   Code   RO         1896    .ARM.Collect$$rtentry$$0000000C  c_w.l(__rtentry2.o)
    0x08000238   0x08000238   0x00000008   Code   RO         1897    .ARM.Collect$$rtentry$$0000000D  c_w.l(__rtentry2.o)
    0x08000240   0x08000240   0x00000002   Code   RO         2012    .ARM.Collect$$rtexit$$00000000  c_w.l(rtexit.o)
    0x08000242   0x08000242   0x00000000   Code   RO         2019    .ARM.Collect$$rtexit$$00000002  c_w.l(rtexit2.o)
    0x08000242   0x08000242   0x00000004   Code   RO         2020    .ARM.Collect$$rtexit$$00000003  c_w.l(rtexit2.o)
    0x08000246   0x08000246   0x00000006   Code   RO         2021    .ARM.Collect$$rtexit$$00000004  c_w.l(rtexit2.o)
    0x0800024c   0x0800024c   0x00000040   Code   RO          355    .text               startup_stm32f40_41xxx.o
    0x0800028c   0x0800028c   0x00000060   Code   RO         1394    .text               eos_port1.o
    0x080002ec   0x080002ec   0x00000002   Code   RO         1791    .text               c_w.l(use_no_semi_2.o)
    0x080002ee   0x080002ee   0x00000002   PAD
    0x080002f0   0x080002f0   0x00000018   Code   RO         1795    .text               c_w.l(noretval__2printf.o)
    0x08000308   0x08000308   0x0000004e   Code   RO         1799    .text               c_w.l(_printf_pad.o)
    0x08000356   0x08000356   0x00000052   Code   RO         1801    .text               c_w.l(_printf_str.o)
    0x080003a8   0x080003a8   0x00000078   Code   RO         1803    .text               c_w.l(_printf_dec.o)
    0x08000420   0x08000420   0x00000138   Code   RO         1817    .text               c_w.l(__printf_flags_wp.o)
    0x08000558   0x08000558   0x00000024   Code   RO         1829    .text               c_w.l(strstr.o)
    0x0800057c   0x0800057c   0x00000048   Code   RO         1831    .text               c_w.l(strcpy.o)
    0x080005c4   0x080005c4   0x0000003e   Code   RO         1833    .text               c_w.l(strlen.o)
    0x08000602   0x08000602   0x00000096   Code   RO         1835    .text               c_w.l(strncmp.o)
    0x08000698   0x08000698   0x0000004e   Code   RO         1841    .text               c_w.l(rt_memclr_w.o)
    0x080006e6   0x080006e6   0x00000002   PAD
    0x080006e8   0x080006e8   0x00000080   Code   RO         1843    .text               c_w.l(strcmpv7m.o)
    0x08000768   0x08000768   0x00000006   Code   RO         1845    .text               c_w.l(heapauxi.o)
    0x0800076e   0x0800076e   0x00000002   Code   RO         1873    .text               c_w.l(use_no_semi.o)
    0x08000770   0x08000770   0x000000b2   Code   RO         1876    .text               c_w.l(_printf_intcommon.o)
    0x08000822   0x08000822   0x0000041e   Code   RO         1878    .text               c_w.l(_printf_fp_dec.o)
    0x08000c40   0x08000c40   0x0000002c   Code   RO         1880    .text               c_w.l(_printf_char.o)
    0x08000c6c   0x08000c6c   0x00000024   Code   RO         1882    .text               c_w.l(_printf_char_file.o)
    0x08000c90   0x08000c90   0x00000008   Code   RO         1908    .text               c_w.l(rt_locale_intlibspace.o)
    0x08000c98   0x08000c98   0x0000008a   Code   RO         1910    .text               c_w.l(lludiv10.o)
    0x08000d22   0x08000d22   0x00000002   PAD
    0x08000d24   0x08000d24   0x00000030   Code   RO         1912    .text               c_w.l(_printf_char_common.o)
    0x08000d54   0x08000d54   0x00000080   Code   RO         1914    .text               c_w.l(_printf_fp_infnan.o)
    0x08000dd4   0x08000dd4   0x000000e4   Code   RO         1916    .text               c_w.l(bigflt0.o)
    0x08000eb8   0x08000eb8   0x00000008   Code   RO         1941    .text               c_w.l(ferror.o)
    0x08000ec0   0x08000ec0   0x00000008   Code   RO         1952    .text               c_w.l(libspace.o)
    0x08000ec8   0x08000ec8   0x0000004a   Code   RO         1955    .text               c_w.l(sys_stackheap_outer.o)
    0x08000f12   0x08000f12   0x00000012   Code   RO         1959    .text               c_w.l(exit.o)
    0x08000f24   0x08000f24   0x0000003e   Code   RO         1919    CL$$btod_d2e        c_w.l(btod.o)
    0x08000f62   0x08000f62   0x00000046   Code   RO         1921    CL$$btod_d2e_denorm_low  c_w.l(btod.o)
    0x08000fa8   0x08000fa8   0x00000060   Code   RO         1920    CL$$btod_d2e_norm_op1  c_w.l(btod.o)
    0x08001008   0x08001008   0x00000338   Code   RO         1929    CL$$btod_div_common  c_w.l(btod.o)
    0x08001340   0x08001340   0x000000dc   Code   RO         1926    CL$$btod_e2e        c_w.l(btod.o)
    0x0800141c   0x0800141c   0x0000002a   Code   RO         1923    CL$$btod_ediv       c_w.l(btod.o)
    0x08001446   0x08001446   0x0000002a   Code   RO         1922    CL$$btod_emul       c_w.l(btod.o)
    0x08001470   0x08001470   0x00000244   Code   RO         1928    CL$$btod_mult_common  c_w.l(btod.o)
    0x080016b4   0x080016b4   0x00000018   Code   RO         1399    i.API_os_sched_pulse  eos_port2.o
    0x080016cc   0x080016cc   0x0000000c   Code   RO         1400    i.API_os_svc_init   eos_port2.o
    0x080016d8   0x080016d8   0x000001e8   Code   RO         1081    i.API_os_systick_handler  eos.o
    0x080018c0   0x080018c0   0x0000002c   Code   RO         1402    i.API_os_systick_init  eos_port2.o
    0x080018ec   0x080018ec   0x00000012   Code   RO         1404    i.API_os_systick_irq_on  eos_port2.o
    0x080018fe   0x080018fe   0x00000004   Code   RO          144    i.BusFault_Handler  stm32f4xx_it.o
    0x08001902   0x08001902   0x00000002   Code   RO          145    i.DebugMon_Handler  stm32f4xx_it.o
    0x08001904   0x08001904   0x00000090   Code   RO          406    i.GPIO_Init         stm32f4xx_gpio.o
    0x08001994   0x08001994   0x00000046   Code   RO          407    i.GPIO_PinAFConfig  stm32f4xx_gpio.o
    0x080019da   0x080019da   0x00000004   Code   RO          413    i.GPIO_ResetBits    stm32f4xx_gpio.o
    0x080019de   0x080019de   0x00000004   Code   RO          414    i.GPIO_SetBits      stm32f4xx_gpio.o
    0x080019e2   0x080019e2   0x00000002   PAD
    0x080019e4   0x080019e4   0x00000040   Code   RO         1479    i.HardFault_Handler  eos_plugin_shell.o
    0x08001a24   0x08001a24   0x00000040   Code   RO          260    i.LED_Init          led.o
    0x08001a64   0x08001a64   0x00000004   Code   RO          146    i.MemManage_Handler  stm32f4xx_it.o
    0x08001a68   0x08001a68   0x00000002   Code   RO          147    i.NMI_Handler       stm32f4xx_it.o
    0x08001a6a   0x08001a6a   0x00000002   PAD
    0x08001a6c   0x08001a6c   0x00000078   Code   RO          361    i.NVIC_Init         misc.o
    0x08001ae4   0x08001ae4   0x00000020   Code   RO          503    i.RCC_AHB1PeriphClockCmd  stm32f4xx_rcc.o
    0x08001b04   0x08001b04   0x00000020   Code   RO          515    i.RCC_APB2PeriphClockCmd  stm32f4xx_rcc.o
    0x08001b24   0x08001b24   0x000000e8   Code   RO          524    i.RCC_GetClocksFreq  stm32f4xx_rcc.o
    0x08001c0c   0x08001c0c   0x00000002   Code   RO          148    i.SVC_Handler       stm32f4xx_it.o
    0x08001c0e   0x08001c0e   0x00000002   PAD
    0x08001c10   0x08001c10   0x000000ec   Code   RO          223    i.SetSysClock       system_stm32f4xx.o
    0x08001cfc   0x08001cfc   0x00000008   Code   RO         1409    i.SysTick_Handler   eos_port2.o
    0x08001d04   0x08001d04   0x00000068   Code   RO          225    i.SystemInit        system_stm32f4xx.o
    0x08001d6c   0x08001d6c   0x00000024   Code   RO          301    i.USART1_IRQHandler  usart.o
    0x08001d90   0x08001d90   0x00000018   Code   RO          897    i.USART_Cmd         stm32f4xx_usart.o
    0x08001da8   0x08001da8   0x00000054   Code   RO          901    i.USART_GetITStatus  stm32f4xx_usart.o
    0x08001dfc   0x08001dfc   0x0000004a   Code   RO          903    i.USART_ITConfig    stm32f4xx_usart.o
    0x08001e46   0x08001e46   0x00000002   PAD
    0x08001e48   0x08001e48   0x000000d4   Code   RO          904    i.USART_Init        stm32f4xx_usart.o
    0x08001f1c   0x08001f1c   0x0000000a   Code   RO          911    i.USART_ReceiveData  stm32f4xx_usart.o
    0x08001f26   0x08001f26   0x00000004   Code   RO          149    i.UsageFault_Handler  stm32f4xx_it.o
    0x08001f2a   0x08001f2a   0x00000030   Code   RO         1950    i.__ARM_fpclassify  m_wm.l(fpclassify.o)
    0x08001f5a   0x08001f5a   0x0000000e   Code   RO         1815    i._is_digit         c_w.l(__printf_wp.o)
    0x08001f68   0x08001f68   0x00000004   Code   RO          302    i._sys_exit         usart.o
    0x08001f6c   0x08001f6c   0x00000010   Code   RO         1480    i.access_exist      eos_plugin_shell.o
    0x08001f7c   0x08001f7c   0x00000048   Code   RO         1348    i.app_01            eos_main.o
    0x08001fc4   0x08001fc4   0x00000048   Code   RO         1349    i.app_02            eos_main.o
    0x0800200c   0x0800200c   0x0000000c   Code   RO         1082    i.app_idle          eos.o
    0x08002018   0x08002018   0x00000040   Code   RO         1350    i.app_led           eos_main.o
    0x08002058   0x08002058   0x00000030   Code   RO         1083    i.app_rdy_tbl_reset  eos.o
    0x08002088   0x08002088   0x00000030   Code   RO         1084    i.app_rdy_tbl_set   eos.o
    0x080020b8   0x080020b8   0x00000098   Code   RO         1481    i.app_shell         eos_plugin_shell.o
    0x08002150   0x08002150   0x00000012   Code   RO         1086    i.app_system_core   eos.o
    0x08002162   0x08002162   0x00000002   PAD
    0x08002164   0x08002164   0x0000001c   Code   RO          303    i.fputc             usart.o
    0x08002180   0x08002180   0x0000000a   Code   RO            3    i.main              main.o
    0x0800218a   0x0800218a   0x00000002   PAD
    0x0800218c   0x0800218c   0x00000100   Code   RO         1089    i.os_app_create     eos.o
    0x0800228c   0x0800228c   0x0000006c   Code   RO         1090    i.os_app_create_core  eos.o
    0x080022f8   0x080022f8   0x00000058   Code   RO         1091    i.os_app_create_idle  eos.o
    0x08002350   0x08002350   0x0000000c   Code   RO         1093    i.os_app_idle_core_process  eos.o
    0x0800235c   0x0800235c   0x0000002c   Code   RO         1094    i.os_app_prio_from_app  eos.o
    0x08002388   0x08002388   0x00000024   Code   RO         1096    i.os_app_rdy_num_update  eos.o
    0x080023ac   0x080023ac   0x0000007c   Code   RO         1098    i.os_app_restart_other  eos.o
    0x08002428   0x08002428   0x00000038   Code   RO         1099    i.os_app_restart_process  eos.o
    0x08002460   0x08002460   0x00000034   Code   RO         1100    i.os_app_resume     eos.o
    0x08002494   0x08002494   0x00000070   Code   RO         1482    i.os_app_shell_create  eos_plugin_shell.o
    0x08002504   0x08002504   0x00000030   Code   RO         1102    i.os_app_sleep      eos.o
    0x08002534   0x08002534   0x00000090   Code   RO         1104    i.os_app_stack_malloc  eos.o
    0x080025c4   0x080025c4   0x0000002e   Code   RO         1105    i.os_app_stk_init   eos.o
    0x080025f2   0x080025f2   0x00000002   PAD
    0x080025f4   0x080025f4   0x00000038   Code   RO         1106    i.os_app_suspend    eos.o
    0x0800262c   0x0800262c   0x00000010   Code   RO         1107    i.os_app_system_core_process  eos.o
    0x0800263c   0x0800263c   0x00000018   Code   RO         1483    i.os_char_in_string_position_get  eos_plugin_shell.o
    0x08002654   0x08002654   0x00000018   Code   RO         1484    i.os_cmd_enter      eos_plugin_shell.o
    0x0800266c   0x0800266c   0x00000020   Code   RO         1485    i.os_cmd_enter_tips  eos_plugin_shell.o
    0x0800268c   0x0800268c   0x00000018   Code   RO         1486    i.os_cmd_exit       eos_plugin_shell.o
    0x080026a4   0x080026a4   0x00000020   Code   RO         1487    i.os_cmd_exit_tips  eos_plugin_shell.o
    0x080026c4   0x080026c4   0x00000084   Code   RO         1488    i.os_cpu_occrate_calculation_process  eos_plugin_shell.o
    0x08002748   0x08002748   0x0000000c   Code   RO         1109    i.os_debug_print_disable  eos.o
    0x08002754   0x08002754   0x0000000c   Code   RO         1110    i.os_debug_print_enable  eos.o
    0x08002760   0x08002760   0x00000002   Code   RO         1111    i.os_dwg_feed       eos.o
    0x08002762   0x08002762   0x00000002   PAD
    0x08002764   0x08002764   0x00000038   Code   RO         1489    i.os_hard_reset     eos_plugin_shell.o
    0x0800279c   0x0800279c   0x00000030   Code   RO         1490    i.os_hard_reset_tips  eos_plugin_shell.o
    0x080027cc   0x080027cc   0x00000002   Code   RO         1112    i.os_idle_handler_hook  eos.o
    0x080027ce   0x080027ce   0x00000002   PAD
    0x080027d0   0x080027d0   0x000002ac   Code   RO         1491    i.os_information_process  eos_plugin_shell.o
    0x08002a7c   0x08002a7c   0x0000009c   Code   RO         1113    i.os_init           eos.o
    0x08002b18   0x08002b18   0x00000010   Code   RO         1114    i.os_lock           eos.o
    0x08002b28   0x08002b28   0x00000078   Code   RO         1351    i.os_main           eos_main.o
    0x08002ba0   0x08002ba0   0x00000048   Code   RO         1492    i.os_off            eos_plugin_shell.o
    0x08002be8   0x08002be8   0x00000030   Code   RO         1493    i.os_off_tips       eos_plugin_shell.o
    0x08002c18   0x08002c18   0x00000060   Code   RO         1494    i.os_on             eos_plugin_shell.o
    0x08002c78   0x08002c78   0x00000034   Code   RO         1495    i.os_on_tips        eos_plugin_shell.o
    0x08002cac   0x08002cac   0x0000002c   Code   RO         1115    i.os_sched_and_switch  eos.o
    0x08002cd8   0x08002cd8   0x00000018   Code   RO         1116    i.os_sched_and_switch_force  eos.o
    0x08002cf0   0x08002cf0   0x00000058   Code   RO         1117    i.os_scheduler      eos.o
    0x08002d48   0x08002d48   0x00000024   Code   RO         1496    i.os_shell_compare  eos_plugin_shell.o
    0x08002d6c   0x08002d6c   0x00000050   Code   RO         1497    i.os_shell_compare_dig  eos_plugin_shell.o
    0x08002dbc   0x08002dbc   0x00000024   Code   RO         1498    i.os_shell_compares  eos_plugin_shell.o
    0x08002de0   0x08002de0   0x00000064   Code   RO         1500    i.os_shell_cpu_occrate_counter_process  eos_plugin_shell.o
    0x08002e44   0x08002e44   0x00000044   Code   RO         1501    i.os_shell_dig_grab  eos_plugin_shell.o
    0x08002e88   0x08002e88   0x0000077c   Code   RO         1503    i.os_shell_handle_process  eos_plugin_shell.o
    0x08003604   0x08003604   0x00000140   Code   RO         1506    i.os_shell_input    eos_plugin_shell.o
    0x08003744   0x08003744   0x00000244   Code   RO         1509    i.os_shell_run_time_counter_process  eos_plugin_shell.o
    0x08003988   0x08003988   0x00000014   Code   RO         1510    i.os_shell_rx_buff_clean  eos_plugin_shell.o
    0x0800399c   0x0800399c   0x00000012   Code   RO         1511    i.os_shell_string_len_get  eos_plugin_shell.o
    0x080039ae   0x080039ae   0x0000005a   Code   RO         1512    i.os_shell_string_move  eos_plugin_shell.o
    0x08003a08   0x08003a08   0x00000020   Code   RO         1513    i.os_shell_uint_get  eos_plugin_shell.o
    0x08003a28   0x08003a28   0x00000054   Code   RO         1514    i.os_shutdown_cancel_tips  eos_plugin_shell.o
    0x08003a7c   0x08003a7c   0x00000040   Code   RO         1515    i.os_shutdown_delaytime_add_ymdhms  eos_plugin_shell.o
    0x08003abc   0x08003abc   0x0000001c   Code   RO         1516    i.os_shutdown_delaytime_set_ymdhms  eos_plugin_shell.o
    0x08003ad8   0x08003ad8   0x00000054   Code   RO         1517    i.os_shutdown_tips  eos_plugin_shell.o
    0x08003b2c   0x08003b2c   0x00000024   Code   RO         1118    i.os_startup        eos.o
    0x08003b50   0x08003b50   0x00000060   Code   RO         1518    i.os_stk_calculation_process  eos_plugin_shell.o
    0x08003bb0   0x08003bb0   0x00000044   Code   RO         1519    i.os_systick_handler_hook  eos_plugin_shell.o
    0x08003bf4   0x08003bf4   0x00000002   Code   RO         1120    i.os_timer_handler  eos.o
    0x08003bf6   0x08003bf6   0x00000002   PAD
    0x08003bf8   0x08003bf8   0x00000010   Code   RO         1121    i.os_unlock         eos.o
    0x08003c08   0x08003c08   0x00000038   Code   RO         1352    i.os_user_init      eos_main.o
    0x08003c40   0x08003c40   0x000001a8   Code   RO         1520    i.string_float_convert  eos_plugin_shell.o
    0x08003de8   0x08003de8   0x000000ea   Code   RO         1521    i.string_hex32_convert  eos_plugin_shell.o
    0x08003ed2   0x08003ed2   0x000000dc   Code   RO         1522    i.string_hex_convert  eos_plugin_shell.o
    0x08003fae   0x08003fae   0x00000082   Code   RO         1523    i.string_int_convert  eos_plugin_shell.o
    0x08004030   0x08004030   0x00000068   Code   RO         1524    i.string_uint_convert  eos_plugin_shell.o
    0x08004098   0x08004098   0x000000ac   Code   RO          304    i.uart_init         usart.o
    0x08004144   0x08004144   0x00000070   Code   RO         1525    i.user_cmd_add      eos_plugin_shell.o
    0x080041b4   0x080041b4   0x0000002c   Code   RO         1946    locale$$code        c_w.l(lc_numeric_c.o)
    0x080041e0   0x080041e0   0x00000150   Code   RO         1849    x$fpl$dadd          fz_wm.l(daddsub_clz.o)
    0x08004330   0x08004330   0x000002b0   Code   RO         1856    x$fpl$ddiv          fz_wm.l(ddiv.o)
    0x080045e0   0x080045e0   0x0000005a   Code   RO         1859    x$fpl$dfixu         fz_wm.l(dfixu.o)
    0x0800463a   0x0800463a   0x0000002e   Code   RO         1864    x$fpl$dflt          fz_wm.l(dflt_clz.o)
    0x08004668   0x08004668   0x00000026   Code   RO         1863    x$fpl$dfltu         fz_wm.l(dflt_clz.o)
    0x0800468e   0x0800468e   0x00000002   PAD
    0x08004690   0x08004690   0x00000154   Code   RO         1869    x$fpl$dmul          fz_wm.l(dmul.o)
    0x080047e4   0x080047e4   0x0000009c   Code   RO         1885    x$fpl$dnaninf       fz_wm.l(dnaninf.o)
    0x08004880   0x08004880   0x0000000c   Code   RO         1887    x$fpl$dretinf       fz_wm.l(dretinf.o)
    0x0800488c   0x0800488c   0x000001d4   Code   RO         1851    x$fpl$dsub          fz_wm.l(daddsub_clz.o)
    0x08004a60   0x08004a60   0x0000000a   Code   RO         2016    x$fpl$fpinit        fz_wm.l(fpinit.o)
    0x08004a6a   0x08004a6a   0x00000004   Code   RO         1871    x$fpl$printf1       fz_wm.l(printf1.o)
    0x08004a6e   0x08004a6e   0x00000000   Code   RO         1889    x$fpl$usenofp       fz_wm.l(usenofp.o)
    0x08004a6e   0x08004a6e   0x00000137   Data   RO         1527    .constdata          eos_plugin_shell.o
    0x08004ba5   0x08004ba5   0x00000011   Data   RO         1818    .constdata          c_w.l(__printf_flags_wp.o)
    0x08004bb6   0x08004bb6   0x00000002   PAD
    0x08004bb8   0x08004bb8   0x00000094   Data   RO         1917    .constdata          c_w.l(bigflt0.o)
    0x08004c4c   0x08004c4c   0x00000331   Data   RO         1528    .conststring        eos_plugin_shell.o
    0x08004f7d   0x08004f7d   0x00000003   PAD
    0x08004f80   0x08004f80   0x00000020   Data   RO         2089    Region$$Table       anon$$obj.o
    0x08004fa0   0x08004fa0   0x0000001c   Data   RO         1945    locale$$data        c_w.l(lc_numeric_c.o)


    Execution Region RW_IRAM1 (Exec base: 0x20000000, Load base: 0x08004fbc, Size: 0x000027a0, Max: 0x00020000, ABSOLUTE)

    Exec Addr    Load Addr    Size         Type   Attr      Idx    E Section Name        Object

    0x20000000   0x08004fbc   0x00000014   Data   RW          226    .data               system_stm32f4xx.o
    0x20000014   0x08004fd0   0x00000006   Data   RW          306    .data               usart.o
    0x2000001a   0x08004fd6   0x00000010   Data   RW          556    .data               stm32f4xx_rcc.o
    0x2000002a   0x08004fe6   0x00000002   PAD
    0x2000002c   0x08004fe8   0x0000001c   Data   RW         1123    .data               eos.o
    0x20000048   0x08005004   0x00000019   Data   RW         1529    .data               eos_plugin_shell.o
    0x20000061   0x0800501d   0x00000007   PAD
    0x20000068        -       0x00001788   Zero   RW         1122    .bss                eos.o
    0x200017f0        -       0x00000950   Zero   RW         1526    .bss                eos_plugin_shell.o
    0x20002140        -       0x00000060   Zero   RW         1953    .bss                c_w.l(libspace.o)
    0x200021a0        -       0x00000200   Zero   RW          353    HEAP                startup_stm32f40_41xxx.o
    0x200023a0        -       0x00000400   Zero   RW          352    STACK               startup_stm32f40_41xxx.o


==============================================================================

Image component sizes


      Code (inc. data)   RO Data    RW Data    ZI Data      Debug   Object Name

      2110        270          0         28       6024      21520   eos.o
       384        102          0          0          0       2709   eos_main.o
      6612       1280       1128         25       2384      61685   eos_plugin_shell.o
        96         10          0          0          0        284   eos_port1.o
       106         20          0          0          0       2795   eos_port2.o
        64          4          0          0          0        591   led.o
        10          0          0          0          0     265286   main.o
       120         14          0          0          0       1116   misc.o
        64         26        392          0       1536        856   startup_stm32f40_41xxx.o
       222          0          0          0          0       3155   stm32f4xx_gpio.o
        18          0          0          0          0       3047   stm32f4xx_it.o
       296         30          0         16          0       4310   stm32f4xx_rcc.o
       404          8          0          0          0       4598   stm32f4xx_usart.o
       340         32          0         20          0       1973   system_stm32f4xx.o
       240         20          0          6          0       4580   usart.o

    ----------------------------------------------------------------------
     11106       1816       1555        100       9948     378505   Object Totals
         0          0         32          0          0          0   (incl. Generated)
        20          0          3          5          4          0   (incl. Padding)

    ----------------------------------------------------------------------

      Code (inc. data)   RO Data    RW Data    ZI Data      Debug   Library Member Name

         8          0          0          0          0         68   __main.o
       312          4         17          0          0         92   __printf_flags_wp.o
        14          0          0          0          0         68   __printf_wp.o
         0          0          0          0          0          0   __rtentry.o
        12          0          0          0          0          0   __rtentry2.o
         6          0          0          0          0          0   __rtentry4.o
        52          8          0          0          0          0   __scatter.o
        26          0          0          0          0          0   __scatter_copy.o
        28          0          0          0          0          0   __scatter_zi.o
        44          0          0          0          0        108   _printf_char.o
        48          6          0          0          0         96   _printf_char_common.o
        36          4          0          0          0         80   _printf_char_file.o
         6          0          0          0          0          0   _printf_d.o
       120         16          0          0          0         92   _printf_dec.o
         6          0          0          0          0          0   _printf_f.o
      1054          0          0          0          0        216   _printf_fp_dec.o
       128         16          0          0          0         84   _printf_fp_infnan.o
       178          0          0          0          0         88   _printf_intcommon.o
        78          0          0          0          0        108   _printf_pad.o
         0          0          0          0          0          0   _printf_percent.o
         4          0          0          0          0          0   _printf_percent_end.o
         6          0          0          0          0          0   _printf_s.o
        82          0          0          0          0         80   _printf_str.o
       228          4        148          0          0         96   bigflt0.o
      1936        128          0          0          0        672   btod.o
        18          0          0          0          0         80   exit.o
         8          0          0          0          0         68   ferror.o
         6          0          0          0          0        152   heapauxi.o
        44         10         28          0          0         76   lc_numeric_c.o
         2          0          0          0          0          0   libinit.o
        22          0          0          0          0          0   libinit2.o
         2          0          0          0          0          0   libshutdown.o
         2          0          0          0          0          0   libshutdown2.o
         8          4          0          0         96         68   libspace.o
       138          0          0          0          0         80   lludiv10.o
        24          4          0          0          0         84   noretval__2printf.o
         8          4          0          0          0         68   rt_locale_intlibspace.o
        78          0          0          0          0         80   rt_memclr_w.o
         2          0          0          0          0          0   rtexit.o
        10          0          0          0          0          0   rtexit2.o
       128          0          0          0          0         68   strcmpv7m.o
        72          0          0          0          0         80   strcpy.o
        62          0          0          0          0         76   strlen.o
       150          0          0          0          0         80   strncmp.o
        36          0          0          0          0         80   strstr.o
        74          0          0          0          0         80   sys_stackheap_outer.o
         2          0          0          0          0         68   use_no_semi.o
         2          0          0          0          0         68   use_no_semi_2.o
       804         16          0          0          0        368   daddsub_clz.o
       688        140          0          0          0        256   ddiv.o
        90          4          0          0          0        140   dfixu.o
        84          0          0          0          0        232   dflt_clz.o
       340         12          0          0          0        152   dmul.o
       156          4          0          0          0        140   dnaninf.o
        12          0          0          0          0        116   dretinf.o
        10          0          0          0          0        116   fpinit.o
         4          0          0          0          0        116   printf1.o
         0          0          0          0          0          0   usenofp.o
        48          0          0          0          0        124   fpclassify.o

    ----------------------------------------------------------------------
      7556        384        195          0         96       5064   Library Totals
        10          0          2          0          0          0   (incl. Padding)

    ----------------------------------------------------------------------

      Code (inc. data)   RO Data    RW Data    ZI Data      Debug   Library Name

      5310        208        193          0         96       3304   c_w.l
      2188        176          0          0          0       1636   fz_wm.l
        48          0          0          0          0        124   m_wm.l

    ----------------------------------------------------------------------
      7556        384        195          0         96       5064   Library Totals

    ----------------------------------------------------------------------

==============================================================================


      Code (inc. data)   RO Data    RW Data    ZI Data      Debug   

     18662       2200       1750        100      10044     370349   Grand Totals
     18662       2200       1750        100      10044     370349   ELF Image Totals
     18662       2200       1750        100          0          0   ROM Totals

==============================================================================

    Total RO  Size (Code + RO Data)                20412 (  19.93kB)
    Total RW  Size (RW Data + ZI Data)             10144 (   9.91kB)
    Total ROM Size (Code + RO Data + RW Data)      20512 (  20.03kB)

==============================================================================

