Component: ARM Compiler 5.06 update 7 (build 960) Tool: armlink [4d3601]

==============================================================================

Section Cross References

    main.o(i.main) refers to stm32f4xx_hal.o(i.HAL_Init) for HAL_Init
    main.o(i.main) refers to sys.o(i.Stm32_Clock_Init) for Stm32_Clock_Init
    main.o(i.main) refers to eos_main.o(i.os_main) for os_main
    system_stm32f4xx.o(i.SystemCoreClockUpdate) refers to system_stm32f4xx.o(.data) for .data
    system_stm32f4xx.o(i.SystemCoreClockUpdate) refers to system_stm32f4xx.o(.constdata) for .constdata
    startup_stm32f407xx.o(STACK) refers (Special) to heapauxi.o(.text) for __use_two_region_memory
    startup_stm32f407xx.o(HEAP) refers (Special) to heapauxi.o(.text) for __use_two_region_memory
    startup_stm32f407xx.o(RESET) refers (Special) to heapauxi.o(.text) for __use_two_region_memory
    startup_stm32f407xx.o(RESET) refers to startup_stm32f407xx.o(STACK) for __initial_sp
    startup_stm32f407xx.o(RESET) refers to startup_stm32f407xx.o(.text) for Reset_Handler
    startup_stm32f407xx.o(RESET) refers to stm32f4xx_it.o(i.NMI_Handler) for NMI_Handler
    startup_stm32f407xx.o(RESET) refers to eos_plugin_shell.o(i.HardFault_Handler) for HardFault_Handler
    startup_stm32f407xx.o(RESET) refers to stm32f4xx_it.o(i.MemManage_Handler) for MemManage_Handler
    startup_stm32f407xx.o(RESET) refers to stm32f4xx_it.o(i.BusFault_Handler) for BusFault_Handler
    startup_stm32f407xx.o(RESET) refers to stm32f4xx_it.o(i.UsageFault_Handler) for UsageFault_Handler
    startup_stm32f407xx.o(RESET) refers to stm32f4xx_it.o(i.SVC_Handler) for SVC_Handler
    startup_stm32f407xx.o(RESET) refers to stm32f4xx_it.o(i.DebugMon_Handler) for DebugMon_Handler
    startup_stm32f407xx.o(RESET) refers to eos_port1.o(.text) for PendSV_Handler
    startup_stm32f407xx.o(RESET) refers to eos_port2.o(i.SysTick_Handler) for SysTick_Handler
    startup_stm32f407xx.o(RESET) refers to usart.o(i.USART1_IRQHandler) for USART1_IRQHandler
    startup_stm32f407xx.o(.text) refers (Special) to heapauxi.o(.text) for __use_two_region_memory
    startup_stm32f407xx.o(.text) refers to system_stm32f4xx.o(i.SystemInit) for SystemInit
    startup_stm32f407xx.o(.text) refers to __main.o(!!!main) for __main
    startup_stm32f407xx.o(.text) refers to startup_stm32f407xx.o(HEAP) for Heap_Mem
    startup_stm32f407xx.o(.text) refers to startup_stm32f407xx.o(STACK) for Stack_Mem
    stm32f4xx_hal.o(i.HAL_DeInit) refers to stm32f4xx_hal_msp.o(i.HAL_MspDeInit) for HAL_MspDeInit
    stm32f4xx_hal.o(i.HAL_Delay) refers to stm32f4xx_hal.o(i.HAL_GetTick) for HAL_GetTick
    stm32f4xx_hal.o(i.HAL_Delay) refers to stm32f4xx_hal.o(.data) for .data
    stm32f4xx_hal.o(i.HAL_GetTick) refers to stm32f4xx_hal.o(.data) for .data
    stm32f4xx_hal.o(i.HAL_GetTickFreq) refers to stm32f4xx_hal.o(.data) for .data
    stm32f4xx_hal.o(i.HAL_GetTickPrio) refers to stm32f4xx_hal.o(.data) for .data
    stm32f4xx_hal.o(i.HAL_IncTick) refers to stm32f4xx_hal.o(.data) for .data
    stm32f4xx_hal.o(i.HAL_Init) refers to stm32f4xx_hal_cortex.o(i.HAL_NVIC_SetPriorityGrouping) for HAL_NVIC_SetPriorityGrouping
    stm32f4xx_hal.o(i.HAL_Init) refers to stm32f4xx_hal.o(i.HAL_InitTick) for HAL_InitTick
    stm32f4xx_hal.o(i.HAL_Init) refers to stm32f4xx_hal_msp.o(i.HAL_MspInit) for HAL_MspInit
    stm32f4xx_hal.o(i.HAL_InitTick) refers to stm32f4xx_hal_cortex.o(i.HAL_SYSTICK_Config) for HAL_SYSTICK_Config
    stm32f4xx_hal.o(i.HAL_InitTick) refers to stm32f4xx_hal_cortex.o(i.HAL_NVIC_SetPriority) for HAL_NVIC_SetPriority
    stm32f4xx_hal.o(i.HAL_InitTick) refers to stm32f4xx_hal.o(.data) for .data
    stm32f4xx_hal.o(i.HAL_InitTick) refers to system_stm32f4xx.o(.data) for SystemCoreClock
    stm32f4xx_hal.o(i.HAL_SetTickFreq) refers to stm32f4xx_hal.o(i.HAL_InitTick) for HAL_InitTick
    stm32f4xx_hal.o(i.HAL_SetTickFreq) refers to stm32f4xx_hal.o(.data) for .data
    stm32f4xx_hal_cortex.o(i.HAL_NVIC_SetPriority) refers to stm32f4xx_hal_cortex.o(i.__NVIC_SetPriority) for __NVIC_SetPriority
    stm32f4xx_hal_cortex.o(i.HAL_SYSTICK_Config) refers to stm32f4xx_hal_cortex.o(i.__NVIC_SetPriority) for __NVIC_SetPriority
    stm32f4xx_hal_cortex.o(i.HAL_SYSTICK_IRQHandler) refers to stm32f4xx_hal_cortex.o(i.HAL_SYSTICK_Callback) for HAL_SYSTICK_Callback
    stm32f4xx_hal_gpio.o(i.HAL_GPIO_EXTI_IRQHandler) refers to stm32f4xx_hal_gpio.o(i.HAL_GPIO_EXTI_Callback) for HAL_GPIO_EXTI_Callback
    stm32f4xx_hal_pwr.o(i.HAL_PWR_PVD_IRQHandler) refers to stm32f4xx_hal_pwr.o(i.HAL_PWR_PVDCallback) for HAL_PWR_PVDCallback
    stm32f4xx_hal_pwr_ex.o(i.HAL_PWREx_ControlVoltageScaling) refers to stm32f4xx_hal.o(i.HAL_GetTick) for HAL_GetTick
    stm32f4xx_hal_pwr_ex.o(i.HAL_PWREx_DisableBkUpReg) refers to stm32f4xx_hal.o(i.HAL_GetTick) for HAL_GetTick
    stm32f4xx_hal_pwr_ex.o(i.HAL_PWREx_EnableBkUpReg) refers to stm32f4xx_hal.o(i.HAL_GetTick) for HAL_GetTick
[...]
    i.os_off                                 0x080033a8   Section        0  eos_plugin_shell.o(i.os_off)
    i.os_off_tips                            0x080033e4   Section        0  eos_plugin_shell.o(i.os_off_tips)
    i.os_on                                  0x08003414   Section        0  eos_plugin_shell.o(i.os_on)
    i.os_on_tips                             0x08003468   Section        0  eos_plugin_shell.o(i.os_on_tips)
    i.os_sched_and_switch                    0x0800349c   Section        0  eos.o(i.os_sched_and_switch)
    i.os_sched_and_switch_force              0x080034c8   Section        0  eos.o(i.os_sched_and_switch_force)
    i.os_scheduler                           0x080034e4   Section        0  eos.o(i.os_scheduler)
    i.os_shell_compare                       0x08003518   Section        0  eos_plugin_shell.o(i.os_shell_compare)
    i.os_shell_compare_dig                   0x08003538   Section        0  eos_plugin_shell.o(i.os_shell_compare_dig)
    i.os_shell_compares                      0x08003578   Section        0  eos_plugin_shell.o(i.os_shell_compares)
    i.os_shell_cpu_occrate_counter_process   0x08003598   Section        0  eos_plugin_shell.o(i.os_shell_cpu_occrate_counter_process)
    i.os_shell_dig_grab                      0x080035f8   Section        0  eos_plugin_shell.o(i.os_shell_dig_grab)
    i.os_shell_handle_process                0x0800363c   Section        0  eos_plugin_shell.o(i.os_shell_handle_process)
    i.os_shell_input                         0x08003c1c   Section        0  eos_plugin_shell.o(i.os_shell_input)
    i.os_shell_run_time_counter_process      0x08003ce0   Section        0  eos_plugin_shell.o(i.os_shell_run_time_counter_process)
    i.os_shell_rx_buff_clean                 0x08003e54   Section        0  eos_plugin_shell.o(i.os_shell_rx_buff_clean)
    i.os_shell_string_len_get                0x08003e64   Section        0  eos_plugin_shell.o(i.os_shell_string_len_get)
    i.os_shell_string_move                   0x08003e76   Section        0  eos_plugin_shell.o(i.os_shell_string_move)
    i.os_shell_uint_get                      0x08003eb0   Section        0  eos_plugin_shell.o(i.os_shell_uint_get)
    i.os_shutdown_cancel_tips                0x08003ecc   Section        0  eos_plugin_shell.o(i.os_shutdown_cancel_tips)
    i.os_shutdown_delaytime_add_ymdhms       0x08003f1c   Section        0  eos_plugin_shell.o(i.os_shutdown_delaytime_add_ymdhms)
    i.os_shutdown_delaytime_set_ymdhms       0x08003f50   Section        0  eos_plugin_shell.o(i.os_shutdown_delaytime_set_ymdhms)
    i.os_shutdown_tips                       0x08003f6c   Section        0  eos_plugin_shell.o(i.os_shutdown_tips)
    i.os_startup                             0x08003fbc   Section        0  eos.o(i.os_startup)
    i.os_stk_calculation_process             0x08003fe0   Section        0  eos_plugin_shell.o(i.os_stk_calculation_process)
    i.os_systick_handler_hook                0x0800402c   Section        0  eos_plugin_shell.o(i.os_systick_handler_hook)
    i.os_timer_count_interrupt_set           0x0800405c   Section        0  eos.o(i.os_timer_count_interrupt_set)
    i.os_timer_handler                       0x0800406c   Section        0  eos.o(i.os_timer_handler)
    i.os_timer_reload_set                    0x08004094   Section        0  eos.o(i.os_timer_reload_set)
    i.os_unlock                              0x080040b8   Section        0  eos.o(i.os_unlock)
    i.os_user_init                           0x080040c8   Section        0  eos_main.o(i.os_user_init)
    i.string_float_convert                   0x0800412c   Section        0  eos_plugin_shell.o(i.string_float_convert)
    i.string_hex32_convert                   0x08004258   Section        0  eos_plugin_shell.o(i.string_hex32_convert)
    i.string_hex_convert                     0x080042ee   Section        0  eos_plugin_shell.o(i.string_hex_convert)
    i.string_int_convert                     0x08004374   Section        0  eos_plugin_shell.o(i.string_int_convert)
    i.string_uint_convert                    0x080043e0   Section        0  eos_plugin_shell.o(i.string_uint_convert)
    i.uart_init                              0x08004434   Section        0  usart.o(i.uart_init)
    i.user_cmd_add                           0x0800446c   Section        0  eos_plugin_shell.o(i.user_cmd_add)
    locale$$code                             0x080044e4   Section       44  lc_numeric_c.o(locale$$code)
    x$fpl$basic                              0x08004510   Section       24  basic.o(x$fpl$basic)
    $v0                                      0x08004510   Number         0  basic.o(x$fpl$basic)
    x$fpl$dadd                               0x08004528   Section      336  daddsub_clz.o(x$fpl$dadd)
    $v0                                      0x08004528   Number         0  daddsub_clz.o(x$fpl$dadd)
    _dadd1                                   0x08004539   Thumb Code     0  daddsub_clz.o(x$fpl$dadd)
    x$fpl$ddiv                               0x08004678   Section      688  ddiv.o(x$fpl$ddiv)
    $v0                                      0x08004678   Number         0  ddiv.o(x$fpl$ddiv)
    ddiv_entry                               0x0800467f   Thumb Code     0  ddiv.o(x$fpl$ddiv)
    x$fpl$dfixu                              0x08004928   Section       90  dfixu.o(x$fpl$dfixu)
    $v0                                      0x08004928   Number         0  dfixu.o(x$fpl$dfixu)
    x$fpl$dflt                               0x08004982   Section       46  dflt_clz.o(x$fpl$dflt)
    $v0                                      0x08004982   Number         0  dflt_clz.o(x$fpl$dflt)
    x$fpl$dfltu                              0x080049b0   Section       38  dflt_clz.o(x$fpl$dfltu)
    $v0                                      0x080049b0   Number         0  dflt_clz.o(x$fpl$dfltu)
    x$fpl$dmul                               0x080049d8   Section      340  dmul.o(x$fpl$dmul)
    $v0                                      0x080049d8   Number         0  dmul.o(x$fpl$dmul)
    x$fpl$dnaninf                            0x08004b2c   Section      156  dnaninf.o(x$fpl$dnaninf)
    $v0                                      0x08004b2c   Number         0  dnaninf.o(x$fpl$dnaninf)
    x$fpl$dretinf                            0x08004bc8   Section       12  dretinf.o(x$fpl$dretinf)
    $v0                                      0x08004bc8   Number         0  dretinf.o(x$fpl$dretinf)
    x$fpl$dsub                               0x08004bd4   Section      468  daddsub_clz.o(x$fpl$dsub)
    $v0                                      0x08004bd4   Number         0  daddsub_clz.o(x$fpl$dsub)
    _dsub1                                   0x08004be5   Thumb Code     0  daddsub_clz.o(x$fpl$dsub)
    x$fpl$fpinit                             0x08004da8   Section       10  fpinit.o(x$fpl$fpinit)
    $v0                                      0x08004da8   Number         0  fpinit.o(x$fpl$fpinit)
    x$fpl$printf1                            0x08004db2   Section        4  printf1.o(x$fpl$printf1)
    $v0                                      0x08004db2   Number         0  printf1.o(x$fpl$printf1)
    .constdata                               0x08004db6   Section       16  system_stm32f4xx.o(.constdata)
    x$fpl$usenofp                            0x08004db6   Section        0  usenofp.o(x$fpl$usenofp)
    .constdata                               0x08004dc6   Section        8  system_stm32f4xx.o(.constdata)
    .constdata                               0x08004dce   Section      221  eos_plugin_shell.o(.constdata)
    .constdata                               0x08004eab   Section       17  __printf_flags_wp.o(.constdata)
    maptable                                 0x08004eab   Data          17  __printf_flags_wp.o(.constdata)
    .constdata                               0x08004ebc   Section      148  bigflt0.o(.constdata)
    tenpwrs_x                                0x08004ebc   Data          60  bigflt0.o(.constdata)
    tenpwrs_i                                0x08004ef8   Data          64  bigflt0.o(.constdata)
    .conststring                             0x08004f50   Section      817  eos_plugin_shell.o(.conststring)
    locale$$data                             0x080052a4   Section       28  lc_numeric_c.o(locale$$data)
    __lcnum_c_name                           0x080052a8   Data           2  lc_numeric_c.o(locale$$data)
    __lcnum_c_start                          0x080052b0   Data           0  lc_numeric_c.o(locale$$data)
    __lcnum_c_point                          0x080052bc   Data           0  lc_numeric_c.o(locale$$data)
    __lcnum_c_thousands                      0x080052be   Data           0  lc_numeric_c.o(locale$$data)
    __lcnum_c_grouping                       0x080052bf   Data           0  lc_numeric_c.o(locale$$data)
    __lcnum_c_end                            0x080052c0   Data           0  lc_numeric_c.o(locale$$data)
    .data                                    0x20000000   Section        4  system_stm32f4xx.o(.data)
    .data                                    0x20000004   Section       12  stm32f4xx_hal.o(.data)
    .data                                    0x20000010   Section        4  usart.o(.data)
    .data                                    0x20000014   Section        1  usart.o(.data)
    .data                                    0x20000018   Section       28  eos.o(.data)
    .data                                    0x20000034   Section       25  eos_plugin_shell.o(.data)
    .bss                                     0x20000050   Section       64  usart.o(.bss)
    .bss                                     0x20000090   Section     6040  eos.o(.bss)
    .bss                                     0x20001828   Section     2384  eos_plugin_shell.o(.bss)
    .bss                                     0x20002178   Section       96  libspace.o(.bss)
    HEAP                                     0x200021d8   Section      512  startup_stm32f407xx.o(HEAP)
    Heap_Mem                                 0x200021d8   Data         512  startup_stm32f407xx.o(HEAP)
    STACK                                    0x200023d8   Section     1024  startup_stm32f407xx.o(STACK)
    Stack_Mem                                0x200023d8   Data        1024  startup_stm32f407xx.o(STACK)
    __initial_sp                             0x200027d8   Data           0  startup_stm32f407xx.o(STACK)

    Global Symbols

    Symbol Name                              Value     Ov Type        Size  Object(Section)

    BuildAttributes$$THM_ISAv4$E$P$D$K$B$S$7EM$VFPi3$EXTD16$VFPS$VFMA$PE$A:L22UL41UL21$X:L11$S22US41US21$IEEE1$IW$USESV6$~STKCKD$USESV7$~SHL$OTIME$ROPI$IEEEJ$EBA8$UX$STANDARDLIB$REQ8$PRES8$EABIv2 0x00000000   Number         0  anon$$obj.o ABSOLUTE
    __ARM_use_no_argv                        0x00000000   Number         0  main.o ABSOLUTE
    _printf_flags                            0x00000000   Number         0  printf_stubs.o ABSOLUTE
    _printf_return_value                     0x00000000   Number         0  printf_stubs.o ABSOLUTE
    _printf_sizespec                         0x00000000   Number         0  printf_stubs.o ABSOLUTE
    _printf_widthprec                        0x00000000   Number         0  printf_stubs.o ABSOLUTE
    __ARM_exceptions_init                     - Undefined Weak Reference
    __alloca_initialize                       - Undefined Weak Reference
    __arm_fini_                               - Undefined Weak Reference
    __arm_preinit_                            - Undefined Weak Reference
    __cpp_initialize__aeabi_                  - Undefined Weak Reference
    __cxa_finalize                            - Undefined Weak Reference
    __sigvec_lookup                           - Undefined Weak Reference
    _atexit_init                              - Undefined Weak Reference
    _call_atexit_fns                          - Undefined Weak Reference
    _clock_init                               - Undefined Weak Reference
    _fp_trap_init                             - Undefined Weak Reference
    _fp_trap_shutdown                         - Undefined Weak Reference
    _get_lc_collate                           - Undefined Weak Reference
    _get_lc_ctype                             - Undefined Weak Reference
    _get_lc_monetary                          - Undefined Weak Reference
    _get_lc_time                              - Undefined Weak Reference
    _getenv_init                              - Undefined Weak Reference
    _handle_redirection                       - Undefined Weak Reference
    _init_alloc                               - Undefined Weak Reference
    _init_user_alloc                          - Undefined Weak Reference
    _initio                                   - Undefined Weak Reference
    _mutex_acquire                            - Undefined Weak Reference
    _mutex_release                            - Undefined Weak Reference
    _printf_mbtowc                            - Undefined Weak Reference
    _printf_truncate_signed                   - Undefined Weak Reference
    _printf_truncate_unsigned                 - Undefined Weak Reference
    _rand_init                                - Undefined Weak Reference
    _signal_finish                            - Undefined Weak Reference
    _signal_init                              - Undefined Weak Reference
    _terminate_alloc                          - Undefined Weak Reference
    _terminate_user_alloc                     - Undefined Weak Reference
    _terminateio                              - Undefined Weak Reference
    __Vectors_Size                           0x00000188   Number         0  startup_stm32f407xx.o ABSOLUTE
    __Vectors                                0x08000000   Data           4  startup_stm32f407xx.o(RESET)
    __Vectors_End                            0x08000188   Data           0  startup_stm32f407xx.o(RESET)
    __main                                   0x08000189   Thumb Code     8  __main.o(!!!main)
    __scatterload                            0x08000191   Thumb Code     0  __scatter.o(!!!scatter)
    __scatterload_rt2                        0x08000191   Thumb Code    44  __scatter.o(!!!scatter)
    __scatterload_rt2_thumb_only             0x08000191   Thumb Code     0  __scatter.o(!!!scatter)
    __scatterload_null                       0x0800019f   Thumb Code     0  __scatter.o(!!!scatter)
    __scatterload_copy                       0x080001c5   Thumb Code    26  __scatter_copy.o(!!handler_copy)
    __scatterload_zeroinit                   0x080001e1   Thumb Code    28  __scatter_zi.o(!!handler_zi)
    _printf_f                                0x080001fd   Thumb Code     0  _printf_f.o(.ARM.Collect$$_printf_percent$$00000003)
    _printf_percent                          0x080001fd   Thumb Code     0  _printf_percent.o(.ARM.Collect$$_printf_percent$$00000000)
    _printf_d                                0x08000203   Thumb Code     0  _printf_d.o(.ARM.Collect$$_printf_percent$$00000009)
    _printf_s                                0x08000209   Thumb Code     0  _printf_s.o(.ARM.Collect$$_printf_percent$$00000014)
    _printf_percent_end                      0x0800020f   Thumb Code     0  _printf_percent_end.o(.ARM.Collect$$_printf_percent$$00000017)
    __rt_lib_init                            0x08000213   Thumb Code     0  libinit.o(.ARM.Collect$$libinit$$00000000)
    __rt_lib_init_fp_1                       0x08000215   Thumb Code     0  libinit2.o(.ARM.Collect$$libinit$$00000001)
    __rt_lib_init_heap_1                     0x08000219   Thumb Code     0  libinit2.o(.ARM.Collect$$libinit$$0000000A)
    __rt_lib_init_lc_common                  0x08000219   Thumb Code     0  libinit2.o(.ARM.Collect$$libinit$$0000000F)
    __rt_lib_init_preinit_1                  0x08000219   Thumb Code     0  libinit2.o(.ARM.Collect$$libinit$$00000004)
    __rt_lib_init_rand_1                     0x08000219   Thumb Code     0  libinit2.o(.ARM.Collect$$libinit$$0000000E)
    __rt_lib_init_user_alloc_1               0x08000219   Thumb Code     0  libinit2.o(.ARM.Collect$$libinit$$0000000C)
    __rt_lib_init_lc_collate_1               0x0800021f   Thumb Code     0  libinit2.o(.ARM.Collect$$libinit$$00000011)
    __rt_lib_init_lc_ctype_1                 0x0800021f   Thumb Code     0  libinit2.o(.ARM.Collect$$libinit$$00000013)
    __rt_lib_init_lc_monetary_1              0x0800021f   Thumb Code     0  libinit2.o(.ARM.Collect$$libinit$$00000015)
    __rt_lib_init_lc_numeric_2               0x0800021f   Thumb Code     0  libinit2.o(.ARM.Collect$$libinit$$00000016)
    __rt_lib_init_alloca_1                   0x08000229   Thumb Code     0  libinit2.o(.ARM.Collect$$libinit$$0000002E)
    __rt_lib_init_argv_1                     0x08000229   Thumb Code     0  libinit2.o(.ARM.Collect$$libinit$$0000002C)
    __rt_lib_init_atexit_1                   0x08000229   Thumb Code     0  libinit2.o(.ARM.Collect$$libinit$$0000001B)
    __rt_lib_init_clock_1                    0x08000229   Thumb Code     0  libinit2.o(.ARM.Collect$$libinit$$00000021)
    __rt_lib_init_cpp_1                      0x08000229   Thumb Code     0  libinit2.o(.ARM.Collect$$libinit$$00000032)
    __rt_lib_init_exceptions_1               0x08000229   Thumb Code     0  libinit2.o(.ARM.Collect$$libinit$$00000030)
    __rt_lib_init_fp_trap_1                  0x08000229   Thumb Code     0  libinit2.o(.ARM.Collect$$libinit$$0000001F)
    __rt_lib_init_getenv_1                   0x08000229   Thumb Code     0  libinit2.o(.ARM.Collect$$libinit$$00000023)
    __rt_lib_init_lc_numeric_1               0x08000229   Thumb Code     0  libinit2.o(.ARM.Collect$$libinit$$00000017)
    __rt_lib_init_lc_time_1                  0x08000229   Thumb Code     0  libinit2.o(.ARM.Collect$$libinit$$00000019)
    __rt_lib_init_return                     0x08000229   Thumb Code     0  libinit2.o(.ARM.Collect$$libinit$$00000033)
    __rt_lib_init_signal_1                   0x08000229   Thumb Code     0  libinit2.o(.ARM.Collect$$libinit$$0000001D)
    __rt_lib_init_stdio_1                    0x08000229   Thumb Code     0  libinit2.o(.ARM.Collect$$libinit$$00000025)
    __rt_lib_shutdown                        0x0800022b   Thumb Code     0  libshutdown.o(.ARM.Collect$$libshutdown$$00000000)
    __rt_lib_shutdown_cpp_1                  0x0800022d   Thumb Code     0  libshutdown2.o(.ARM.Collect$$libshutdown$$00000004)
    __rt_lib_shutdown_fini_1                 0x0800022d   Thumb Code     0  libshutdown2.o(.ARM.Collect$$libshutdown$$00000002)
    __rt_lib_shutdown_fp_trap_1              0x0800022d   Thumb Code     0  libshutdown2.o(.ARM.Collect$$libshutdown$$00000009)
    __rt_lib_shutdown_heap_1                 0x0800022d   Thumb Code     0  libshutdown2.o(.ARM.Collect$$libshutdown$$00000011)
    __rt_lib_shutdown_return                 0x0800022d   Thumb Code     0  libshutdown2.o(.ARM.Collect$$libshutdown$$00000012)
    __rt_lib_shutdown_signal_1               0x0800022d   Thumb Code     0  libshutdown2.o(.ARM.Collect$$libshutdown$$0000000C)
    __rt_lib_shutdown_stdio_1                0x0800022d   Thumb Code     0  libshutdown2.o(.ARM.Collect$$libshutdown$$00000006)
    __rt_lib_shutdown_user_alloc_1           0x0800022d   Thumb Code     0  libshutdown2.o(.ARM.Collect$$libshutdown$$0000000E)
    __rt_entry                               0x0800022f   Thumb Code     0  __rtentry.o(.ARM.Collect$$rtentry$$00000000)
    __rt_entry_presh_1                       0x0800022f   Thumb Code     0  __rtentry2.o(.ARM.Collect$$rtentry$$00000002)
    __rt_entry_sh                            0x0800022f   Thumb Code     0  __rtentry4.o(.ARM.Collect$$rtentry$$00000004)
    __rt_entry_li                            0x08000235   Thumb Code     0  __rtentry2.o(.ARM.Collect$$rtentry$$0000000A)
    __rt_entry_postsh_1                      0x08000235   Thumb Code     0  __rtentry2.o(.ARM.Collect$$rtentry$$00000009)
    __rt_entry_main                          0x08000239   Thumb Code     0  __rtentry2.o(.ARM.Collect$$rtentry$$0000000D)
    __rt_entry_postli_1                      0x08000239   Thumb Code     0  __rtentry2.o(.ARM.Collect$$rtentry$$0000000C)
    __rt_exit                                0x08000241   Thumb Code     0  rtexit.o(.ARM.Collect$$rtexit$$00000000)
    __rt_exit_ls                             0x08000243   Thumb Code     0  rtexit2.o(.ARM.Collect$$rtexit$$00000003)
    __rt_exit_prels_1                        0x08000243   Thumb Code     0  rtexit2.o(.ARM.Collect$$rtexit$$00000002)
    __rt_exit_exit                           0x08000247   Thumb Code     0  rtexit2.o(.ARM.Collect$$rtexit$$00000004)
    Reset_Handler                            0x0800024d   Thumb Code     8  startup_stm32f407xx.o(.text)
    ADC_IRQHandler                           0x08000267   Thumb Code     0  startup_stm32f407xx.o(.text)
    CAN1_RX0_IRQHandler                      0x08000267   Thumb Code     0  startup_stm32f407xx.o(.text)
    CAN1_RX1_IRQHandler                      0x08000267   Thumb Code     0  startup_stm32f407xx.o(.text)
    CAN1_SCE_IRQHandler                      0x08000267   Thumb Code     0  startup_stm32f407xx.o(.text)
    CAN1_TX_IRQHandler                       0x08000267   Thumb Code     0  startup_stm32f407xx.o(.text)
    CAN2_RX0_IRQHandler                      0x08000267   Thumb Code     0  startup_stm32f407xx.o(.text)
    CAN2_RX1_IRQHandler                      0x08000267   Thumb Code     0  startup_stm32f407xx.o(.text)
    CAN2_SCE_IRQHandler                      0x08000267   Thumb Code     0  startup_stm32f407xx.o(.text)
    CAN2_TX_IRQHandler                       0x08000267   Thumb Code     0  startup_stm32f407xx.o(.text)
    DCMI_IRQHandler                          0x08000267   Thumb Code     0  startup_stm32f407xx.o(.text)
    DMA1_Stream0_IRQHandler                  0x08000267   Thumb Code     0  startup_stm32f407xx.o(.text)
    DMA1_Stream1_IRQHandler                  0x08000267   Thumb Code     0  startup_stm32f407xx.o(.text)
    DMA1_Stream2_IRQHandler                  0x08000267   Thumb Code     0  startup_stm32f407xx.o(.text)
    DMA1_Stream3_IRQHandler                  0x08000267   Thumb Code     0  startup_stm32f407xx.o(.text)
    DMA1_Stream4_IRQHandler                  0x08000267   Thumb Code     0  startup_stm32f407xx.o(.text)
    DMA1_Stream5_IRQHandler                  0x08000267   Thumb Code     0  startup_stm32f407xx.o(.text)
    DMA1_Stream6_IRQHandler                  0x08000267   Thumb Code     0  startup_stm32f407xx.o(.text)
    DMA1_Stream7_IRQHandler                  0x08000267   Thumb Code     0  startup_stm32f407xx.o(.text)
    DMA2_Stream0_IRQHandler                  0x08000267   Thumb Code     0  startup_stm32f407xx.o(.text)
    DMA2_Stream1_IRQHandler                  0x08000267   Thumb Code     0  startup_stm32f407xx.o(.text)
    DMA2_Stream2_IRQHandler                  0x08000267   Thumb Code     0  startup_stm32f407xx.o(.text)
    DMA2_Stream3_IRQHandler                  0x08000267   Thumb Code     0  startup_stm32f407xx.o(.text)
    DMA2_Stream4_IRQHandler                  0x08000267   Thumb Code     0  startup_stm32f407xx.o(.text)
    DMA2_Stream5_IRQHandler                  0x08000267   Thumb Code     0  startup_stm32f407xx.o(.text)
    DMA2_Stream6_IRQHandler                  0x08000267   Thumb Code     0  startup_stm32f407xx.o(.text)
    DMA2_Stream7_IRQHandler                  0x08000267   Thumb Code     0  startup_stm32f407xx.o(.text)
    ETH_IRQHandler                           0x08000267   Thumb Code     0  startup_stm32f407xx.o(.text)
    ETH_WKUP_IRQHandler                      0x08000267   Thumb Code     0  startup_stm32f407xx.o(.text)
    EXTI0_IRQHandler                         0x08000267   Thumb Code     0  startup_stm32f407xx.o(.text)
    EXTI15_10_IRQHandler                     0x08000267   Thumb Code     0  startup_stm32f407xx.o(.text)
    EXTI1_IRQHandler                         0x08000267   Thumb Code     0  startup_stm32f407xx.o(.text)
    EXTI2_IRQHandler                         0x08000267   Thumb Code     0  startup_stm32f407xx.o(.text)
    EXTI3_IRQHandler                         0x08000267   Thumb Code     0  startup_stm32f407xx.o(.text)
    EXTI4_IRQHandler                         0x08000267   Thumb Code     0  startup_stm32f407xx.o(.text)
    EXTI9_5_IRQHandler                       0x08000267   Thumb Code     0  startup_stm32f407xx.o(.text)
    FLASH_IRQHandler                         0x08000267   Thumb Code     0  startup_stm32f407xx.o(.text)
    FMC_IRQHandler                           0x08000267   Thumb Code     0  startup_stm32f407xx.o(.text)
    FPU_IRQHandler                           0x08000267   Thumb Code     0  startup_stm32f407xx.o(.text)
    HASH_RNG_IRQHandler                      0x08000267   Thumb Code     0  startup_stm32f407xx.o(.text)
    I2C1_ER_IRQHandler                       0x08000267   Thumb Code     0  startup_stm32f407xx.o(.text)
    I2C1_EV_IRQHandler                       0x08000267   Thumb Code     0  startup_stm32f407xx.o(.text)
    I2C2_ER_IRQHandler                       0x08000267   Thumb Code     0  startup_stm32f407xx.o(.text)
    I2C2_EV_IRQHandler                       0x08000267   Thumb Code     0  startup_stm32f407xx.o(.text)
    I2C3_ER_IRQHandler                       0x08000267   Thumb Code     0  startup_stm32f407xx.o(.text)
    I2C3_EV_IRQHandler                       0x08000267   Thumb Code     0  startup_stm32f407xx.o(.text)
    OTG_FS_IRQHandler                        0x08000267   Thumb Code     0  startup_stm32f407xx.o(.text)
    OTG_FS_WKUP_IRQHandler                   0x08000267   Thumb Code     0  startup_stm32f407xx.o(.text)
    OTG_HS_EP1_IN_IRQHandler                 0x08000267   Thumb Code     0  startup_stm32f407xx.o(.text)
    OTG_HS_EP1_OUT_IRQHandler                0x08000267   Thumb Code     0  startup_stm32f407xx.o(.text)
    OTG_HS_IRQHandler                        0x08000267   Thumb Code     0  startup_stm32f407xx.o(.text)
    OTG_HS_WKUP_IRQHandler                   0x08000267   Thumb Code     0  startup_stm32f407xx.o(.text)
    PVD_IRQHandler                           0x08000267   Thumb Code     0  startup_stm32f407xx.o(.text)
    RCC_IRQHandler                           0x08000267   Thumb Code     0  startup_stm32f407xx.o(.text)
    RTC_Alarm_IRQHandler                     0x08000267   Thumb Code     0  startup_stm32f407xx.o(.text)
    RTC_WKUP_IRQHandler                      0x08000267   Thumb Code     0  startup_stm32f407xx.o(.text)
    SDIO_IRQHandler                          0x08000267   Thumb Code     0  startup_stm32f407xx.o(.text)
    SPI1_IRQHandler                          0x08000267   Thumb Code     0  startup_stm32f407xx.o(.text)
    SPI2_IRQHandler                          0x08000267   Thumb Code     0  startup_stm32f407xx.o(.text)
    SPI3_IRQHandler                          0x08000267   Thumb Code     0  startup_stm32f407xx.o(.text)
    TAMP_STAMP_IRQHandler                    0x08000267   Thumb Code     0  startup_stm32f407xx.o(.text)
    TIM1_BRK_TIM9_IRQHandler                 0x08000267   Thumb Code     0  startup_stm32f407xx.o(.text)
    TIM1_CC_IRQHandler                       0x08000267   Thumb Code     0  startup_stm32f407xx.o(.text)
    TIM1_TRG_COM_TIM11_IRQHandler            0x08000267   Thumb Code     0  startup_stm32f407xx.o(.text)
    TIM1_UP_TIM10_IRQHandler                 0x08000267   Thumb Code     0  startup_stm32f407xx.o(.text)
    TIM2_IRQHandler                          0x08000267   Thumb Code     0  startup_stm32f407xx.o(.text)
    TIM3_IRQHandler                          0x08000267   Thumb Code     0  startup_stm32f407xx.o(.text)
    TIM4_IRQHandler                          0x08000267   Thumb Code     0  startup_stm32f407xx.o(.text)
    TIM5_IRQHandler                          0x08000267   Thumb Code     0  startup_stm32f407xx.o(.text)
    TIM6_DAC_IRQHandler                      0x08000267   Thumb Code     0  startup_stm32f407xx.o(.text)
    TIM7_IRQHandler                          0x08000267   Thumb Code     0  startup_stm32f407xx.o(.text)
    TIM8_BRK_TIM12_IRQHandler                0x08000267   Thumb Code     0  startup_stm32f407xx.o(.text)
    TIM8_CC_IRQHandler                       0x08000267   Thumb Code     0  startup_stm32f407xx.o(.text)
    TIM8_TRG_COM_TIM14_IRQHandler            0x08000267   Thumb Code     0  startup_stm32f407xx.o(.text)
    TIM8_UP_TIM13_IRQHandler                 0x08000267   Thumb Code     0  startup_stm32f407xx.o(.text)
    UART4_IRQHandler                         0x08000267   Thumb Code     0  startup_stm32f407xx.o(.text)
    UART5_IRQHandler                         0x08000267   Thumb Code     0  startup_stm32f407xx.o(.text)
    USART2_IRQHandler                        0x08000267   Thumb Code     0  startup_stm32f407xx.o(.text)
    USART3_IRQHandler                        0x08000267   Thumb Code     0  startup_stm32f407xx.o(.text)
    USART6_IRQHandler                        0x08000267   Thumb Code     0  startup_stm32f407xx.o(.text)
    WWDG_IRQHandler                          0x08000267   Thumb Code     0  startup_stm32f407xx.o(.text)
    __user_initial_stackheap                 0x08000269   Thumb Code     0  startup_stm32f407xx.o(.text)
    API_os_irq_disable                       0x0800028d   Thumb Code     0  eos_port1.o(.text)
    API_os_irq_enable                        0x08000291   Thumb Code     0  eos_port1.o(.text)
    API_os_psp_reset                         0x08000295   Thumb Code     0  eos_port1.o(.text)
    PendSV_Handler                           0x080002a3   Thumb Code     0  eos_port1.o(.text)
    __use_no_semihosting                     0x080002ed   Thumb Code     2  use_no_semi_2.o(.text)
    __aeabi_uldivmod                         0x080002ef   Thumb Code     0  lludivv7m.o(.text)
    _ll_udiv                                 0x080002ef   Thumb Code   238  lludivv7m.o(.text)
    __2printf                                0x080003dd   Thumb Code    20  noretval__2printf.o(.text)
    _printf_pre_padding                      0x080003f5   Thumb Code    44  _printf_pad.o(.text)
    _printf_post_padding                     0x08000421   Thumb Code    34  _printf_pad.o(.text)
    _printf_str                              0x08000443   Thumb Code    82  _printf_str.o(.text)
    _printf_int_dec                          0x08000495   Thumb Code   104  _printf_dec.o(.text)
    __printf                                 0x0800050d   Thumb Code   308  __printf_flags_wp.o(.text)
    strstr                                   0x08000645   Thumb Code    36  strstr.o(.text)
    strcpy                                   0x08000669   Thumb Code    72  strcpy.o(.text)
    strlen                                   0x080006b1   Thumb Code    62  strlen.o(.text)
    strncmp                                  0x080006ef   Thumb Code   150  strncmp.o(.text)
    __aeabi_memclr4                          0x08000785   Thumb Code     0  rt_memclr_w.o(.text)
    __aeabi_memclr8                          0x08000785   Thumb Code     0  rt_memclr_w.o(.text)
    __rt_memclr_w                            0x08000785   Thumb Code    78  rt_memclr_w.o(.text)
    _memset_w                                0x08000789   Thumb Code     0  rt_memclr_w.o(.text)
    strcmp                                   0x080007d5   Thumb Code   128  strcmpv7m.o(.text)
    __use_two_region_memory                  0x08000855   Thumb Code     2  heapauxi.o(.text)
    __rt_heap_escrow$2region                 0x08000857   Thumb Code     2  heapauxi.o(.text)
    __rt_heap_expand$2region                 0x08000859   Thumb Code     2  heapauxi.o(.text)
    __I$use$semihosting                      0x0800085b   Thumb Code     0  use_no_semi.o(.text)
    __use_no_semihosting_swi                 0x0800085b   Thumb Code     2  use_no_semi.o(.text)
    _printf_int_common                       0x0800085d   Thumb Code   178  _printf_intcommon.o(.text)
    __lib_sel_fp_printf                      0x0800090f   Thumb Code     2  _printf_fp_dec.o(.text)
    _printf_fp_dec_real                      0x08000ac1   Thumb Code   620  _printf_fp_dec.o(.text)
    _printf_cs_common                        0x08000d2d   Thumb Code    20  _printf_char.o(.text)
    _printf_char                             0x08000d41   Thumb Code    16  _printf_char.o(.text)
    _printf_string                           0x08000d51   Thumb Code     8  _printf_char.o(.text)
    _printf_char_file                        0x08000d59   Thumb Code    32  _printf_char_file.o(.text)
    __rt_locale                              0x08000d7d   Thumb Code     8  rt_locale_intlibspace.o(.text)
    _ll_udiv10                               0x08000d85   Thumb Code   138  lludiv10.o(.text)
    _printf_char_common                      0x08000e1b   Thumb Code    32  _printf_char_common.o(.text)
    _printf_fp_infnan                        0x08000e41   Thumb Code   112  _printf_fp_infnan.o(.text)
    _btod_etento                             0x08000ec1   Thumb Code   224  bigflt0.o(.text)
    ferror                                   0x08000fa5   Thumb Code     8  ferror.o(.text)
    __user_libspace                          0x08000fad   Thumb Code     8  libspace.o(.text)
    __user_perproc_libspace                  0x08000fad   Thumb Code     0  libspace.o(.text)
    __user_perthread_libspace                0x08000fad   Thumb Code     0  libspace.o(.text)
    __user_setup_stackheap                   0x08000fb5   Thumb Code    74  sys_stackheap_outer.o(.text)
    exit                                     0x08000fff   Thumb Code    18  exit.o(.text)
    _btod_d2e                                0x08001011   Thumb Code    62  btod.o(CL$$btod_d2e)
    _d2e_denorm_low                          0x0800104f   Thumb Code    70  btod.o(CL$$btod_d2e_denorm_low)
    _d2e_norm_op1                            0x08001095   Thumb Code    96  btod.o(CL$$btod_d2e_norm_op1)
    __btod_div_common                        0x080010f5   Thumb Code   696  btod.o(CL$$btod_div_common)
    _e2e                                     0x0800142d   Thumb Code   220  btod.o(CL$$btod_e2e)
    _btod_ediv                               0x08001509   Thumb Code    42  btod.o(CL$$btod_ediv)
    _btod_emul                               0x08001533   Thumb Code    42  btod.o(CL$$btod_emul)
    __btod_mult_common                       0x0800155d   Thumb Code   580  btod.o(CL$$btod_mult_common)
    API_os_sched_pulse                       0x080017a1   Thumb Code    20  eos_port2.o(i.API_os_sched_pulse)
    API_os_svc_init                          0x080017b9   Thumb Code     8  eos_port2.o(i.API_os_svc_init)
    API_os_systick_handler                   0x080017c5   Thumb Code   264  eos.o(i.API_os_systick_handler)
    API_os_systick_init                      0x080018f9   Thumb Code    34  eos_port2.o(i.API_os_systick_init)
    API_os_systick_irq_on                    0x08001925   Thumb Code    14  eos_port2.o(i.API_os_systick_irq_on)
    BusFault_Handler                         0x08001933   Thumb Code     2  stm32f4xx_it.o(i.BusFault_Handler)
    DebugMon_Handler                         0x08001935   Thumb Code     2  stm32f4xx_it.o(i.DebugMon_Handler)
    HAL_DMA_Abort_IT                         0x08001937   Thumb Code    36  stm32f4xx_hal_dma.o(i.HAL_DMA_Abort_IT)
    HAL_GPIO_Init                            0x0800195d   Thumb Code   402  stm32f4xx_hal_gpio.o(i.HAL_GPIO_Init)
    HAL_GPIO_WritePin                        0x08001b1d   Thumb Code    10  stm32f4xx_hal_gpio.o(i.HAL_GPIO_WritePin)
    HAL_GetREVID                             0x08001b29   Thumb Code     8  stm32f4xx_hal.o(i.HAL_GetREVID)
    HAL_GetTick                              0x08001b35   Thumb Code     6  stm32f4xx_hal.o(i.HAL_GetTick)
    HAL_IncTick                              0x08001b41   Thumb Code    12  stm32f4xx_hal.o(i.HAL_IncTick)
    HAL_Init                                 0x08001b51   Thumb Code    40  stm32f4xx_hal.o(i.HAL_Init)
    HAL_InitTick                             0x08001b7d   Thumb Code    54  stm32f4xx_hal.o(i.HAL_InitTick)
    HAL_MspInit                              0x08001bbd   Thumb Code     2  stm32f4xx_hal_msp.o(i.HAL_MspInit)
    HAL_NVIC_EnableIRQ                       0x08001bbf   Thumb Code    26  stm32f4xx_hal_cortex.o(i.HAL_NVIC_EnableIRQ)
    HAL_NVIC_SetPriority                     0x08001bd9   Thumb Code    60  stm32f4xx_hal_cortex.o(i.HAL_NVIC_SetPriority)
    HAL_NVIC_SetPriorityGrouping             0x08001c19   Thumb Code    26  stm32f4xx_hal_cortex.o(i.HAL_NVIC_SetPriorityGrouping)
    HAL_RCC_ClockConfig                      0x08001c3d   Thumb Code   286  stm32f4xx_hal_rcc.o(i.HAL_RCC_ClockConfig)
    HAL_RCC_GetPCLK1Freq                     0x08001d6d   Thumb Code    20  stm32f4xx_hal_rcc.o(i.HAL_RCC_GetPCLK1Freq)
    HAL_RCC_GetPCLK2Freq                     0x08001d8d   Thumb Code    20  stm32f4xx_hal_rcc.o(i.HAL_RCC_GetPCLK2Freq)
    HAL_RCC_GetSysClockFreq                  0x08001dad   Thumb Code    88  stm32f4xx_hal_rcc.o(i.HAL_RCC_GetSysClockFreq)
    HAL_RCC_OscConfig                        0x08001e0d   Thumb Code   766  stm32f4xx_hal_rcc.o(i.HAL_RCC_OscConfig)
    HAL_SYSTICK_Config                       0x08002121   Thumb Code    40  stm32f4xx_hal_cortex.o(i.HAL_SYSTICK_Config)
    HAL_UART_ErrorCallback                   0x08002149   Thumb Code     2  stm32f4xx_hal_uart.o(i.HAL_UART_ErrorCallback)
    HAL_UART_IRQHandler                      0x0800214d   Thumb Code   266  stm32f4xx_hal_uart.o(i.HAL_UART_IRQHandler)
    HAL_UART_Init                            0x0800225d   Thumb Code    98  stm32f4xx_hal_uart.o(i.HAL_UART_Init)
    HAL_UART_MspInit                         0x080022c1   Thumb Code   112  usart.o(i.HAL_UART_MspInit)
    HAL_UART_Receive_IT                      0x0800233d   Thumb Code    82  stm32f4xx_hal_uart.o(i.HAL_UART_Receive_IT)
    HAL_UART_RxCpltCallback                  0x08002391   Thumb Code    36  usart.o(i.HAL_UART_RxCpltCallback)
    HAL_UART_TxCpltCallback                  0x080023bd   Thumb Code     2  stm32f4xx_hal_uart.o(i.HAL_UART_TxCpltCallback)
    HardFault_Handler                        0x080023c1   Thumb Code    26  eos_plugin_shell.o(i.HardFault_Handler)
    LED_Init                                 0x08002401   Thumb Code    72  led.o(i.LED_Init)
    MemManage_Handler                        0x08002451   Thumb Code     2  stm32f4xx_it.o(i.MemManage_Handler)
    NMI_Handler                              0x08002453   Thumb Code     2  stm32f4xx_it.o(i.NMI_Handler)
    SVC_Handler                              0x08002455   Thumb Code     2  stm32f4xx_it.o(i.SVC_Handler)
    Stm32_Clock_Init                         0x08002459   Thumb Code   136  sys.o(i.Stm32_Clock_Init)
    SysTick_Handler                          0x080024ed   Thumb Code     4  eos_port2.o(i.SysTick_Handler)
    SystemInit                               0x080024f1   Thumb Code    66  system_stm32f4xx.o(i.SystemInit)
    USART1_IRQHandler                        0x08002919   Thumb Code     6  usart.o(i.USART1_IRQHandler)
    UsageFault_Handler                       0x08002925   Thumb Code     2  stm32f4xx_it.o(i.UsageFault_Handler)
    __ARM_fpclassify                         0x08002927   Thumb Code    48  fpclassify.o(i.__ARM_fpclassify)
    _is_digit                                0x08002977   Thumb Code    14  __printf_wp.o(i._is_digit)
    _sys_exit                                0x08002985   Thumb Code     2  usart.o(i._sys_exit)
    app_01                                   0x08002989   Thumb Code    44  eos_main.o(i.app_01)
    app_02                                   0x080029cd   Thumb Code    44  eos_main.o(i.app_02)
    app_idle                                 0x08002a11   Thumb Code    10  eos.o(i.app_idle)
    app_led                                  0x08002a1d   Thumb Code    66  eos_main.o(i.app_led)
    app_rdy_tbl_reset                        0x08002a65   Thumb Code    34  eos.o(i.app_rdy_tbl_reset)
    app_rdy_tbl_set                          0x08002a8d   Thumb Code    34  eos.o(i.app_rdy_tbl_set)
    app_shell                                0x08002ab5   Thumb Code    80  eos_plugin_shell.o(i.app_shell)
    app_system_core                          0x08002b45   Thumb Code    16  eos.o(i.app_system_core)
    fputc                                    0x08002b55   Thumb Code    14  usart.o(i.fputc)
    hal_softtimer_handler                    0x08002b69   Thumb Code     4  eos_main.o(i.hal_softtimer_handler)
    main                                     0x08002b6d   Thumb Code    28  main.o(i.main)
    os_app_create                            0x08002b89   Thumb Code   126  eos.o(i.os_app_create)
    os_app_create_core                       0x08002c0d   Thumb Code    76  eos.o(i.os_app_create_core)
    os_app_create_idle                       0x08002c6d   Thumb Code    66  eos.o(i.os_app_create_idle)
    os_app_idle_core_process                 0x08002cc1   Thumb Code    14  eos.o(i.os_app_idle_core_process)
    os_app_prio_from_app                     0x08002cd1   Thumb Code    32  eos.o(i.os_app_prio_from_app)
    os_app_rdy_num_update                    0x08002cf5   Thumb Code    22  eos.o(i.os_app_rdy_num_update)
    os_app_restart_other                     0x08002d15   Thumb Code    80  eos.o(i.os_app_restart_other)
    os_app_restart_process                   0x08002d69   Thumb Code    38  eos.o(i.os_app_restart_process)
    os_app_resume                            0x08002d95   Thumb Code    44  eos.o(i.os_app_resume)
    os_app_shell_create                      0x08002dc5   Thumb Code    78  eos_plugin_shell.o(i.os_app_shell_create)
    os_app_sleep                             0x08002e2d   Thumb Code    34  eos.o(i.os_app_sleep)
    os_app_stack_malloc                      0x08002e59   Thumb Code    70  eos.o(i.os_app_stack_malloc)
    os_app_stk_init                          0x08002ecd   Thumb Code    34  eos.o(i.os_app_stk_init)
    os_app_suspend                           0x08002ef1   Thumb Code    48  eos.o(i.os_app_suspend)
    os_app_system_core_process               0x08002f25   Thumb Code    18  eos.o(i.os_app_system_core_process)
    os_char_in_string_position_get           0x08002f37   Thumb Code    22  eos_plugin_shell.o(i.os_char_in_string_position_get)
    os_cmd_enter                             0x08002f4d   Thumb Code    14  eos_plugin_shell.o(i.os_cmd_enter)
    os_cmd_enter_tips                        0x08002f65   Thumb Code    20  eos_plugin_shell.o(i.os_cmd_enter_tips)
    os_cmd_exit                              0x08002f85   Thumb Code    14  eos_plugin_shell.o(i.os_cmd_exit)
    os_cmd_exit_tips                         0x08002f9d   Thumb Code    20  eos_plugin_shell.o(i.os_cmd_exit_tips)
    os_cpu_occrate_calculation_process       0x08002fbd   Thumb Code    92  eos_plugin_shell.o(i.os_cpu_occrate_calculation_process)
    os_debug_print_disable                   0x08003025   Thumb Code     8  eos.o(i.os_debug_print_disable)
    os_debug_print_enable                    0x08003031   Thumb Code     8  eos.o(i.os_debug_print_enable)
    os_dwg_feed                              0x0800303d   Thumb Code     2  eos.o(i.os_dwg_feed)
    os_hard_reset                            0x08003041   Thumb Code    36  eos_plugin_shell.o(i.os_hard_reset)
    os_hard_reset_tips                       0x0800306d   Thumb Code    20  eos_plugin_shell.o(i.os_hard_reset_tips)
    os_idle_handler_hook                     0x0800309d   Thumb Code     2  eos.o(i.os_idle_handler_hook)
    os_information_process                   0x080030a1   Thumb Code   440  eos_plugin_shell.o(i.os_information_process)
    os_init                                  0x080032c5   Thumb Code    92  eos.o(i.os_init)
    os_lock                                  0x0800332d   Thumb Code    10  eos.o(i.os_lock)
    os_main                                  0x0800333d   Thumb Code    72  eos_main.o(i.os_main)
    os_off                                   0x080033a9   Thumb Code    52  eos_plugin_shell.o(i.os_off)
    os_off_tips                              0x080033e5   Thumb Code    20  eos_plugin_shell.o(i.os_off_tips)
    os_on                                    0x08003415   Thumb Code    68  eos_plugin_shell.o(i.os_on)
    os_on_tips                               0x08003469   Thumb Code    20  eos_plugin_shell.o(i.os_on_tips)
    os_sched_and_switch                      0x0800349d   Thumb Code    34  eos.o(i.os_sched_and_switch)
    os_sched_and_switch_force                0x080034c9   Thumb Code    24  eos.o(i.os_sched_and_switch_force)
    os_scheduler                             0x080034e5   Thumb Code    40  eos.o(i.os_scheduler)
    os_shell_compare                         0x08003519   Thumb Code    28  eos_plugin_shell.o(i.os_shell_compare)
    os_shell_compare_dig                     0x08003539   Thumb Code    58  eos_plugin_shell.o(i.os_shell_compare_dig)
    os_shell_compares                        0x08003579   Thumb Code    28  eos_plugin_shell.o(i.os_shell_compares)
    os_shell_cpu_occrate_counter_process     0x08003599   Thumb Code    78  eos_plugin_shell.o(i.os_shell_cpu_occrate_counter_process)
    os_shell_dig_grab                        0x080035f9   Thumb Code    64  eos_plugin_shell.o(i.os_shell_dig_grab)
    os_shell_handle_process                  0x0800363d   Thumb Code  1500  eos_plugin_shell.o(i.os_shell_handle_process)
    os_shell_input                           0x08003c1d   Thumb Code   162  eos_plugin_shell.o(i.os_shell_input)
    os_shell_run_time_counter_process        0x08003ce1   Thumb Code   294  eos_plugin_shell.o(i.os_shell_run_time_counter_process)
    os_shell_rx_buff_clean                   0x08003e55   Thumb Code    10  eos_plugin_shell.o(i.os_shell_rx_buff_clean)
    os_shell_string_len_get                  0x08003e65   Thumb Code    18  eos_plugin_shell.o(i.os_shell_string_len_get)
    os_shell_string_move                     0x08003e77   Thumb Code    58  eos_plugin_shell.o(i.os_shell_string_move)
    os_shell_uint_get                        0x08003eb1   Thumb Code    22  eos_plugin_shell.o(i.os_shell_uint_get)
    os_shutdown_cancel_tips                  0x08003ecd   Thumb Code    38  eos_plugin_shell.o(i.os_shutdown_cancel_tips)
    os_shutdown_delaytime_add_ymdhms         0x08003f1d   Thumb Code    46  eos_plugin_shell.o(i.os_shutdown_delaytime_add_ymdhms)
    os_shutdown_delaytime_set_ymdhms         0x08003f51   Thumb Code    22  eos_plugin_shell.o(i.os_shutdown_delaytime_set_ymdhms)
    os_shutdown_tips                         0x08003f6d   Thumb Code    38  eos_plugin_shell.o(i.os_shutdown_tips)
    os_startup                               0x08003fbd   Thumb Code    34  eos.o(i.os_startup)
    os_stk_calculation_process               0x08003fe1   Thumb Code    66  eos_plugin_shell.o(i.os_stk_calculation_process)
    os_systick_handler_hook                  0x0800402d   Thumb Code    42  eos_plugin_shell.o(i.os_systick_handler_hook)
    os_timer_count_interrupt_set             0x0800405d   Thumb Code    10  eos.o(i.os_timer_count_interrupt_set)
    os_timer_handler                         0x0800406d   Thumb Code    36  eos.o(i.os_timer_handler)
    os_timer_reload_set                      0x08004095   Thumb Code    32  eos.o(i.os_timer_reload_set)
    os_unlock                                0x080040b9   Thumb Code    10  eos.o(i.os_unlock)
    os_user_init                             0x080040c9   Thumb Code    66  eos_main.o(i.os_user_init)
    string_float_convert                     0x0800412d   Thumb Code   282  eos_plugin_shell.o(i.string_float_convert)
    string_hex32_convert                     0x08004259   Thumb Code   150  eos_plugin_shell.o(i.string_hex32_convert)
    string_hex_convert                       0x080042ef   Thumb Code   134  eos_plugin_shell.o(i.string_hex_convert)
    string_int_convert                       0x08004375   Thumb Code   108  eos_plugin_shell.o(i.string_int_convert)
    string_uint_convert                      0x080043e1   Thumb Code    82  eos_plugin_shell.o(i.string_uint_convert)
    uart_init                                0x08004435   Thumb Code    44  usart.o(i.uart_init)
    user_cmd_add                             0x0800446d   Thumb Code    62  eos_plugin_shell.o(i.user_cmd_add)
    _get_lc_numeric                          0x080044e5   Thumb Code    44  lc_numeric_c.o(locale$$code)
    __aeabi_dneg                             0x08004511   Thumb Code     0  basic.o(x$fpl$basic)
    _dneg                                    0x08004511   Thumb Code     6  basic.o(x$fpl$basic)
    __aeabi_fneg                             0x08004517   Thumb Code     0  basic.o(x$fpl$basic)
    _fneg                                    0x08004517   Thumb Code     6  basic.o(x$fpl$basic)
    _dabs                                    0x0800451d   Thumb Code     6  basic.o(x$fpl$basic)
    _fabs                                    0x08004523   Thumb Code     6  basic.o(x$fpl$basic)
    __aeabi_dadd                             0x08004529   Thumb Code     0  daddsub_clz.o(x$fpl$dadd)
    _dadd                                    0x08004529   Thumb Code   332  daddsub_clz.o(x$fpl$dadd)
    __aeabi_ddiv                             0x08004679   Thumb Code     0  ddiv.o(x$fpl$ddiv)
    _ddiv                                    0x08004679   Thumb Code   552  ddiv.o(x$fpl$ddiv)
    __aeabi_d2uiz                            0x08004929   Thumb Code     0  dfixu.o(x$fpl$dfixu)
    _dfixu                                   0x08004929   Thumb Code    90  dfixu.o(x$fpl$dfixu)
    __aeabi_i2d                              0x08004983   Thumb Code     0  dflt_clz.o(x$fpl$dflt)
    _dflt                                    0x08004983   Thumb Code    46  dflt_clz.o(x$fpl$dflt)
    __aeabi_ui2d                             0x080049b1   Thumb Code     0  dflt_clz.o(x$fpl$dfltu)
    _dfltu                                   0x080049b1   Thumb Code    38  dflt_clz.o(x$fpl$dfltu)
    __aeabi_dmul                             0x080049d9   Thumb Code     0  dmul.o(x$fpl$dmul)
    _dmul                                    0x080049d9   Thumb Code   332  dmul.o(x$fpl$dmul)
    __fpl_dnaninf                            0x08004b2d   Thumb Code   156  dnaninf.o(x$fpl$dnaninf)
    __fpl_dretinf                            0x08004bc9   Thumb Code    12  dretinf.o(x$fpl$dretinf)
    __aeabi_dsub                             0x08004bd5   Thumb Code     0  daddsub_clz.o(x$fpl$dsub)
    _dsub                                    0x08004bd5   Thumb Code   464  daddsub_clz.o(x$fpl$dsub)
    _fp_init                                 0x08004da9   Thumb Code    10  fpinit.o(x$fpl$fpinit)
    __fplib_config_fpu_vfp                   0x08004db1   Thumb Code     0  fpinit.o(x$fpl$fpinit)
    __fplib_config_pureend_doubles           0x08004db1   Thumb Code     0  fpinit.o(x$fpl$fpinit)
    _printf_fp_dec                           0x08004db3   Thumb Code     4  printf1.o(x$fpl$printf1)
    AHBPrescTable                            0x08004db6   Data          16  system_stm32f4xx.o(.constdata)
    __I$use$fp                               0x08004db6   Number         0  usenofp.o(x$fpl$usenofp)
    APBPrescTable                            0x08004dc6   Data           8  system_stm32f4xx.o(.constdata)
    cmd_exit                                 0x08004dce   Data           5  eos_plugin_shell.o(.constdata)
    cmd_user_load                            0x08004dd3   Data           5  eos_plugin_shell.o(.constdata)
    cmd_enter                                0x08004dd8   Data           6  eos_plugin_shell.o(.constdata)
    cmd_reboot                               0x08004dde   Data           7  eos_plugin_shell.o(.constdata)
    cmd_user_unload                          0x08004de5   Data           7  eos_plugin_shell.o(.constdata)
    cmd_access                               0x08004dec   Data           7  eos_plugin_shell.o(.constdata)
    cmd_startup                              0x08004df3   Data           8  eos_plugin_shell.o(.constdata)
    cmd_osinformation                        0x08004dfb   Data          12  eos_plugin_shell.o(.constdata)
    cmd_shutdown_r_now                       0x08004e07   Data          15  eos_plugin_shell.o(.constdata)
    cmd_shutdown_h_now                       0x08004e16   Data          15  eos_plugin_shell.o(.constdata)
    cmd_shutdown_hd                          0x08004e25   Data          15  eos_plugin_shell.o(.constdata)
    cmd_shutdown_hh                          0x08004e34   Data          15  eos_plugin_shell.o(.constdata)
    cmd_shutdown_hm                          0x08004e43   Data          15  eos_plugin_shell.o(.constdata)
    cmd_shutdown_hs                          0x08004e52   Data          15  eos_plugin_shell.o(.constdata)
    cmd_shutdown_ht                          0x08004e61   Data          30  eos_plugin_shell.o(.constdata)
    cmd_shutdown_c                           0x08004e7f   Data          11  eos_plugin_shell.o(.constdata)
    cmd_shutdown_j                           0x08004e8a   Data          11  eos_plugin_shell.o(.constdata)
    cmd_system_iap                           0x08004e95   Data          11  eos_plugin_shell.o(.constdata)
    cmd_system_rap                           0x08004ea0   Data          11  eos_plugin_shell.o(.constdata)
    Region$$Table$$Base                      0x08005284   Number         0  anon$$obj.o(Region$$Table)
    Region$$Table$$Limit                     0x080052a4   Number         0  anon$$obj.o(Region$$Table)
    SystemCoreClock                          0x20000000   Data           4  system_stm32f4xx.o(.data)
    uwTickFreq                               0x20000004   Data           1  stm32f4xx_hal.o(.data)
    uwTickPrio                               0x20000008   Data           4  stm32f4xx_hal.o(.data)
    uwTick                                   0x2000000c   Data           4  stm32f4xx_hal.o(.data)
    __stdout                                 0x20000010   Data           4  usart.o(.data)
    aRxBuffer                                0x20000014   Data           1  usart.o(.data)
    os_stack_info                            0x20000018   Data           4  eos.o(.data)
    os_acb_cur                               0x2000001c   Data           4  eos.o(.data)
    os_acb_rdy                               0x20000020   Data           4  eos.o(.data)
    BIT_MAP                                  0x20000024   Data          16  eos.o(.data)
    user01                                   0x20000034   Data          13  eos_plugin_shell.o(.data)
    user02                                   0x20000041   Data          12  eos_plugin_shell.o(.data)
    UART1_Handler                            0x20000050   Data          64  usart.o(.bss)
    OS_STACK                                 0x20000090   Data        4096  eos.o(.bss)
    os_acb_list                              0x20001090   Data         360  eos.o(.bss)
    os_sys                                   0x200011f8   Data          32  eos.o(.bss)
    APP_IDLE_STK                             0x20001218   Data         512  eos.o(.bss)
    APP_CORE_STK                             0x20001418   Data        1024  eos.o(.bss)
    os_timer                                 0x20001818   Data          16  eos.o(.bss)
    os_shell_cmd                             0x20001828   Data        1200  eos_plugin_shell.o(.bss)
    os_shell_time                            0x20001cd8   Data          20  eos_plugin_shell.o(.bss)
    os_shell_data                            0x20001cec   Data         112  eos_plugin_shell.o(.bss)
    secure_param                             0x20001d5c   Data          24  eos_plugin_shell.o(.bss)
    APP_SHELL_STK                            0x20001d78   Data        1024  eos_plugin_shell.o(.bss)
    __libspace_start                         0x20002178   Data          96  libspace.o(.bss)
    __temporary_stack_top$libspace           0x200021d8   Data           0  libspace.o(.bss)



==============================================================================

Memory Map of the image

  Image Entry point : 0x08000189

  Load Region LR_IROM1 (Base: 0x08000000, Size: 0x00005310, Max: 0x00080000, ABSOLUTE)

    Execution Region ER_IROM1 (Exec base: 0x08000000, Load base: 0x08000000, Size: 0x000052c0, Max: 0x00080000, ABSOLUTE)

    Exec Addr    Load Addr    Size         Type   Attr      Idx    E Section Name        Object

    0x08000000   0x08000000   0x00000188   Data   RO          454    RESET               startup_stm32f407xx.o
    0x08000188   0x08000188   0x00000008   Code   RO         2839  * !!!main             c_w.l(__main.o)
    0x08000190   0x08000190   0x00000034   Code   RO         3095    !!!scatter          c_w.l(__scatter.o)
    0x080001c4   0x080001c4   0x0000001a   Code   RO         3097    !!handler_copy      c_w.l(__scatter_copy.o)
    0x080001de   0x080001de   0x00000002   PAD
    0x080001e0   0x080001e0   0x0000001c   Code   RO         3099    !!handler_zi        c_w.l(__scatter_zi.o)
    0x080001fc   0x080001fc   0x00000000   Code   RO         2820    .ARM.Collect$$_printf_percent$$00000000  c_w.l(_printf_percent.o)
    0x080001fc   0x080001fc   0x00000006   Code   RO         2819    .ARM.Collect$$_printf_percent$$00000003  c_w.l(_printf_f.o)
    0x08000202   0x08000202   0x00000006   Code   RO         2818    .ARM.Collect$$_printf_percent$$00000009  c_w.l(_printf_d.o)
    0x08000208   0x08000208   0x00000006   Code   RO         2817    .ARM.Collect$$_printf_percent$$00000014  c_w.l(_printf_s.o)
    0x0800020e   0x0800020e   0x00000004   Code   RO         2882    .ARM.Collect$$_printf_percent$$00000017  c_w.l(_printf_percent_end.o)
    0x08000212   0x08000212   0x00000002   Code   RO         2970    .ARM.Collect$$libinit$$00000000  c_w.l(libinit.o)
    0x08000214   0x08000214   0x00000004   Code   RO         2971    .ARM.Collect$$libinit$$00000001  c_w.l(libinit2.o)
    0x08000218   0x08000218   0x00000000   Code   RO         2974    .ARM.Collect$$libinit$$00000004  c_w.l(libinit2.o)
    0x08000218   0x08000218   0x00000000   Code   RO         2977    .ARM.Collect$$libinit$$0000000A  c_w.l(libinit2.o)
    0x08000218   0x08000218   0x00000000   Code   RO         2979    .ARM.Collect$$libinit$$0000000C  c_w.l(libinit2.o)
    0x08000218   0x08000218   0x00000000   Code   RO         2981    .ARM.Collect$$libinit$$0000000E  c_w.l(libinit2.o)
    0x08000218   0x08000218   0x00000006   Code   RO         2982    .ARM.Collect$$libinit$$0000000F  c_w.l(libinit2.o)
    0x0800021e   0x0800021e   0x00000000   Code   RO         2984    .ARM.Collect$$libinit$$00000011  c_w.l(libinit2.o)
    0x0800021e   0x0800021e   0x00000000   Code   RO         2986    .ARM.Collect$$libinit$$00000013  c_w.l(libinit2.o)
    0x0800021e   0x0800021e   0x00000000   Code   RO         2988    .ARM.Collect$$libinit$$00000015  c_w.l(libinit2.o)
    0x0800021e   0x0800021e   0x0000000a   Code   RO         2989    .ARM.Collect$$libinit$$00000016  c_w.l(libinit2.o)
    0x08000228   0x08000228   0x00000000   Code   RO         2990    .ARM.Collect$$libinit$$00000017  c_w.l(libinit2.o)
    0x08000228   0x08000228   0x00000000   Code   RO         2992    .ARM.Collect$$libinit$$00000019  c_w.l(libinit2.o)
    0x08000228   0x08000228   0x00000000   Code   RO         2994    .ARM.Collect$$libinit$$0000001B  c_w.l(libinit2.o)
    0x08000228   0x08000228   0x00000000   Code   RO         2996    .ARM.Collect$$libinit$$0000001D  c_w.l(libinit2.o)
    0x08000228   0x08000228   0x00000000   Code   RO         2998    .ARM.Collect$$libinit$$0000001F  c_w.l(libinit2.o)
    0x08000228   0x08000228   0x00000000   Code   RO         3000    .ARM.Collect$$libinit$$00000021  c_w.l(libinit2.o)
    0x08000228   0x08000228   0x00000000   Code   RO         3002    .ARM.Collect$$libinit$$00000023  c_w.l(libinit2.o)
    0x08000228   0x08000228   0x00000000   Code   RO         3004    .ARM.Collect$$libinit$$00000025  c_w.l(libinit2.o)
    0x08000228   0x08000228   0x00000000   Code   RO         3008    .ARM.Collect$$libinit$$0000002C  c_w.l(libinit2.o)
    0x08000228   0x08000228   0x00000000   Code   RO         3010    .ARM.Collect$$libinit$$0000002E  c_w.l(libinit2.o)
    0x08000228   0x08000228   0x00000000   Code   RO         3012    .ARM.Collect$$libinit$$00000030  c_w.l(libinit2.o)
    0x08000228   0x08000228   0x00000000   Code   RO         3014    .ARM.Collect$$libinit$$00000032  c_w.l(libinit2.o)
    0x08000228   0x08000228   0x00000002   Code   RO         3015    .ARM.Collect$$libinit$$00000033  c_w.l(libinit2.o)
    0x0800022a   0x0800022a   0x00000002   Code   RO         3057    .ARM.Collect$$libshutdown$$00000000  c_w.l(libshutdown.o)
    0x0800022c   0x0800022c   0x00000000   Code   RO         3076    .ARM.Collect$$libshutdown$$00000002  c_w.l(libshutdown2.o)
    0x0800022c   0x0800022c   0x00000000   Code   RO         3078    .ARM.Collect$$libshutdown$$00000004  c_w.l(libshutdown2.o)
    0x0800022c   0x0800022c   0x00000000   Code   RO         3080    .ARM.Collect$$libshutdown$$00000006  c_w.l(libshutdown2.o)
    0x0800022c   0x0800022c   0x00000000   Code   RO         3083    .ARM.Collect$$libshutdown$$00000009  c_w.l(libshutdown2.o)
    0x0800022c   0x0800022c   0x00000000   Code   RO         3086    .ARM.Collect$$libshutdown$$0000000C  c_w.l(libshutdown2.o)
    0x0800022c   0x0800022c   0x00000000   Code   RO         3088    .ARM.Collect$$libshutdown$$0000000E  c_w.l(libshutdown2.o)
    0x0800022c   0x0800022c   0x00000000   Code   RO         3091    .ARM.Collect$$libshutdown$$00000011  c_w.l(libshutdown2.o)
    0x0800022c   0x0800022c   0x00000002   Code   RO         3092    .ARM.Collect$$libshutdown$$00000012  c_w.l(libshutdown2.o)
    0x0800022e   0x0800022e   0x00000000   Code   RO         2869    .ARM.Collect$$rtentry$$00000000  c_w.l(__rtentry.o)
    0x0800022e   0x0800022e   0x00000000   Code   RO         2889    .ARM.Collect$$rtentry$$00000002  c_w.l(__rtentry2.o)
    0x0800022e   0x0800022e   0x00000006   Code   RO         2901    .ARM.Collect$$rtentry$$00000004  c_w.l(__rtentry4.o)
    0x08000234   0x08000234   0x00000000   Code   RO         2891    .ARM.Collect$$rtentry$$00000009  c_w.l(__rtentry2.o)
    0x08000234   0x08000234   0x00000004   Code   RO         2892    .ARM.Collect$$rtentry$$0000000A  c_w.l(__rtentry2.o)
    0x08000238   0x08000238   0x00000000   Code   RO         2894    .ARM.Collect$$rtentry$$0000000C  c_w.l(__rtentry2.o)
    0x08000238   0x08000238   0x00000008   Code   RO         2895    .ARM.Collect$$rtentry$$0000000D  c_w.l(__rtentry2.o)
    0x08000240   0x08000240   0x00000002   Code   RO         3016    .ARM.Collect$$rtexit$$00000000  c_w.l(rtexit.o)
    0x08000242   0x08000242   0x00000000   Code   RO         3029    .ARM.Collect$$rtexit$$00000002  c_w.l(rtexit2.o)
    0x08000242   0x08000242   0x00000004   Code   RO         3030    .ARM.Collect$$rtexit$$00000003  c_w.l(rtexit2.o)
    0x08000246   0x08000246   0x00000006   Code   RO         3031    .ARM.Collect$$rtexit$$00000004  c_w.l(rtexit2.o)
    0x0800024c   0x0800024c   0x00000040   Code   RO          455    .text               startup_stm32f407xx.o
    0x0800028c   0x0800028c   0x00000060   Code   RO         2384    .text               eos_port1.o
    0x080002ec   0x080002ec   0x00000002   Code   RO         2781    .text               c_w.l(use_no_semi_2.o)
    0x080002ee   0x080002ee   0x000000ee   Code   RO         2783    .text               c_w.l(lludivv7m.o)
    0x080003dc   0x080003dc   0x00000018   Code   RO         2787    .text               c_w.l(noretval__2printf.o)
    0x080003f4   0x080003f4   0x0000004e   Code   RO         2791    .text               c_w.l(_printf_pad.o)
    0x08000442   0x08000442   0x00000052   Code   RO         2793    .text               c_w.l(_printf_str.o)
    0x08000494   0x08000494   0x00000078   Code   RO         2795    .text               c_w.l(_printf_dec.o)
    0x0800050c   0x0800050c   0x00000138   Code   RO         2809    .text               c_w.l(__printf_flags_wp.o)
    0x08000644   0x08000644   0x00000024   Code   RO         2821    .text               c_w.l(strstr.o)
    0x08000668   0x08000668   0x00000048   Code   RO         2823    .text               c_w.l(strcpy.o)
    0x080006b0   0x080006b0   0x0000003e   Code   RO         2825    .text               c_w.l(strlen.o)
    0x080006ee   0x080006ee   0x00000096   Code   RO         2827    .text               c_w.l(strncmp.o)
    0x08000784   0x08000784   0x0000004e   Code   RO         2833    .text               c_w.l(rt_memclr_w.o)
    0x080007d2   0x080007d2   0x00000002   PAD
    0x080007d4   0x080007d4   0x00000080   Code   RO         2835    .text               c_w.l(strcmpv7m.o)
    0x08000854   0x08000854   0x00000006   Code   RO         2837    .text               c_w.l(heapauxi.o)
    0x0800085a   0x0800085a   0x00000002   Code   RO         2867    .text               c_w.l(use_no_semi.o)
    0x0800085c   0x0800085c   0x000000b2   Code   RO         2874    .text               c_w.l(_printf_intcommon.o)
    0x0800090e   0x0800090e   0x0000041e   Code   RO         2876    .text               c_w.l(_printf_fp_dec.o)
    0x08000d2c   0x08000d2c   0x0000002c   Code   RO         2878    .text               c_w.l(_printf_char.o)
    0x08000d58   0x08000d58   0x00000024   Code   RO         2880    .text               c_w.l(_printf_char_file.o)
    0x08000d7c   0x08000d7c   0x00000008   Code   RO         2908    .text               c_w.l(rt_locale_intlibspace.o)
    0x08000d84   0x08000d84   0x0000008a   Code   RO         2910    .text               c_w.l(lludiv10.o)
    0x08000e0e   0x08000e0e   0x00000002   PAD
    0x08000e10   0x08000e10   0x00000030   Code   RO         2912    .text               c_w.l(_printf_char_common.o)
    0x08000e40   0x08000e40   0x00000080   Code   RO         2914    .text               c_w.l(_printf_fp_infnan.o)
    0x08000ec0   0x08000ec0   0x000000e4   Code   RO         2916    .text               c_w.l(bigflt0.o)
    0x08000fa4   0x08000fa4   0x00000008   Code   RO         2941    .text               c_w.l(ferror.o)
    0x08000fac   0x08000fac   0x00000008   Code   RO         2952    .text               c_w.l(libspace.o)
    0x08000fb4   0x08000fb4   0x0000004a   Code   RO         2955    .text               c_w.l(sys_stackheap_outer.o)
    0x08000ffe   0x08000ffe   0x00000012   Code   RO         2959    .text               c_w.l(exit.o)
    0x08001010   0x08001010   0x0000003e   Code   RO         2919    CL$$btod_d2e        c_w.l(btod.o)
    0x0800104e   0x0800104e   0x00000046   Code   RO         2921    CL$$btod_d2e_denorm_low  c_w.l(btod.o)
    0x08001094   0x08001094   0x00000060   Code   RO         2920    CL$$btod_d2e_norm_op1  c_w.l(btod.o)
    0x080010f4   0x080010f4   0x00000338   Code   RO         2929    CL$$btod_div_common  c_w.l(btod.o)
    0x0800142c   0x0800142c   0x000000dc   Code   RO         2926    CL$$btod_e2e        c_w.l(btod.o)
    0x08001508   0x08001508   0x0000002a   Code   RO         2923    CL$$btod_ediv       c_w.l(btod.o)
    0x08001532   0x08001532   0x0000002a   Code   RO         2922    CL$$btod_emul       c_w.l(btod.o)
    0x0800155c   0x0800155c   0x00000244   Code   RO         2928    CL$$btod_mult_common  c_w.l(btod.o)
    0x080017a0   0x080017a0   0x00000018   Code   RO         2390    i.API_os_sched_pulse  eos_port2.o
    0x080017b8   0x080017b8   0x0000000c   Code   RO         2391    i.API_os_svc_init   eos_port2.o
    0x080017c4   0x080017c4   0x00000134   Code   RO         2037    i.API_os_systick_handler  eos.o
    0x080018f8   0x080018f8   0x0000002c   Code   RO         2393    i.API_os_systick_init  eos_port2.o
    0x08001924   0x08001924   0x0000000e   Code   RO         2395    i.API_os_systick_irq_on  eos_port2.o
    0x08001932   0x08001932   0x00000002   Code   RO          239    i.BusFault_Handler  stm32f4xx_it.o
    0x08001934   0x08001934   0x00000002   Code   RO          240    i.DebugMon_Handler  stm32f4xx_it.o
    0x08001936   0x08001936   0x00000024   Code   RO         1767    i.HAL_DMA_Abort_IT  stm32f4xx_hal_dma.o
    0x0800195a   0x0800195a   0x00000002   PAD
    0x0800195c   0x0800195c   0x000001c0   Code   RO          783    i.HAL_GPIO_Init     stm32f4xx_hal_gpio.o
    0x08001b1c   0x08001b1c   0x0000000a   Code   RO          787    i.HAL_GPIO_WritePin  stm32f4xx_hal_gpio.o
    0x08001b26   0x08001b26   0x00000002   PAD
    0x08001b28   0x08001b28   0x0000000c   Code   RO          474    i.HAL_GetREVID      stm32f4xx_hal.o
    0x08001b34   0x08001b34   0x0000000c   Code   RO          475    i.HAL_GetTick       stm32f4xx_hal.o
    0x08001b40   0x08001b40   0x00000010   Code   RO          481    i.HAL_IncTick       stm32f4xx_hal.o
    0x08001b50   0x08001b50   0x0000002c   Code   RO          482    i.HAL_Init          stm32f4xx_hal.o
    0x08001b7c   0x08001b7c   0x00000040   Code   RO          483    i.HAL_InitTick      stm32f4xx_hal.o
    0x08001bbc   0x08001bbc   0x00000002   Code   RO          426    i.HAL_MspInit       stm32f4xx_hal_msp.o
    0x08001bbe   0x08001bbe   0x0000001a   Code   RO          650    i.HAL_NVIC_EnableIRQ  stm32f4xx_hal_cortex.o
    0x08001bd8   0x08001bd8   0x00000040   Code   RO          656    i.HAL_NVIC_SetPriority  stm32f4xx_hal_cortex.o
    0x08001c18   0x08001c18   0x00000024   Code   RO          657    i.HAL_NVIC_SetPriorityGrouping  stm32f4xx_hal_cortex.o
    0x08001c3c   0x08001c3c   0x00000130   Code   RO         1021    i.HAL_RCC_ClockConfig  stm32f4xx_hal_rcc.o
    0x08001d6c   0x08001d6c   0x00000020   Code   RO         1028    i.HAL_RCC_GetPCLK1Freq  stm32f4xx_hal_rcc.o
    0x08001d8c   0x08001d8c   0x00000020   Code   RO         1029    i.HAL_RCC_GetPCLK2Freq  stm32f4xx_hal_rcc.o
    0x08001dac   0x08001dac   0x00000060   Code   RO         1030    i.HAL_RCC_GetSysClockFreq  stm32f4xx_hal_rcc.o
    0x08001e0c   0x08001e0c   0x00000314   Code   RO         1033    i.HAL_RCC_OscConfig  stm32f4xx_hal_rcc.o
    0x08002120   0x08002120   0x00000028   Code   RO          661    i.HAL_SYSTICK_Config  stm32f4xx_hal_cortex.o
    0x08002148   0x08002148   0x00000002   Code   RO         1197    i.HAL_UART_ErrorCallback  stm32f4xx_hal_uart.o
    0x0800214a   0x0800214a   0x00000002   PAD
    0x0800214c   0x0800214c   0x00000110   Code   RO         1200    i.HAL_UART_IRQHandler  stm32f4xx_hal_uart.o
    0x0800225c   0x0800225c   0x00000062   Code   RO         1201    i.HAL_UART_Init     stm32f4xx_hal_uart.o
    0x080022be   0x080022be   0x00000002   PAD
    0x080022c0   0x080022c0   0x0000007c   Code   RO         1938    i.HAL_UART_MspInit  usart.o
    0x0800233c   0x0800233c   0x00000052   Code   RO         1206    i.HAL_UART_Receive_IT  stm32f4xx_hal_uart.o
    0x0800238e   0x0800238e   0x00000002   PAD
    0x08002390   0x08002390   0x0000002c   Code   RO         1939    i.HAL_UART_RxCpltCallback  usart.o
    0x080023bc   0x080023bc   0x00000002   Code   RO         1212    i.HAL_UART_TxCpltCallback  stm32f4xx_hal_uart.o
    0x080023be   0x080023be   0x00000002   PAD
    0x080023c0   0x080023c0   0x00000040   Code   RO         2474    i.HardFault_Handler  eos_plugin_shell.o
    0x08002400   0x08002400   0x00000050   Code   RO         2010    i.LED_Init          led.o
    0x08002450   0x08002450   0x00000002   Code   RO          241    i.MemManage_Handler  stm32f4xx_it.o
    0x08002452   0x08002452   0x00000002   Code   RO          242    i.NMI_Handler       stm32f4xx_it.o
    0x08002454   0x08002454   0x00000002   Code   RO          243    i.SVC_Handler       stm32f4xx_it.o
    0x08002456   0x08002456   0x00000002   PAD
    0x08002458   0x08002458   0x00000094   Code   RO         1911    i.Stm32_Clock_Init  sys.o
    0x080024ec   0x080024ec   0x00000004   Code   RO         2400    i.SysTick_Handler   eos_port2.o
    0x080024f0   0x080024f0   0x00000054   Code   RO          300    i.SystemInit        system_stm32f4xx.o
    0x08002544   0x08002544   0x00000010   Code   RO         1214    i.UART_DMAAbortOnError  stm32f4xx_hal_uart.o
    0x08002554   0x08002554   0x0000001c   Code   RO         1224    i.UART_EndRxTransfer  stm32f4xx_hal_uart.o
    0x08002570   0x08002570   0x00000096   Code   RO         1226    i.UART_Receive_IT   stm32f4xx_hal_uart.o
    0x08002606   0x08002606   0x00000002   PAD
    0x08002608   0x08002608   0x000002ac   Code   RO         1227    i.UART_SetConfig    stm32f4xx_hal_uart.o
    0x080028b4   0x080028b4   0x00000062   Code   RO         1228    i.UART_Transmit_IT  stm32f4xx_hal_uart.o
    0x08002916   0x08002916   0x00000002   PAD
    0x08002918   0x08002918   0x0000000c   Code   RO         1940    i.USART1_IRQHandler  usart.o
    0x08002924   0x08002924   0x00000002   Code   RO          244    i.UsageFault_Handler  stm32f4xx_it.o
    0x08002926   0x08002926   0x00000030   Code   RO         2950    i.__ARM_fpclassify  m_wm.l(fpclassify.o)
    0x08002956   0x08002956   0x00000020   Code   RO          663    i.__NVIC_SetPriority  stm32f4xx_hal_cortex.o
    0x08002976   0x08002976   0x0000000e   Code   RO         2807    i._is_digit         c_w.l(__printf_wp.o)
    0x08002984   0x08002984   0x00000002   Code   RO         1941    i._sys_exit         usart.o
    0x08002986   0x08002986   0x00000002   PAD
    0x08002988   0x08002988   0x00000044   Code   RO         2329    i.app_01            eos_main.o
    0x080029cc   0x080029cc   0x00000044   Code   RO         2330    i.app_02            eos_main.o
    0x08002a10   0x08002a10   0x0000000a   Code   RO         2038    i.app_idle          eos.o
    0x08002a1a   0x08002a1a   0x00000002   PAD
    0x08002a1c   0x08002a1c   0x00000048   Code   RO         2331    i.app_led           eos_main.o
    0x08002a64   0x08002a64   0x00000028   Code   RO         2039    i.app_rdy_tbl_reset  eos.o
    0x08002a8c   0x08002a8c   0x00000028   Code   RO         2040    i.app_rdy_tbl_set   eos.o
    0x08002ab4   0x08002ab4   0x00000090   Code   RO         2476    i.app_shell         eos_plugin_shell.o
    0x08002b44   0x08002b44   0x00000010   Code   RO         2042    i.app_system_core   eos.o
    0x08002b54   0x08002b54   0x00000014   Code   RO         1942    i.fputc             usart.o
    0x08002b68   0x08002b68   0x00000004   Code   RO         2332    i.hal_softtimer_handler  eos_main.o
    0x08002b6c   0x08002b6c   0x0000001c   Code   RO            4    i.main              main.o
    0x08002b88   0x08002b88   0x00000084   Code   RO         2045    i.os_app_create     eos.o
    0x08002c0c   0x08002c0c   0x00000060   Code   RO         2046    i.os_app_create_core  eos.o
    0x08002c6c   0x08002c6c   0x00000054   Code   RO         2047    i.os_app_create_idle  eos.o
    0x08002cc0   0x08002cc0   0x0000000e   Code   RO         2049    i.os_app_idle_core_process  eos.o
    0x08002cce   0x08002cce   0x00000002   PAD
    0x08002cd0   0x08002cd0   0x00000024   Code   RO         2050    i.os_app_prio_from_app  eos.o
    0x08002cf4   0x08002cf4   0x00000020   Code   RO         2052    i.os_app_rdy_num_update  eos.o
    0x08002d14   0x08002d14   0x00000054   Code   RO         2054    i.os_app_restart_other  eos.o
    0x08002d68   0x08002d68   0x0000002c   Code   RO         2055    i.os_app_restart_process  eos.o
    0x08002d94   0x08002d94   0x00000030   Code   RO         2056    i.os_app_resume     eos.o
    0x08002dc4   0x08002dc4   0x00000068   Code   RO         2477    i.os_app_shell_create  eos_plugin_shell.o
    0x08002e2c   0x08002e2c   0x0000002c   Code   RO         2058    i.os_app_sleep      eos.o
    0x08002e58   0x08002e58   0x00000074   Code   RO         2060    i.os_app_stack_malloc  eos.o
    0x08002ecc   0x08002ecc   0x00000022   Code   RO         2061    i.os_app_stk_init   eos.o
    0x08002eee   0x08002eee   0x00000002   PAD
    0x08002ef0   0x08002ef0   0x00000034   Code   RO         2062    i.os_app_suspend    eos.o
    0x08002f24   0x08002f24   0x00000012   Code   RO         2063    i.os_app_system_core_process  eos.o
    0x08002f36   0x08002f36   0x00000016   Code   RO         2478    i.os_char_in_string_position_get  eos_plugin_shell.o
    0x08002f4c   0x08002f4c   0x00000018   Code   RO         2479    i.os_cmd_enter      eos_plugin_shell.o
    0x08002f64   0x08002f64   0x00000020   Code   RO         2480    i.os_cmd_enter_tips  eos_plugin_shell.o
    0x08002f84   0x08002f84   0x00000018   Code   RO         2481    i.os_cmd_exit       eos_plugin_shell.o
    0x08002f9c   0x08002f9c   0x00000020   Code   RO         2482    i.os_cmd_exit_tips  eos_plugin_shell.o
    0x08002fbc   0x08002fbc   0x00000068   Code   RO         2483    i.os_cpu_occrate_calculation_process  eos_plugin_shell.o
    0x08003024   0x08003024   0x0000000c   Code   RO         2065    i.os_debug_print_disable  eos.o
    0x08003030   0x08003030   0x0000000c   Code   RO         2066    i.os_debug_print_enable  eos.o
    0x0800303c   0x0800303c   0x00000002   Code   RO         2067    i.os_dwg_feed       eos.o
    0x0800303e   0x0800303e   0x00000002   PAD
    0x08003040   0x08003040   0x0000002c   Code   RO         2484    i.os_hard_reset     eos_plugin_shell.o
    0x0800306c   0x0800306c   0x00000030   Code   RO         2485    i.os_hard_reset_tips  eos_plugin_shell.o
    0x0800309c   0x0800309c   0x00000002   Code   RO         2068    i.os_idle_handler_hook  eos.o
    0x0800309e   0x0800309e   0x00000002   PAD
    0x080030a0   0x080030a0   0x00000224   Code   RO         2486    i.os_information_process  eos_plugin_shell.o
    0x080032c4   0x080032c4   0x00000068   Code   RO         2069    i.os_init           eos.o
    0x0800332c   0x0800332c   0x00000010   Code   RO         2070    i.os_lock           eos.o
    0x0800333c   0x0800333c   0x0000006c   Code   RO         2333    i.os_main           eos_main.o
    0x080033a8   0x080033a8   0x0000003c   Code   RO         2487    i.os_off            eos_plugin_shell.o
    0x080033e4   0x080033e4   0x00000030   Code   RO         2488    i.os_off_tips       eos_plugin_shell.o
    0x08003414   0x08003414   0x00000054   Code   RO         2489    i.os_on             eos_plugin_shell.o
    0x08003468   0x08003468   0x00000034   Code   RO         2490    i.os_on_tips        eos_plugin_shell.o
    0x0800349c   0x0800349c   0x0000002c   Code   RO         2071    i.os_sched_and_switch  eos.o
    0x080034c8   0x080034c8   0x0000001c   Code   RO         2072    i.os_sched_and_switch_force  eos.o
    0x080034e4   0x080034e4   0x00000034   Code   RO         2073    i.os_scheduler      eos.o
    0x08003518   0x08003518   0x00000020   Code   RO         2491    i.os_shell_compare  eos_plugin_shell.o
    0x08003538   0x08003538   0x00000040   Code   RO         2492    i.os_shell_compare_dig  eos_plugin_shell.o
    0x08003578   0x08003578   0x00000020   Code   RO         2493    i.os_shell_compares  eos_plugin_shell.o
    0x08003598   0x08003598   0x00000060   Code   RO         2495    i.os_shell_cpu_occrate_counter_process  eos_plugin_shell.o
    0x080035f8   0x080035f8   0x00000044   Code   RO         2496    i.os_shell_dig_grab  eos_plugin_shell.o
    0x0800363c   0x0800363c   0x000005e0   Code   RO         2498    i.os_shell_handle_process  eos_plugin_shell.o
    0x08003c1c   0x08003c1c   0x000000c4   Code   RO         2501    i.os_shell_input    eos_plugin_shell.o
    0x08003ce0   0x08003ce0   0x00000174   Code   RO         2504    i.os_shell_run_time_counter_process  eos_plugin_shell.o
    0x08003e54   0x08003e54   0x00000010   Code   RO         2505    i.os_shell_rx_buff_clean  eos_plugin_shell.o
    0x08003e64   0x08003e64   0x00000012   Code   RO         2506    i.os_shell_string_len_get  eos_plugin_shell.o
    0x08003e76   0x08003e76   0x0000003a   Code   RO         2507    i.os_shell_string_move  eos_plugin_shell.o
    0x08003eb0   0x08003eb0   0x0000001c   Code   RO         2508    i.os_shell_uint_get  eos_plugin_shell.o
    0x08003ecc   0x08003ecc   0x00000050   Code   RO         2509    i.os_shutdown_cancel_tips  eos_plugin_shell.o
    0x08003f1c   0x08003f1c   0x00000034   Code   RO         2510    i.os_shutdown_delaytime_add_ymdhms  eos_plugin_shell.o
    0x08003f50   0x08003f50   0x0000001c   Code   RO         2511    i.os_shutdown_delaytime_set_ymdhms  eos_plugin_shell.o
    0x08003f6c   0x08003f6c   0x00000050   Code   RO         2512    i.os_shutdown_tips  eos_plugin_shell.o
    0x08003fbc   0x08003fbc   0x00000022   Code   RO         2074    i.os_startup        eos.o
    0x08003fde   0x08003fde   0x00000002   PAD
    0x08003fe0   0x08003fe0   0x0000004c   Code   RO         2513    i.os_stk_calculation_process  eos_plugin_shell.o
    0x0800402c   0x0800402c   0x00000030   Code   RO         2514    i.os_systick_handler_hook  eos_plugin_shell.o
    0x0800405c   0x0800405c   0x00000010   Code   RO         2076    i.os_timer_count_interrupt_set  eos.o
    0x0800406c   0x0800406c   0x00000028   Code   RO         2077    i.os_timer_handler  eos.o
    0x08004094   0x08004094   0x00000024   Code   RO         2079    i.os_timer_reload_set  eos.o
    0x080040b8   0x080040b8   0x00000010   Code   RO         2082    i.os_unlock         eos.o
    0x080040c8   0x080040c8   0x00000064   Code   RO         2334    i.os_user_init      eos_main.o
    0x0800412c   0x0800412c   0x0000012c   Code   RO         2515    i.string_float_convert  eos_plugin_shell.o
    0x08004258   0x08004258   0x00000096   Code   RO         2516    i.string_hex32_convert  eos_plugin_shell.o
    0x080042ee   0x080042ee   0x00000086   Code   RO         2517    i.string_hex_convert  eos_plugin_shell.o
    0x08004374   0x08004374   0x0000006c   Code   RO         2518    i.string_int_convert  eos_plugin_shell.o
    0x080043e0   0x080043e0   0x00000052   Code   RO         2519    i.string_uint_convert  eos_plugin_shell.o
    0x08004432   0x08004432   0x00000002   PAD
    0x08004434   0x08004434   0x00000038   Code   RO         1943    i.uart_init         usart.o
    0x0800446c   0x0800446c   0x00000078   Code   RO         2520    i.user_cmd_add      eos_plugin_shell.o
    0x080044e4   0x080044e4   0x0000002c   Code   RO         2946    locale$$code        c_w.l(lc_numeric_c.o)
    0x08004510   0x08004510   0x00000018   Code   RO         2841    x$fpl$basic         fz_wm.l(basic.o)
    0x08004528   0x08004528   0x00000150   Code   RO         2843    x$fpl$dadd          fz_wm.l(daddsub_clz.o)
    0x08004678   0x08004678   0x000002b0   Code   RO         2850    x$fpl$ddiv          fz_wm.l(ddiv.o)
    0x08004928   0x08004928   0x0000005a   Code   RO         2853    x$fpl$dfixu         fz_wm.l(dfixu.o)
    0x08004982   0x08004982   0x0000002e   Code   RO         2858    x$fpl$dflt          fz_wm.l(dflt_clz.o)
    0x080049b0   0x080049b0   0x00000026   Code   RO         2857    x$fpl$dfltu         fz_wm.l(dflt_clz.o)
    0x080049d6   0x080049d6   0x00000002   PAD
    0x080049d8   0x080049d8   0x00000154   Code   RO         2863    x$fpl$dmul          fz_wm.l(dmul.o)
    0x08004b2c   0x08004b2c   0x0000009c   Code   RO         2883    x$fpl$dnaninf       fz_wm.l(dnaninf.o)
    0x08004bc8   0x08004bc8   0x0000000c   Code   RO         2885    x$fpl$dretinf       fz_wm.l(dretinf.o)
    0x08004bd4   0x08004bd4   0x000001d4   Code   RO         2845    x$fpl$dsub          fz_wm.l(daddsub_clz.o)
    0x08004da8   0x08004da8   0x0000000a   Code   RO         3026    x$fpl$fpinit        fz_wm.l(fpinit.o)
    0x08004db2   0x08004db2   0x00000004   Code   RO         2865    x$fpl$printf1       fz_wm.l(printf1.o)
    0x08004db6   0x08004db6   0x00000000   Code   RO         2887    x$fpl$usenofp       fz_wm.l(usenofp.o)
    0x08004db6   0x08004db6   0x00000010   Data   RO          301    .constdata          system_stm32f4xx.o
    0x08004dc6   0x08004dc6   0x00000008   Data   RO          302    .constdata          system_stm32f4xx.o
    0x08004dce   0x08004dce   0x000000dd   Data   RO         2522    .constdata          eos_plugin_shell.o
    0x08004eab   0x08004eab   0x00000011   Data   RO         2810    .constdata          c_w.l(__printf_flags_wp.o)
    0x08004ebc   0x08004ebc   0x00000094   Data   RO         2917    .constdata          c_w.l(bigflt0.o)
    0x08004f50   0x08004f50   0x00000331   Data   RO         2529    .conststring        eos_plugin_shell.o
    0x08005281   0x08005281   0x00000003   PAD
    0x08005284   0x08005284   0x00000020   Data   RO         3093    Region$$Table       anon$$obj.o
    0x080052a4   0x080052a4   0x0000001c   Data   RO         2945    locale$$data        c_w.l(lc_numeric_c.o)


    Execution Region RW_IRAM2 (Exec base: 0x10000000, Load base: 0x08005310, Size: 0x00000000, Max: 0x00010000, ABSOLUTE)

    **** No section assigned to this execution region ****


    Execution Region RW_IRAM1 (Exec base: 0x20000000, Load base: 0x080052c0, Size: 0x000027d8, Max: 0x00020000, ABSOLUTE)

    Exec Addr    Load Addr    Size         Type   Attr      Idx    E Section Name        Object

    0x20000000   0x080052c0   0x00000004   Data   RW          303    .data               system_stm32f4xx.o
    0x20000004   0x080052c4   0x0000000c   Data   RW          489    .data               stm32f4xx_hal.o
    0x20000010   0x080052d0   0x00000004   Data   RW         1947    .data               usart.o
    0x20000014   0x080052d4   0x00000001   Data   RW         1948    .data               usart.o
    0x20000015   0x080052d5   0x00000003   PAD
    0x20000018   0x080052d8   0x0000001c   Data   RW         2084    .data               eos.o
    0x20000034   0x080052f4   0x00000019   Data   RW         2530    .data               eos_plugin_shell.o
    0x2000004d   0x0800530d   0x00000003   PAD
    0x20000050        -       0x00000040   Zero   RW         1945    .bss                usart.o
    0x20000090        -       0x00001798   Zero   RW         2083    .bss                eos.o
    0x20001828        -       0x00000950   Zero   RW         2521    .bss                eos_plugin_shell.o
    0x20002178        -       0x00000060   Zero   RW         2953    .bss                c_w.l(libspace.o)
    0x200021d8        -       0x00000200   Zero   RW          453    HEAP                startup_stm32f407xx.o
    0x200023d8        -       0x00000400   Zero   RW          452    STACK               startup_stm32f407xx.o


==============================================================================

Image component sizes


      Code (inc. data)   RO Data    RW Data    ZI Data      Debug   Object Name

      1662        260          0         28       6040      23280   eos.o
       420        124          0          0          0       3293   eos_main.o
      5176       1174       1038         25       2384      69253   eos_plugin_shell.o
        96         10          0          0          0        304   eos_port1.o
        98         18          0          0          0       2791   eos_port2.o
        80          8          0          0          0        995   led.o
        28          0          0          0          0     665486   main.o
        64         26        392          0       1536        868   startup_stm32f407xx.o
       148         28          0         12          0       4904   stm32f4xx_hal.o
       198         14          0          0          0      34175   stm32f4xx_hal_cortex.o
        36          0          0          0          0       1335   stm32f4xx_hal_dma.o
       458         46          0          0          0       2720   stm32f4xx_hal_gpio.o
         2          0          0          0          0        506   stm32f4xx_hal_msp.o
      1252         72          0          0          0       5644   stm32f4xx_hal_rcc.o
      1432         14          0          0          0       8427   stm32f4xx_hal_uart.o
        12          0          0          0          0       3023   stm32f4xx_it.o
       148         12          0          0          0       1267   sys.o
        84         18         24          4          0       1267   system_stm32f4xx.o
       258         44          0          5         64       5813   usart.o

    ----------------------------------------------------------------------
     11686       1868       1489         80      10024     835351   Object Totals
         0          0         32          0          0          0   (incl. Generated)
        34          0          3          6          0          0   (incl. Padding)

    ----------------------------------------------------------------------

      Code (inc. data)   RO Data    RW Data    ZI Data      Debug   Library Member Name

         8          0          0          0          0         68   __main.o
       312          4         17          0          0         92   __printf_flags_wp.o
        14          0          0          0          0         68   __printf_wp.o
         0          0          0          0          0          0   __rtentry.o
        12          0          0          0          0          0   __rtentry2.o
         6          0          0          0          0          0   __rtentry4.o
        52          8          0          0          0          0   __scatter.o
        26          0          0          0          0          0   __scatter_copy.o
        28          0          0          0          0          0   __scatter_zi.o
        44          0          0          0          0        108   _printf_char.o
        48          6          0          0          0         96   _printf_char_common.o
        36          4          0          0          0         80   _printf_char_file.o
         6          0          0          0          0          0   _printf_d.o
       120         16          0          0          0         92   _printf_dec.o
         6          0          0          0          0          0   _printf_f.o
      1054          0          0          0          0        216   _printf_fp_dec.o
       128         16          0          0          0         84   _printf_fp_infnan.o
       178          0          0          0          0         88   _printf_intcommon.o
        78          0          0          0          0        108   _printf_pad.o
         0          0          0          0          0          0   _printf_percent.o
         4          0          0          0          0          0   _printf_percent_end.o
         6          0          0          0          0          0   _printf_s.o
        82          0          0          0          0         80   _printf_str.o
       228          4        148          0          0         96   bigflt0.o
      1936        128          0          0          0        672   btod.o
        18          0          0          0          0         80   exit.o
         8          0          0          0          0         68   ferror.o
         6          0          0          0          0        152   heapauxi.o
        44         10         28          0          0         76   lc_numeric_c.o
         2          0          0          0          0          0   libinit.o
        22          0          0          0          0          0   libinit2.o
         2          0          0          0          0          0   libshutdown.o
         2          0          0          0          0          0   libshutdown2.o
         8          4          0          0         96         68   libspace.o
       138          0          0          0          0         80   lludiv10.o
       238          0          0          0          0        100   lludivv7m.o
        24          4          0          0          0         84   noretval__2printf.o
         8          4          0          0          0         68   rt_locale_intlibspace.o
        78          0          0          0          0         80   rt_memclr_w.o
         2          0          0          0          0          0   rtexit.o
        10          0          0          0          0          0   rtexit2.o
       128          0          0          0          0         68   strcmpv7m.o
        72          0          0          0          0         80   strcpy.o
        62          0          0          0          0         76   strlen.o
       150          0          0          0          0         80   strncmp.o
        36          0          0          0          0         80   strstr.o
        74          0          0          0          0         80   sys_stackheap_outer.o
         2          0          0          0          0         68   use_no_semi.o
         2          0          0          0          0         68   use_no_semi_2.o
        24          0          0          0          0        164   basic.o
       804         16          0          0          0        368   daddsub_clz.o
       688        140          0          0          0        256   ddiv.o
        90          4          0          0          0        140   dfixu.o
        84          0          0          0          0        232   dflt_clz.o
       340         12          0          0          0        152   dmul.o
       156          4          0          0          0        140   dnaninf.o
        12          0          0          0          0        116   dretinf.o
        10          0          0          0          0        116   fpinit.o
         4          0          0          0          0        116   printf1.o
         0          0          0          0          0          0   usenofp.o
        48          0          0          0          0        124   fpclassify.o

    ----------------------------------------------------------------------
      7816        384        193          0         96       5328   Library Totals
         8          0          0          0          0          0   (incl. Padding)

    ----------------------------------------------------------------------

      Code (inc. data)   RO Data    RW Data    ZI Data      Debug   Library Name

      5548        208        193          0         96       3404   c_w.l
      2212        176          0          0          0       1800   fz_wm.l
        48          0          0          0          0        124   m_wm.l

    ----------------------------------------------------------------------
      7816        384        193          0         96       5328   Library Totals

    ----------------------------------------------------------------------

==============================================================================


      Code (inc. data)   RO Data    RW Data    ZI Data      Debug   

     19502       2252       1682         80      10120     825407   Grand Totals
     19502       2252       1682         80      10120     825407   ELF Image Totals
     19502       2252       1682         80          0          0   ROM Totals

==============================================================================

    Total RO  Size (Code + RO Data)                21184 (  20.69kB)
    Total RW  Size (RW Data + ZI Data)             10200 (   9.96kB)
    Total ROM Size (Code + RO Data + RW Data)      21264 (  20.77kB)

==============================================================================

